<html>
<body>
<pre>
<h1>µVision Build Log</h1>
<h2>Project:</h2>
D:\DAI_HOC\ARM\ARM Cortex M0\STM32F0_Discovery\stsw-stm32140\STM32F0308-Discovery_FW_V1.0.1\Projects\Peripheral_Examples\TIM_PWM_Output_xt\MDK-ARM\TIM_PWM_Output.uvproj
Project File Date:  05/17/2014

<h2>Output:</h2>
Build target 'TIM_PWM_Output'
linking...
Program Size: Code=1896 RO-data=304 RW-data=56 ZI-data=1080  
".\TIM_PWM_Output\TIM_PWM_Output.axf" - 0 Error(s), 0 Warning(s).
Load "D:\\DAI_HOC\\ARM\\ARM Cortex M0\\STM32F0_Discovery\\stsw-stm32140\\STM32F0308-Discovery_FW_V1.0.1\\Projects\\Peripheral_Examples\\TIM_PWM_Output_xt\\MDK-ARM\\TIM_PWM_Output\\TIM_PWM_Output.axf" 
Full Chip Erase Done.
Programming Done.
Verify OK.
</pre>
</body>
</html>
 RW-data=56 ZI-data=1080  
".\TIM_PWM_Output\TIM_PWM_Output.axf" - 0 Error(s), 0 Warning(s).
Load "D:\\DAI_HOC\\ARM\\ARM Cortex M0\\STM32F0_Discovery\\stsw-stm32140\\STM32F0308-Discovery_FW_V1.0.1\\Projects\\Peripheral_Examples\\TIM_PWM_Output_xt\\MDK-ARM\\TIM_PWM_Output\\TIM_PWM_Output.axf" 
Full Chip Erase Done.
Programming Done.
Verify OK.
