Product: MDK-ARM Professional 5.10
Component: ARM Compiler 5.04 update 1 (build 49)
Tool: armlink [5040049]

==============================================================================

Section Cross References

    startup_stm32f030x8.o(RESET) refers to startup_stm32f030x8.o(STACK) for __initial_sp
    startup_stm32f030x8.o(RESET) refers to startup_stm32f030x8.o(.text) for Reset_Handler
    startup_stm32f030x8.o(RESET) refers to stm32f0xx_it.o(i.NMI_Handler) for NMI_Handler
    startup_stm32f030x8.o(RESET) refers to stm32f0xx_it.o(i.HardFault_Handler) for HardFault_Handler
    startup_stm32f030x8.o(RESET) refers to stm32f0xx_it.o(i.SVC_Handler) for SVC_Handler
    startup_stm32f030x8.o(RESET) refers to stm32f0xx_it.o(i.PendSV_Handler) for PendSV_Handler
    startup_stm32f030x8.o(RESET) refers to stm32f0xx_it.o(i.SysTick_Handler) for SysTick_Handler
    startup_stm32f030x8.o(RESET) refers to stm32f0xx_it.o(i.TIM16_IRQHandler) for TIM16_IRQHandler
    startup_stm32f030x8.o(RESET) refers to stm32f0xx_it.o(i.USART1_IRQHandler) for USART1_IRQHandler
    startup_stm32f030x8.o(.text) refers to system_stm32f0xx.o(i.SystemInit) for SystemInit
    startup_stm32f030x8.o(.text) refers to entry.o(.ARM.Collect$$$$00000000) for __main
    stm32f0308_discovery.o(i.STM_EVAL_LEDInit) refers to stm32f0xx_rcc.o(i.RCC_AHBPeriphClockCmd) for RCC_AHBPeriphClockCmd
    stm32f0308_discovery.o(i.STM_EVAL_LEDInit) refers to stm32f0xx_gpio.o(i.GPIO_Init) for GPIO_Init
    stm32f0308_discovery.o(i.STM_EVAL_LEDInit) refers to stm32f0308_discovery.o(.constdata) for .constdata
    stm32f0308_discovery.o(i.STM_EVAL_LEDInit) refers to stm32f0308_discovery.o(.data) for .data
    stm32f0308_discovery.o(i.STM_EVAL_LEDOff) refers to stm32f0308_discovery.o(.constdata) for .constdata
    stm32f0308_discovery.o(i.STM_EVAL_LEDOff) refers to stm32f0308_discovery.o(.data) for .data
    stm32f0308_discovery.o(i.STM_EVAL_LEDOn) refers to stm32f0308_discovery.o(.constdata) for .constdata
    stm32f0308_discovery.o(i.STM_EVAL_LEDOn) refers to stm32f0308_discovery.o(.data) for .data
    stm32f0308_discovery.o(i.STM_EVAL_LEDToggle) refers to stm32f0308_discovery.o(.data) for .data
    stm32f0308_discovery.o(i.STM_EVAL_LEDToggle) refers to stm32f0308_discovery.o(.constdata) for .constdata
    stm32f0308_discovery.o(i.STM_EVAL_PBGetState) refers to stm32f0xx_gpio.o(i.GPIO_ReadInputDataBit) for GPIO_ReadInputDataBit
    stm32f0308_discovery.o(i.STM_EVAL_PBGetState) refers to stm32f0308_discovery.o(.constdata) for .constdata
    stm32f0308_discovery.o(i.STM_EVAL_PBGetState) refers to stm32f0308_discovery.o(.data) for .data
    stm32f0308_discovery.o(i.STM_EVAL_PBInit) refers to stm32f0xx_rcc.o(i.RCC_AHBPeriphClockCmd) for RCC_AHBPeriphClockCmd
    stm32f0308_discovery.o(i.STM_EVAL_PBInit) refers to stm32f0xx_rcc.o(i.RCC_APB2PeriphClockCmd) for RCC_APB2PeriphClockCmd
    stm32f0308_discovery.o(i.STM_EVAL_PBInit) refers to stm32f0xx_gpio.o(i.GPIO_Init) for GPIO_Init
    stm32f0308_discovery.o(i.STM_EVAL_PBInit) refers to stm32f0xx_syscfg.o(i.SYSCFG_EXTILineConfig) for SYSCFG_EXTILineConfig
    stm32f0308_discovery.o(i.STM_EVAL_PBInit) refers to stm32f0xx_exti.o(i.EXTI_Init) for EXTI_Init
    stm32f0308_discovery.o(i.STM_EVAL_PBInit) refers to stm32f0xx_misc.o(i.NVIC_Init) for NVIC_Init
    stm32f0308_discovery.o(i.STM_EVAL_PBInit) refers to stm32f0308_discovery.o(.constdata) for .constdata
    stm32f0308_discovery.o(i.STM_EVAL_PBInit) refers to stm32f0308_discovery.o(.data) for .data
    stm32f0xx_gpio.o(i.GPIO_DeInit) refers to stm32f0xx_rcc.o(i.RCC_AHBPeriphResetCmd) for RCC_AHBPeriphResetCmd
    stm32f0xx_rcc.o(i.RCC_GetClocksFreq) refers to uidiv.o(.text) for __aeabi_uidivmod
    stm32f0xx_rcc.o(i.RCC_GetClocksFreq) refers to stm32f0xx_rcc.o(.data) for .data
    stm32f0xx_rcc.o(i.RCC_WaitForHSEStartUp) refers to stm32f0xx_rcc.o(i.RCC_GetFlagStatus) for RCC_GetFlagStatus
    stm32f0xx_adc.o(i.ADC_DeInit) refers to stm32f0xx_rcc.o(i.RCC_APB2PeriphResetCmd) for RCC_APB2PeriphResetCmd
    stm32f0xx_tim.o(i.TIM_DeInit) refers to stm32f0xx_rcc.o(i.RCC_APB1PeriphResetCmd) for RCC_APB1PeriphResetCmd
    stm32f0xx_tim.o(i.TIM_DeInit) refers to stm32f0xx_rcc.o(i.RCC_APB2PeriphResetCmd) for RCC_APB2PeriphResetCmd
    stm32f0xx_tim.o(i.TIM_ETRClockMode1Config) refers to stm32f0xx_tim.o(i.TIM_ETRConfig) for TIM_ETRConfig
    stm32f0xx_tim.o(i.TIM_ETRClockMode2Config) refers to stm32f0xx_tim.o(i.TIM_ETRConfig) for TIM_ETRConfig
    stm32f0xx_tim.o(i.TIM_ICInit) refers to stm32f0xx_tim.o(i.TIM_SetIC4Prescaler) for TIM_SetIC4Prescaler
    stm32f0xx_tim.o(i.TIM_ICInit) refers to stm32f0xx_tim.o(i.TI1_Config) for TI1_Config
    stm32f0xx_tim.o(i.TIM_ICInit) refers to stm32f0xx_tim.o(i.TIM_SetIC1Prescaler) for TIM_SetIC1Prescaler
    stm32f0xx_tim.o(i.TIM_ICInit) refers to stm32f0xx_tim.o(i.TI2_Config) for TI2_Config
[...]
    printfa.o(i._printf_core) refers to printfa.o(i._fp_digits) for _fp_digits
    printfa.o(i._printf_core) refers to uidiv.o(.text) for __aeabi_uidivmod
    printfa.o(i._printf_post_padding) refers (Special) to iusefp.o(.text) for __I$use$fp
    printfa.o(i._printf_pre_padding) refers (Special) to iusefp.o(.text) for __I$use$fp
    printfa.o(i._snputc) refers (Special) to iusefp.o(.text) for __I$use$fp
    printfa.o(i._sputc) refers (Special) to iusefp.o(.text) for __I$use$fp
    atoi.o(.text) refers to errno.o(i.__aeabi_errno_addr) for __aeabi_errno_addr
    atoi.o(.text) refers to strtol.o(.text) for strtol
    fadd.o(.text) refers (Special) to iusefp.o(.text) for __I$use$fp
    fadd.o(.text) refers to fepilogue.o(.text) for _float_epilogue
    fmul.o(.text) refers (Special) to iusefp.o(.text) for __I$use$fp
    fdiv.o(.text) refers (Special) to iusefp.o(.text) for __I$use$fp
    fdiv.o(.text) refers to fepilogue.o(.text) for _float_round
    dadd.o(.text) refers (Special) to iusefp.o(.text) for __I$use$fp
    dadd.o(.text) refers to llshl.o(.text) for __aeabi_llsl
    dadd.o(.text) refers to llsshr.o(.text) for __aeabi_lasr
    dadd.o(.text) refers to depilogue.o(.text) for _double_epilogue
    dmul.o(.text) refers (Special) to iusefp.o(.text) for __I$use$fp
    dmul.o(.text) refers to depilogue.o(.text) for _double_epilogue
    ddiv.o(.text) refers (Special) to iusefp.o(.text) for __I$use$fp
    ddiv.o(.text) refers to depilogue.o(.text) for _double_round
    fflti.o(.text) refers (Special) to iusefp.o(.text) for __I$use$fp
    fflti.o(.text) refers to fepilogue.o(.text) for _float_epilogue
    dflti.o(.text) refers (Special) to iusefp.o(.text) for __I$use$fp
    dflti.o(.text) refers to depilogue.o(.text) for _double_epilogue
    dfltui.o(.text) refers (Special) to iusefp.o(.text) for __I$use$fp
    dfltui.o(.text) refers to depilogue.o(.text) for _double_epilogue
    ffixi.o(.text) refers (Special) to iusefp.o(.text) for __I$use$fp
    dfixi.o(.text) refers (Special) to iusefp.o(.text) for __I$use$fp
    dfixi.o(.text) refers to llushr.o(.text) for __aeabi_llsr
    dfixui.o(.text) refers (Special) to iusefp.o(.text) for __I$use$fp
    dfixui.o(.text) refers to llushr.o(.text) for __aeabi_llsr
    f2d.o(.text) refers (Special) to iusefp.o(.text) for __I$use$fp
    d2f.o(.text) refers (Special) to iusefp.o(.text) for __I$use$fp
    d2f.o(.text) refers to fepilogue.o(.text) for _float_round
    cfcmple.o(.text) refers (Special) to iusefp.o(.text) for __I$use$fp
    cfrcmple.o(.text) refers (Special) to iusefp.o(.text) for __I$use$fp
    entry2.o(.ARM.Collect$$$$00000001) refers to entry2.o(.ARM.Collect$$$$00002712) for __lit__00000000
    entry2.o(.ARM.Collect$$$$00002712) refers to startup_stm32f030x8.o(STACK) for __initial_sp
    entry2.o(__vectab_stack_and_reset_area) refers to startup_stm32f030x8.o(STACK) for __initial_sp
    entry2.o(__vectab_stack_and_reset_area) refers to entry.o(.ARM.Collect$$$$00000000) for __main
    entry5.o(.ARM.Collect$$$$00000004) refers to init.o(.text) for __scatterload
    entry9a.o(.ARM.Collect$$$$0000000B) refers to main.o(i.main) for main
    entry9b.o(.ARM.Collect$$$$0000000C) refers to main.o(i.main) for main
    uldiv.o(.text) refers to llushr.o(.text) for __aeabi_llsr
    uldiv.o(.text) refers to llshl.o(.text) for __aeabi_llsl
    errno.o(i.__aeabi_errno_addr) refers to errno.o(.data) for .data
    errno.o(i.__read_errno) refers to errno.o(.data) for .data
    errno.o(i.__set_errno) refers to errno.o(.data) for .data
    strtol.o(.text) refers to ctype_o.o(.text) for __rt_ctype_table
    strtol.o(.text) refers to _strtoul.o(.text) for _strtoul
    strtol.o(.text) refers to errno.o(i.__aeabi_errno_addr) for __aeabi_errno_addr
    depilogue.o(.text) refers to depilogue.o(i.__ARM_clz) for __ARM_clz
    depilogue.o(.text) refers to llshl.o(.text) for __aeabi_llsl
    depilogue.o(.text) refers to llushr.o(.text) for __aeabi_llsr
    dfixul.o(.text) refers to llushr.o(.text) for __aeabi_llsr
    dfixul.o(.text) refers to llshl.o(.text) for __aeabi_llsl
    init.o(.text) refers to entry5.o(.ARM.Collect$$$$00000004) for __main_after_scatterload
    ctype_o.o(.text) refers to ctype_o.o(.constdata) for .constdata
    ctype_o.o(.constdata) refers to ctype_o.o(.constdata) for __ctype_table
    isalnum_o.o(.text) refers to ctype_o.o(.text) for __rt_ctype_table
    isalpha_o.o(.text) refers to ctype_o.o(.text) for __rt_ctype_table
    isblank_o.o(.text) refers to ctype_o.o(.constdata) for __ctype_table
    iscntrl_o.o(.text) refers to ctype_o.o(.text) for __rt_ctype_table
    isdigit_o.o(.text) refers to ctype_o.o(.text) for __rt_ctype_table
    isgraph_o.o(.text) refers to ctype_o.o(.text) for __rt_ctype_table
    islower_o.o(.text) refers to ctype_o.o(.text) for __rt_ctype_table
    isprint_o.o(.text) refers to ctype_o.o(.text) for __rt_ctype_table
    ispunct_o.o(.text) refers to ctype_o.o(.text) for __rt_ctype_table
    isspace_o.o(.text) refers to ctype_o.o(.text) for __rt_ctype_table
    isupper_o.o(.text) refers to ctype_o.o(.text) for __rt_ctype_table
    isxdigit_o.o(.text) refers to ctype_o.o(.text) for __rt_ctype_table
    _strtoul.o(.text) refers to _chval.o(.text) for _chval
    _strtoul.o(.text) refers to errno.o(i.__aeabi_errno_addr) for __aeabi_errno_addr


==============================================================================

Removing Unused input sections from the image.

    Removing startup_stm32f030x8.o(HEAP), (512 bytes).
    Removing stm32f0308_discovery.o(.rev16_text), (4 bytes).
    Removing stm32f0308_discovery.o(.revsh_text), (4 bytes).
    Removing stm32f0308_discovery.o(i.STM_EVAL_LEDInit), (60 bytes).
    Removing stm32f0308_discovery.o(i.STM_EVAL_LEDOff), (24 bytes).
    Removing stm32f0308_discovery.o(i.STM_EVAL_LEDOn), (24 bytes).
    Removing stm32f0308_discovery.o(i.STM_EVAL_LEDToggle), (28 bytes).
    Removing stm32f0308_discovery.o(i.STM_EVAL_PBGetState), (28 bytes).
    Removing stm32f0308_discovery.o(i.STM_EVAL_PBInit), (144 bytes).
    Removing stm32f0308_discovery.o(.constdata), (28 bytes).
    Removing stm32f0308_discovery.o(.data), (12 bytes).
    Removing stm32f0xx_gpio.o(.rev16_text), (4 bytes).
    Removing stm32f0xx_gpio.o(.revsh_text), (4 bytes).
    Removing stm32f0xx_gpio.o(i.GPIO_DeInit), (96 bytes).
    Removing stm32f0xx_gpio.o(i.GPIO_PinLockConfig), (26 bytes).
    Removing stm32f0xx_gpio.o(i.GPIO_ReadInputData), (4 bytes).
    Removing stm32f0xx_gpio.o(i.GPIO_ReadInputDataBit), (14 bytes).
    Removing stm32f0xx_gpio.o(i.GPIO_ReadOutputData), (4 bytes).
    Removing stm32f0xx_gpio.o(i.GPIO_ReadOutputDataBit), (14 bytes).
    Removing stm32f0xx_gpio.o(i.GPIO_StructInit), (24 bytes).
    Removing stm32f0xx_gpio.o(i.GPIO_Write), (4 bytes).
    Removing stm32f0xx_gpio.o(i.GPIO_WriteBit), (12 bytes).
    Removing stm32f0xx_misc.o(.rev16_text), (4 bytes).
    Removing stm32f0xx_misc.o(.revsh_text), (4 bytes).
    Removing stm32f0xx_misc.o(i.NVIC_SystemLPConfig), (24 bytes).
    Removing stm32f0xx_misc.o(i.SysTick_CLKSourceConfig), (24 bytes).
    Removing stm32f0xx_rcc.o(.rev16_text), (4 bytes).
    Removing stm32f0xx_rcc.o(.revsh_text), (4 bytes).
    Removing stm32f0xx_rcc.o(i.RCC_ADCCLKConfig), (44 bytes).
    Removing stm32f0xx_rcc.o(i.RCC_AHBPeriphResetCmd), (24 bytes).
    Removing stm32f0xx_rcc.o(i.RCC_APB1PeriphResetCmd), (24 bytes).
    Removing stm32f0xx_rcc.o(i.RCC_AdjustHSI14CalibrationValue), (20 bytes).
    Removing stm32f0xx_rcc.o(i.RCC_AdjustHSICalibrationValue), (20 bytes).
    Removing stm32f0xx_rcc.o(i.RCC_BackupResetCmd), (28 bytes).
    Removing stm32f0xx_rcc.o(i.RCC_CECCLKConfig), (24 bytes).
    Removing stm32f0xx_rcc.o(i.RCC_ClearFlag), (20 bytes).
    Removing stm32f0xx_rcc.o(i.RCC_ClearITPendingBit), (12 bytes).
    Removing stm32f0xx_rcc.o(i.RCC_ClockSecuritySystemCmd), (28 bytes).
    Removing stm32f0xx_rcc.o(i.RCC_DeInit), (92 bytes).
    Removing stm32f0xx_rcc.o(i.RCC_GetFlagStatus), (52 bytes).
    Removing stm32f0xx_rcc.o(i.RCC_GetITStatus), (20 bytes).
    Removing stm32f0xx_rcc.o(i.RCC_GetSYSCLKSource), (16 bytes).
    Removing stm32f0xx_rcc.o(i.RCC_HCLKConfig), (20 bytes).
    Removing stm32f0xx_rcc.o(i.RCC_HSEConfig), (16 bytes).
    Removing stm32f0xx_rcc.o(i.RCC_HSI14ADCRequestCmd), (24 bytes).
    Removing stm32f0xx_rcc.o(i.RCC_HSI14Cmd), (28 bytes).
    Removing stm32f0xx_rcc.o(i.RCC_HSICmd), (28 bytes).
    Removing stm32f0xx_rcc.o(i.RCC_I2CCLKConfig), (24 bytes).
    Removing stm32f0xx_rcc.o(i.RCC_ITConfig), (24 bytes).
    Removing stm32f0xx_rcc.o(i.RCC_LSEConfig), (32 bytes).
    Removing stm32f0xx_rcc.o(i.RCC_LSEDriveConfig), (24 bytes).
    Removing stm32f0xx_rcc.o(i.RCC_LSICmd), (28 bytes).
    Removing stm32f0xx_rcc.o(i.RCC_MCOConfig), (12 bytes).
    Removing stm32f0xx_rcc.o(i.RCC_PCLKConfig), (20 bytes).
    Removing stm32f0xx_rcc.o(i.RCC_PLLCmd), (28 bytes).
    Removing stm32f0xx_rcc.o(i.RCC_PLLConfig), (28 bytes).
    Removing stm32f0xx_rcc.o(i.RCC_PREDIV1Config), (20 bytes).
    Removing stm32f0xx_rcc.o(i.RCC_RTCCLKCmd), (28 bytes).
    Removing stm32f0xx_rcc.o(i.RCC_RTCCLKConfig), (16 bytes).
    Removing stm32f0xx_rcc.o(i.RCC_SYSCLKConfig), (20 bytes).
    Removing stm32f0xx_rcc.o(i.RCC_USARTCLKConfig), (24 bytes).
    Removing stm32f0xx_rcc.o(i.RCC_WaitForHSEStartUp), (44 bytes).
    Removing stm32f0xx_exti.o(.rev16_text), (4 bytes).
    Removing stm32f0xx_exti.o(.revsh_text), (4 bytes).
    Removing stm32f0xx_exti.o(i.EXTI_ClearFlag), (12 bytes).
    Removing stm32f0xx_exti.o(i.EXTI_ClearITPendingBit), (12 bytes).
    Removing stm32f0xx_exti.o(i.EXTI_DeInit), (32 bytes).
    Removing stm32f0xx_exti.o(i.EXTI_GenerateSWInterrupt), (16 bytes).
    Removing stm32f0xx_exti.o(i.EXTI_GetFlagStatus), (20 bytes).
    Removing stm32f0xx_exti.o(i.EXTI_GetITStatus), (20 bytes).
    Removing stm32f0xx_exti.o(i.EXTI_Init), (108 bytes).
    Removing stm32f0xx_exti.o(i.EXTI_StructInit), (14 bytes).
    Removing stm32f0xx_syscfg.o(.rev16_text), (4 bytes).
    Removing stm32f0xx_syscfg.o(.revsh_text), (4 bytes).
    Removing stm32f0xx_syscfg.o(i.SYSCFG_BreakConfig), (16 bytes).
    Removing stm32f0xx_syscfg.o(i.SYSCFG_ClearFlag), (16 bytes).
    Removing stm32f0xx_syscfg.o(i.SYSCFG_DMAChannelRemapConfig), (24 bytes).
    Removing stm32f0xx_syscfg.o(i.SYSCFG_DeInit), (36 bytes).
    Removing stm32f0xx_syscfg.o(i.SYSCFG_EXTILineConfig), (40 bytes).
    Removing stm32f0xx_syscfg.o(i.SYSCFG_GetFlagStatus), (20 bytes).
    Removing stm32f0xx_syscfg.o(i.SYSCFG_I2CFastModePlusConfig), (24 bytes).
    Removing stm32f0xx_syscfg.o(i.SYSCFG_MemoryRemapConfig), (20 bytes).
    Removing stm32f0xx_adc.o(.rev16_text), (4 bytes).
    Removing stm32f0xx_adc.o(.revsh_text), (4 bytes).
    Removing stm32f0xx_adc.o(i.ADC_AnalogWatchdogCmd), (20 bytes).
    Removing stm32f0xx_adc.o(i.ADC_AnalogWatchdogSingleChannelCmd), (20 bytes).
    Removing stm32f0xx_adc.o(i.ADC_AnalogWatchdogSingleChannelConfig), (14 bytes).
    Removing stm32f0xx_adc.o(i.ADC_AnalogWatchdogThresholdsConfig), (8 bytes).
    Removing stm32f0xx_adc.o(i.ADC_AutoPowerOffCmd), (20 bytes).
    Removing stm32f0xx_adc.o(i.ADC_ClearFlag), (4 bytes).
    Removing stm32f0xx_adc.o(i.ADC_ClearITPendingBit), (4 bytes).
    Removing stm32f0xx_adc.o(i.ADC_ContinuousModeCmd), (20 bytes).
    Removing stm32f0xx_adc.o(i.ADC_DiscModeCmd), (20 bytes).
    Removing stm32f0xx_adc.o(i.ADC_GetConversionValue), (6 bytes).
    Removing stm32f0xx_adc.o(i.ADC_GetITStatus), (22 bytes).
    Removing stm32f0xx_adc.o(i.ADC_ITConfig), (16 bytes).
    Removing stm32f0xx_adc.o(i.ADC_JitterCmd), (16 bytes).
    Removing stm32f0xx_adc.o(i.ADC_OverrunModeCmd), (20 bytes).
    Removing stm32f0xx_adc.o(i.ADC_StopOfConversion), (10 bytes).
    Removing stm32f0xx_adc.o(i.ADC_VbatCmd), (28 bytes).
    Removing stm32f0xx_adc.o(i.ADC_VrefintCmd), (28 bytes).
    Removing stm32f0xx_adc.o(i.ADC_WaitModeCmd), (20 bytes).
    Removing stm32f0xx_dma.o(.rev16_text), (4 bytes).
    Removing stm32f0xx_dma.o(.revsh_text), (4 bytes).
    Removing stm32f0xx_dma.o(i.DMA_ClearFlag), (12 bytes).
    Removing stm32f0xx_dma.o(i.DMA_ClearITPendingBit), (12 bytes).
    Removing stm32f0xx_dma.o(i.DMA_GetCurrDataCounter), (6 bytes).
    Removing stm32f0xx_dma.o(i.DMA_GetFlagStatus), (20 bytes).
    Removing stm32f0xx_dma.o(i.DMA_GetITStatus), (20 bytes).
    Removing stm32f0xx_dma.o(i.DMA_ITConfig), (16 bytes).
    Removing stm32f0xx_dma.o(i.DMA_SetCurrDataCounter), (4 bytes).
    Removing stm32f0xx_dma.o(i.DMA_StructInit), (26 bytes).
    Removing stm32f0xx_tim.o(.rev16_text), (4 bytes).
    Removing stm32f0xx_tim.o(.revsh_text), (4 bytes).
    Removing stm32f0xx_tim.o(i.TI1_Config), (40 bytes).
    Removing stm32f0xx_tim.o(i.TI2_Config), (48 bytes).
    Removing stm32f0xx_tim.o(i.TIM_ARRPreloadConfig), (18 bytes).
    Removing stm32f0xx_tim.o(i.TIM_BDTRConfig), (34 bytes).
    Removing stm32f0xx_tim.o(i.TIM_BDTRStructInit), (18 bytes).
    Removing stm32f0xx_tim.o(i.TIM_CCPreloadControl), (20 bytes).
    Removing stm32f0xx_tim.o(i.TIM_CCxCmd), (22 bytes).
    Removing stm32f0xx_tim.o(i.TIM_CCxNCmd), (22 bytes).
    Removing stm32f0xx_tim.o(i.TIM_ClearFlag), (6 bytes).
    Removing stm32f0xx_tim.o(i.TIM_ClearOC1Ref), (12 bytes).
    Removing stm32f0xx_tim.o(i.TIM_ClearOC2Ref), (14 bytes).
    Removing stm32f0xx_tim.o(i.TIM_ClearOC3Ref), (12 bytes).
    Removing stm32f0xx_tim.o(i.TIM_ClearOC4Ref), (14 bytes).
    Removing stm32f0xx_tim.o(i.TIM_CounterModeConfig), (12 bytes).
    Removing stm32f0xx_tim.o(i.TIM_DMACmd), (16 bytes).
    Removing stm32f0xx_tim.o(i.TIM_DMAConfig), (8 bytes).
    Removing stm32f0xx_tim.o(i.TIM_DeInit), (180 bytes).
    Removing stm32f0xx_tim.o(i.TIM_ETRClockMode1Config), (28 bytes).
    Removing stm32f0xx_tim.o(i.TIM_ETRClockMode2Config), (20 bytes).
    Removing stm32f0xx_tim.o(i.TIM_ETRConfig), (18 bytes).
    Removing stm32f0xx_tim.o(i.TIM_ForcedOC1Config), (12 bytes).
    Removing stm32f0xx_tim.o(i.TIM_ForcedOC2Config), (20 bytes).
    Removing stm32f0xx_tim.o(i.TIM_ForcedOC3Config), (12 bytes).
    Removing stm32f0xx_tim.o(i.TIM_ForcedOC4Config), (20 bytes).
    Removing stm32f0xx_tim.o(i.TIM_GenerateEvent), (4 bytes).
    Removing stm32f0xx_tim.o(i.TIM_GetCapture1), (4 bytes).
    Removing stm32f0xx_tim.o(i.TIM_GetCapture2), (4 bytes).
    Removing stm32f0xx_tim.o(i.TIM_GetCapture3), (4 bytes).
    Removing stm32f0xx_tim.o(i.TIM_GetCapture4), (4 bytes).
    Removing stm32f0xx_tim.o(i.TIM_GetCounter), (4 bytes).
    Removing stm32f0xx_tim.o(i.TIM_GetFlagStatus), (14 bytes).
    Removing stm32f0xx_tim.o(i.TIM_GetPrescaler), (4 bytes).
    Removing stm32f0xx_tim.o(i.TIM_ICInit), (184 bytes).
    Removing stm32f0xx_tim.o(i.TIM_ICStructInit), (16 bytes).
    Removing stm32f0xx_tim.o(i.TIM_ITRxExternalClockConfig), (18 bytes).
    Removing stm32f0xx_tim.o(i.TIM_InternalClockConfig), (10 bytes).
    Removing stm32f0xx_tim.o(i.TIM_OC1FastConfig), (12 bytes).
    Removing stm32f0xx_tim.o(i.TIM_OC1NPolarityConfig), (12 bytes).
    Removing stm32f0xx_tim.o(i.TIM_OC1PolarityConfig), (12 bytes).
    Removing stm32f0xx_tim.o(i.TIM_OC1PreloadConfig), (12 bytes).
    Removing stm32f0xx_tim.o(i.TIM_OC2FastConfig), (20 bytes).
    Removing stm32f0xx_tim.o(i.TIM_OC2Init), (144 bytes).
    Removing stm32f0xx_tim.o(i.TIM_OC2NPolarityConfig), (14 bytes).
    Removing stm32f0xx_tim.o(i.TIM_OC2PolarityConfig), (14 bytes).
    Removing stm32f0xx_tim.o(i.TIM_OC2PreloadConfig), (20 bytes).
    Removing stm32f0xx_tim.o(i.TIM_OC3FastConfig), (12 bytes).
    Removing stm32f0xx_tim.o(i.TIM_OC3NPolarityConfig), (20 bytes).
    Removing stm32f0xx_tim.o(i.TIM_OC3PolarityConfig), (20 bytes).
    Removing stm32f0xx_tim.o(i.TIM_OC3PreloadConfig), (12 bytes).
    Removing stm32f0xx_tim.o(i.TIM_OC4FastConfig), (20 bytes).
    Removing stm32f0xx_tim.o(i.TIM_OC4Init), (100 bytes).
    Removing stm32f0xx_tim.o(i.TIM_OC4PolarityConfig), (20 bytes).
    Removing stm32f0xx_tim.o(i.TIM_OC4PreloadConfig), (20 bytes).
    Removing stm32f0xx_tim.o(i.TIM_OCStructInit), (20 bytes).
    Removing stm32f0xx_tim.o(i.TIM_PWMIConfig), (104 bytes).
    Removing stm32f0xx_tim.o(i.TIM_PrescalerConfig), (6 bytes).
    Removing stm32f0xx_tim.o(i.TIM_RemapConfig), (6 bytes).
    Removing stm32f0xx_tim.o(i.TIM_SelectCCDMA), (18 bytes).
    Removing stm32f0xx_tim.o(i.TIM_SelectCOM), (18 bytes).
    Removing stm32f0xx_tim.o(i.TIM_SelectHallSensor), (18 bytes).
    Removing stm32f0xx_tim.o(i.TIM_SelectInputTrigger), (12 bytes).
    Removing stm32f0xx_tim.o(i.TIM_SelectMasterSlaveMode), (16 bytes).
    Removing stm32f0xx_tim.o(i.TIM_SelectOCREFClear), (16 bytes).
    Removing stm32f0xx_tim.o(i.TIM_SelectOCxM), (70 bytes).
    Removing stm32f0xx_tim.o(i.TIM_SelectOnePulseMode), (16 bytes).
    Removing stm32f0xx_tim.o(i.TIM_SelectOutputTrigger), (16 bytes).
    Removing stm32f0xx_tim.o(i.TIM_SelectSlaveMode), (16 bytes).
    Removing stm32f0xx_tim.o(i.TIM_SetAutoreload), (4 bytes).
    Removing stm32f0xx_tim.o(i.TIM_SetClockDivision), (20 bytes).
    Removing stm32f0xx_tim.o(i.TIM_SetCompare1), (4 bytes).
    Removing stm32f0xx_tim.o(i.TIM_SetCompare2), (4 bytes).
    Removing stm32f0xx_tim.o(i.TIM_SetCompare4), (4 bytes).
    Removing stm32f0xx_tim.o(i.TIM_SetCounter), (4 bytes).
    Removing stm32f0xx_tim.o(i.TIM_SetIC1Prescaler), (16 bytes).
    Removing stm32f0xx_tim.o(i.TIM_SetIC2Prescaler), (24 bytes).
    Removing stm32f0xx_tim.o(i.TIM_SetIC3Prescaler), (16 bytes).
    Removing stm32f0xx_tim.o(i.TIM_SetIC4Prescaler), (24 bytes).
    Removing stm32f0xx_tim.o(i.TIM_TIxExternalClockConfig), (48 bytes).
    Removing stm32f0xx_tim.o(i.TIM_TimeBaseStructInit), (18 bytes).
    Removing stm32f0xx_tim.o(i.TIM_UpdateDisableConfig), (18 bytes).
    Removing stm32f0xx_tim.o(i.TIM_UpdateRequestConfig), (18 bytes).
    Removing stm32f0xx_usart.o(.rev16_text), (4 bytes).
    Removing stm32f0xx_usart.o(.revsh_text), (4 bytes).
    Removing stm32f0xx_usart.o(i.USART_AddressDetectionConfig), (16 bytes).
    Removing stm32f0xx_usart.o(i.USART_AutoBaudRateCmd), (20 bytes).
    Removing stm32f0xx_usart.o(i.USART_AutoBaudRateConfig), (18 bytes).
    Removing stm32f0xx_usart.o(i.USART_ClearITPendingBit), (10 bytes).
    Removing stm32f0xx_usart.o(i.USART_ClockInit), (28 bytes).
    Removing stm32f0xx_usart.o(i.USART_ClockStructInit), (12 bytes).
    Removing stm32f0xx_usart.o(i.USART_DECmd), (20 bytes).
    Removing stm32f0xx_usart.o(i.USART_DEPolarityConfig), (18 bytes).
    Removing stm32f0xx_usart.o(i.USART_DMACmd), (16 bytes).
    Removing stm32f0xx_usart.o(i.USART_DMAReceptionErrorConfig), (18 bytes).
    Removing stm32f0xx_usart.o(i.USART_DataInvCmd), (20 bytes).
    Removing stm32f0xx_usart.o(i.USART_DeInit), (64 bytes).
    Removing stm32f0xx_usart.o(i.USART_DirectionModeCmd), (16 bytes).
    Removing stm32f0xx_usart.o(i.USART_HalfDuplexCmd), (18 bytes).
    Removing stm32f0xx_usart.o(i.USART_InvPinCmd), (16 bytes).
    Removing stm32f0xx_usart.o(i.USART_IrDACmd), (18 bytes).
    Removing stm32f0xx_usart.o(i.USART_IrDAConfig), (16 bytes).
    Removing stm32f0xx_usart.o(i.USART_LINBreakDetectLengthConfig), (16 bytes).
    Removing stm32f0xx_usart.o(i.USART_LINCmd), (20 bytes).
    Removing stm32f0xx_usart.o(i.USART_MSBFirstCmd), (20 bytes).
    Removing stm32f0xx_usart.o(i.USART_MuteModeCmd), (20 bytes).
    Removing stm32f0xx_usart.o(i.USART_MuteModeWakeUpConfig), (18 bytes).
    Removing stm32f0xx_usart.o(i.USART_OneBitMethodCmd), (20 bytes).
    Removing stm32f0xx_usart.o(i.USART_OverSampling8Cmd), (20 bytes).
    Removing stm32f0xx_usart.o(i.USART_OverrunDetectionConfig), (18 bytes).
    Removing stm32f0xx_usart.o(i.USART_ReceiverTimeOutCmd), (20 bytes).
    Removing stm32f0xx_usart.o(i.USART_RequestCmd), (16 bytes).
    Removing stm32f0xx_usart.o(i.USART_STOPModeCmd), (18 bytes).
    Removing stm32f0xx_usart.o(i.USART_SWAPPinCmd), (20 bytes).
    Removing stm32f0xx_usart.o(i.USART_SetAddress), (18 bytes).
    Removing stm32f0xx_usart.o(i.USART_SetAutoRetryCount), (20 bytes).
    Removing stm32f0xx_usart.o(i.USART_SetBlockLength), (18 bytes).
    Removing stm32f0xx_usart.o(i.USART_SetDEAssertionTime), (20 bytes).
    Removing stm32f0xx_usart.o(i.USART_SetDEDeassertionTime), (20 bytes).
    Removing stm32f0xx_usart.o(i.USART_SetGuardTime), (16 bytes).
    Removing stm32f0xx_usart.o(i.USART_SetPrescaler), (16 bytes).
    Removing stm32f0xx_usart.o(i.USART_SetReceiverTimeOut), (16 bytes).
    Removing stm32f0xx_usart.o(i.USART_SmartCardCmd), (18 bytes).
    Removing stm32f0xx_usart.o(i.USART_SmartCardNACKCmd), (18 bytes).
    Removing stm32f0xx_usart.o(i.USART_StopModeWakeUpSourceConfig), (18 bytes).
    Removing stm32f0xx_usart.o(i.USART_StructInit), (22 bytes).
    Removing main.o(.rev16_text), (4 bytes).
    Removing main.o(.revsh_text), (4 bytes).
    Removing main.o(i.Delay_10us), (20 bytes).
    Removing stm32f0xx_it.o(.rev16_text), (4 bytes).
    Removing stm32f0xx_it.o(.revsh_text), (4 bytes).
    Removing stm32f0xx_it.o(.data), (2 bytes).
    Removing stm32f0xx_it.o(.data), (2 bytes).
    Removing system_stm32f0xx.o(.rev16_text), (4 bytes).
    Removing system_stm32f0xx.o(.revsh_text), (4 bytes).
    Removing system_stm32f0xx.o(i.SystemCoreClockUpdate), (108 bytes).
    Removing system_stm32f0xx.o(.data), (20 bytes).
    Removing f0_usart.o(.rev16_text), (4 bytes).
    Removing f0_usart.o(.revsh_text), (4 bytes).
    Removing f0_usart.o(i.USART_Configuration), (128 bytes).
    Removing f0_usart.o(i._sys_exit), (2 bytes).
    Removing f0_usart.o(i._ttywrch), (80 bytes).
    Removing f0_usart.o(i.ferror), (6 bytes).
    Removing f0_usart.o(i.fgetc), (32 bytes).
    Removing f0_usart.o(.data), (4 bytes).
    Removing f0_timer1_pwm.o(.rev16_text), (4 bytes).
    Removing f0_timer1_pwm.o(.revsh_text), (4 bytes).
    Removing f0_timer1_pwm.o(i.Set_Duty), (20 bytes).
    Removing f0_timer3_encoderinterface.o(.rev16_text), (4 bytes).
    Removing f0_timer3_encoderinterface.o(.revsh_text), (4 bytes).
    Removing f0_timer14.o(.rev16_text), (4 bytes).
    Removing f0_timer14.o(.revsh_text), (4 bytes).
    Removing f0_timer14.o(i.TIM14_Config), (64 bytes).
    Removing f0_timer14.o(.bss), (12 bytes).
    Removing f0_timer14.o(.bss), (20 bytes).
    Removing f0_timer14.o(.data), (2 bytes).
    Removing f0_dma_adc.o(.rev16_text), (4 bytes).
    Removing f0_dma_adc.o(.revsh_text), (4 bytes).
    Removing f0_dma_adc.o(i.ADCgo), (220 bytes).
    Removing pid.o(.rev16_text), (4 bytes).
    Removing pid.o(.revsh_text), (4 bytes).
    Removing pid.o(i.PIDControl), (612 bytes).
    Removing pid.o(.data), (4 bytes).
    Removing pid.o(.data), (4 bytes).
    Removing pid.o(.data), (4 bytes).
    Removing pid.o(.data), (4 bytes).
    Removing pid.o(.data), (4 bytes).
    Removing pid.o(.data), (4 bytes).
    Removing pid.o(.data), (4 bytes).
    Removing pid.o(.data), (4 bytes).
    Removing fdiv.o(.text), (124 bytes).
    Removing dfixul.o(.text), (64 bytes).
    Removing cdrcmple.o(.text), (40 bytes).

285 unused section(s) (total 7370 bytes) removed from the image.

==============================================================================

Image Symbol Table

    Local Symbols

    Symbol Name                              Value     Ov Type        Size  Object(Section)

    ../clib/microlib/ctype/ctype.c           0x00000000   Number         0  isprint_o.o ABSOLUTE
    ../clib/microlib/ctype/ctype.c           0x00000000   Number         0  isspace_o.o ABSOLUTE
    ../clib/microlib/ctype/ctype.c           0x00000000   Number         0  isupper_o.o ABSOLUTE
    ../clib/microlib/ctype/ctype.c           0x00000000   Number         0  isxdigit_o.o ABSOLUTE
    ../clib/microlib/ctype/ctype.c           0x00000000   Number         0  ispunct_o.o ABSOLUTE
    ../clib/microlib/ctype/ctype.c           0x00000000   Number         0  ctype_o.o ABSOLUTE
    ../clib/microlib/ctype/ctype.c           0x00000000   Number         0  isalnum_o.o ABSOLUTE
    ../clib/microlib/ctype/ctype.c           0x00000000   Number         0  isalpha_o.o ABSOLUTE
    ../clib/microlib/ctype/ctype.c           0x00000000   Number         0  isblank_o.o ABSOLUTE
    ../clib/microlib/ctype/ctype.c           0x00000000   Number         0  iscntrl_o.o ABSOLUTE
    ../clib/microlib/ctype/ctype.c           0x00000000   Number         0  isdigit_o.o ABSOLUTE
    ../clib/microlib/ctype/ctype.c           0x00000000   Number         0  isgraph_o.o ABSOLUTE
    ../clib/microlib/ctype/ctype.c           0x00000000   Number         0  islower_o.o ABSOLUTE
    ../clib/microlib/division.c              0x00000000   Number         0  uidiv.o ABSOLUTE
    ../clib/microlib/division.c              0x00000000   Number         0  uldiv.o ABSOLUTE
    ../clib/microlib/division.c              0x00000000   Number         0  idiv.o ABSOLUTE
    ../clib/microlib/errno.c                 0x00000000   Number         0  errno.o ABSOLUTE
    ../clib/microlib/init/entry.s            0x00000000   Number         0  entry.o ABSOLUTE
    ../clib/microlib/init/entry.s            0x00000000   Number         0  entry9b.o ABSOLUTE
    ../clib/microlib/init/entry.s            0x00000000   Number         0  entry9a.o ABSOLUTE
    ../clib/microlib/init/entry.s            0x00000000   Number         0  entry8b.o ABSOLUTE
    ../clib/microlib/init/entry.s            0x00000000   Number         0  entry8a.o ABSOLUTE
    ../clib/microlib/init/entry.s            0x00000000   Number         0  entry7b.o ABSOLUTE
    ../clib/microlib/init/entry.s            0x00000000   Number         0  entry7a.o ABSOLUTE
    ../clib/microlib/init/entry.s            0x00000000   Number         0  entry5.o ABSOLUTE
    ../clib/microlib/init/entry.s            0x00000000   Number         0  entry10a.o ABSOLUTE
    ../clib/microlib/init/entry.s            0x00000000   Number         0  entry10b.o ABSOLUTE
    ../clib/microlib/init/entry.s            0x00000000   Number         0  entry11a.o ABSOLUTE
    ../clib/microlib/init/entry.s            0x00000000   Number         0  entry2.o ABSOLUTE
    ../clib/microlib/init/entry.s            0x00000000   Number         0  entry11b.o ABSOLUTE
    ../clib/microlib/longlong.c              0x00000000   Number         0  llsshr.o ABSOLUTE
    ../clib/microlib/longlong.c              0x00000000   Number         0  llshl.o ABSOLUTE
    ../clib/microlib/longlong.c              0x00000000   Number         0  llushr.o ABSOLUTE
    ../clib/microlib/printf/printf.c         0x00000000   Number         0  printf4.o ABSOLUTE
    ../clib/microlib/printf/printf.c         0x00000000   Number         0  printf3.o ABSOLUTE
    ../clib/microlib/printf/printf.c         0x00000000   Number         0  printf2.o ABSOLUTE
    ../clib/microlib/printf/printf.c         0x00000000   Number         0  printf1.o ABSOLUTE
    ../clib/microlib/printf/printf.c         0x00000000   Number         0  printf0.o ABSOLUTE
    ../clib/microlib/printf/printf.c         0x00000000   Number         0  printf7.o ABSOLUTE
    ../clib/microlib/printf/printf.c         0x00000000   Number         0  printfa.o ABSOLUTE
    ../clib/microlib/printf/printf.c         0x00000000   Number         0  printf8.o ABSOLUTE
    ../clib/microlib/printf/printf.c         0x00000000   Number         0  printfb.o ABSOLUTE
    ../clib/microlib/printf/printf.c         0x00000000   Number         0  printf6.o ABSOLUTE
    ../clib/microlib/printf/printf.c         0x00000000   Number         0  printf5.o ABSOLUTE
    ../clib/microlib/printf/stubs.s          0x00000000   Number         0  stubs.o ABSOLUTE
    ../clib/microlib/stubs.s                 0x00000000   Number         0  iusefp.o ABSOLUTE
    ../clib/microlib/stubs.s                 0x00000000   Number         0  useno.o ABSOLUTE
    ../clib/scanf.c                          0x00000000   Number         0  strtol.o ABSOLUTE
    ../clib/scanf.c                          0x00000000   Number         0  _chval.o ABSOLUTE
    ../clib/scanf.c                          0x00000000   Number         0  _strtoul.o ABSOLUTE
    ../clib/scanf.c                          0x00000000   Number         0  atoi.o ABSOLUTE
    ../fplib/microlib/d2f.c                  0x00000000   Number         0  d2f.o ABSOLUTE
    ../fplib/microlib/f2d.c                  0x00000000   Number         0  f2d.o ABSOLUTE
    ../fplib/microlib/fpadd.c                0x00000000   Number         0  dadd.o ABSOLUTE
    ../fplib/microlib/fpadd.c                0x00000000   Number         0  fadd.o ABSOLUTE
    ../fplib/microlib/fpdiv.c                0x00000000   Number         0  ddiv.o ABSOLUTE
    ../fplib/microlib/fpdiv.c                0x00000000   Number         0  fdiv.o ABSOLUTE
    ../fplib/microlib/fpepilogue.c           0x00000000   Number         0  fepilogue.o ABSOLUTE
    ../fplib/microlib/fpepilogue.c           0x00000000   Number         0  depilogue.o ABSOLUTE
    ../fplib/microlib/fpfix.c                0x00000000   Number         0  dfixul.o ABSOLUTE
    ../fplib/microlib/fpfix.c                0x00000000   Number         0  ffixi.o ABSOLUTE
    ../fplib/microlib/fpfix.c                0x00000000   Number         0  dfixi.o ABSOLUTE
    ../fplib/microlib/fpfix.c                0x00000000   Number         0  dfixui.o ABSOLUTE
    ../fplib/microlib/fpflt.c                0x00000000   Number         0  dflti.o ABSOLUTE
    ../fplib/microlib/fpflt.c                0x00000000   Number         0  fflti.o ABSOLUTE
    ../fplib/microlib/fpflt.c                0x00000000   Number         0  dfltui.o ABSOLUTE
    ../fplib/microlib/fpmul.c                0x00000000   Number         0  dmul.o ABSOLUTE
    ../fplib/microlib/fpmul.c                0x00000000   Number         0  fmul.o ABSOLUTE
    ..\..\..\..\Libraries\CMSIS\Device\ST\STM32F0xx\Source\Templates\arm\startup_stm32f030x8.s 0x00000000   Number         0  startup_stm32f030x8.o ABSOLUTE
    ..\..\..\..\Libraries\STM32F0xx_StdPeriph_Driver\src\stm32f0xx_adc.c 0x00000000   Number         0  stm32f0xx_adc.o ABSOLUTE
    ..\..\..\..\Libraries\STM32F0xx_StdPeriph_Driver\src\stm32f0xx_dma.c 0x00000000   Number         0  stm32f0xx_dma.o ABSOLUTE
    ..\..\..\..\Libraries\STM32F0xx_StdPeriph_Driver\src\stm32f0xx_exti.c 0x00000000   Number         0  stm32f0xx_exti.o ABSOLUTE
    ..\..\..\..\Libraries\STM32F0xx_StdPeriph_Driver\src\stm32f0xx_gpio.c 0x00000000   Number         0  stm32f0xx_gpio.o ABSOLUTE
    ..\..\..\..\Libraries\STM32F0xx_StdPeriph_Driver\src\stm32f0xx_misc.c 0x00000000   Number         0  stm32f0xx_misc.o ABSOLUTE
    ..\..\..\..\Libraries\STM32F0xx_StdPeriph_Driver\src\stm32f0xx_rcc.c 0x00000000   Number         0  stm32f0xx_rcc.o ABSOLUTE
    ..\..\..\..\Libraries\STM32F0xx_StdPeriph_Driver\src\stm32f0xx_syscfg.c 0x00000000   Number         0  stm32f0xx_syscfg.o ABSOLUTE
    ..\..\..\..\Libraries\STM32F0xx_StdPeriph_Driver\src\stm32f0xx_tim.c 0x00000000   Number         0  stm32f0xx_tim.o ABSOLUTE
    ..\..\..\..\Libraries\STM32F0xx_StdPeriph_Driver\src\stm32f0xx_usart.c 0x00000000   Number         0  stm32f0xx_usart.o ABSOLUTE
    ..\..\..\..\Utilities\STM32F0308-Discovery\stm32f0308_discovery.c 0x00000000   Number         0  stm32f0308_discovery.o ABSOLUTE
    ..\F0_DMA_ADC.c                          0x00000000   Number         0  f0_dma_adc.o ABSOLUTE
    ..\F0_Timer14.c                          0x00000000   Number         0  f0_timer14.o ABSOLUTE
    ..\F0_Timer1_PWM.c                       0x00000000   Number         0  f0_timer1_pwm.o ABSOLUTE
    ..\F0_Timer3_EncoderInterface.c          0x00000000   Number         0  f0_timer3_encoderinterface.o ABSOLUTE
    ..\F0_USART.c                            0x00000000   Number         0  f0_usart.o ABSOLUTE
    ..\\..\\..\\..\\Libraries\\STM32F0xx_StdPeriph_Driver\\src\\stm32f0xx_adc.c 0x00000000   Number         0  stm32f0xx_adc.o ABSOLUTE
    ..\\..\\..\\..\\Libraries\\STM32F0xx_StdPeriph_Driver\\src\\stm32f0xx_dma.c 0x00000000   Number         0  stm32f0xx_dma.o ABSOLUTE
    ..\\..\\..\\..\\Libraries\\STM32F0xx_StdPeriph_Driver\\src\\stm32f0xx_exti.c 0x00000000   Number         0  stm32f0xx_exti.o ABSOLUTE
    ..\\..\\..\\..\\Libraries\\STM32F0xx_StdPeriph_Driver\\src\\stm32f0xx_gpio.c 0x00000000   Number         0  stm32f0xx_gpio.o ABSOLUTE
    ..\\..\\..\\..\\Libraries\\STM32F0xx_StdPeriph_Driver\\src\\stm32f0xx_misc.c 0x00000000   Number         0  stm32f0xx_misc.o ABSOLUTE
    ..\\..\\..\\..\\Libraries\\STM32F0xx_StdPeriph_Driver\\src\\stm32f0xx_rcc.c 0x00000000   Number         0  stm32f0xx_rcc.o ABSOLUTE
    ..\\..\\..\\..\\Libraries\\STM32F0xx_StdPeriph_Driver\\src\\stm32f0xx_syscfg.c 0x00000000   Number         0  stm32f0xx_syscfg.o ABSOLUTE
    ..\\..\\..\\..\\Libraries\\STM32F0xx_StdPeriph_Driver\\src\\stm32f0xx_tim.c 0x00000000   Number         0  stm32f0xx_tim.o ABSOLUTE
    ..\\..\\..\\..\\Libraries\\STM32F0xx_StdPeriph_Driver\\src\\stm32f0xx_usart.c 0x00000000   Number         0  stm32f0xx_usart.o ABSOLUTE
    ..\\..\\..\\..\\Utilities\\STM32F0308-Discovery\\stm32f0308_discovery.c 0x00000000   Number         0  stm32f0308_discovery.o ABSOLUTE
    ..\\F0_DMA_ADC.c                         0x00000000   Number         0  f0_dma_adc.o ABSOLUTE
    ..\\F0_Timer14.c                         0x00000000   Number         0  f0_timer14.o ABSOLUTE
    ..\\F0_Timer1_PWM.c                      0x00000000   Number         0  f0_timer1_pwm.o ABSOLUTE
    ..\\F0_Timer3_EncoderInterface.c         0x00000000   Number         0  f0_timer3_encoderinterface.o ABSOLUTE
    ..\\F0_USART.c                           0x00000000   Number         0  f0_usart.o ABSOLUTE
    ..\\main.c                               0x00000000   Number         0  main.o ABSOLUTE
    ..\\pid.c                                0x00000000   Number         0  pid.o ABSOLUTE
    ..\\stm32f0xx_it.c                       0x00000000   Number         0  stm32f0xx_it.o ABSOLUTE
    ..\\system_stm32f0xx.c                   0x00000000   Number         0  system_stm32f0xx.o ABSOLUTE
    ..\main.c                                0x00000000   Number         0  main.o ABSOLUTE
    ..\pid.c                                 0x00000000   Number         0  pid.o ABSOLUTE
    ..\stm32f0xx_it.c                        0x00000000   Number         0  stm32f0xx_it.o ABSOLUTE
    ..\system_stm32f0xx.c                    0x00000000   Number         0  system_stm32f0xx.o ABSOLUTE
    cdrcmple.s                               0x00000000   Number         0  cdrcmple.o ABSOLUTE
    cfcmple.s                                0x00000000   Number         0  cfcmple.o ABSOLUTE
    cfrcmple.s                               0x00000000   Number         0  cfrcmple.o ABSOLUTE
    dc.s                                     0x00000000   Number         0  dc.o ABSOLUTE
    handlers.s                               0x00000000   Number         0  handlers.o ABSOLUTE
    init.s                                   0x00000000   Number         0  init.o ABSOLUTE
    RESET                                    0x08000000   Section      192  startup_stm32f030x8.o(RESET)
    .ARM.Collect$$$$00000000                 0x080000c0   Section        0  entry.o(.ARM.Collect$$$$00000000)
    .ARM.Collect$$$$00000001                 0x080000c0   Section        4  entry2.o(.ARM.Collect$$$$00000001)
    .ARM.Collect$$$$00000004                 0x080000c4   Section        4  entry5.o(.ARM.Collect$$$$00000004)
    .ARM.Collect$$$$00000008                 0x080000c8   Section        0  entry7b.o(.ARM.Collect$$$$00000008)
    .ARM.Collect$$$$0000000A                 0x080000c8   Section        0  entry8b.o(.ARM.Collect$$$$0000000A)
    .ARM.Collect$$$$0000000B                 0x080000c8   Section        8  entry9a.o(.ARM.Collect$$$$0000000B)
    .ARM.Collect$$$$0000000D                 0x080000d0   Section        0  entry10a.o(.ARM.Collect$$$$0000000D)
    .ARM.Collect$$$$0000000F                 0x080000d0   Section        0  entry11a.o(.ARM.Collect$$$$0000000F)
    .ARM.Collect$$$$00002712                 0x080000d0   Section        4  entry2.o(.ARM.Collect$$$$00002712)
    __lit__00000000                          0x080000d0   Data           4  entry2.o(.ARM.Collect$$$$00002712)
    .text                                    0x080000d4   Section       28  startup_stm32f030x8.o(.text)
    .text                                    0x080000f0   Section        0  uidiv.o(.text)
    .text                                    0x0800011c   Section        0  idiv.o(.text)
    .text                                    0x08000144   Section        0  atoi.o(.text)
    .text                                    0x0800015e   Section        0  fadd.o(.text)
    .text                                    0x08000210   Section        0  fmul.o(.text)
    .text                                    0x0800028c   Section        0  dadd.o(.text)
    .text                                    0x080003f0   Section        0  dmul.o(.text)
    .text                                    0x080004c0   Section        0  ddiv.o(.text)
    .text                                    0x080005b0   Section        0  fflti.o(.text)
    .text                                    0x080005c8   Section        0  dflti.o(.text)
    .text                                    0x080005f0   Section        0  dfltui.o(.text)
    .text                                    0x0800060c   Section        0  ffixi.o(.text)
    .text                                    0x08000640   Section        0  dfixi.o(.text)
    .text                                    0x08000688   Section        0  dfixui.o(.text)
    .text                                    0x080006c4   Section        0  f2d.o(.text)
    .text                                    0x080006ec   Section        0  d2f.o(.text)
    .text                                    0x08000724   Section       20  cfcmple.o(.text)
    .text                                    0x08000738   Section       20  cfrcmple.o(.text)
    .text                                    0x0800074c   Section        0  llshl.o(.text)
    .text                                    0x0800076c   Section        0  llushr.o(.text)
    .text                                    0x0800078e   Section        0  llsshr.o(.text)
    .text                                    0x080007b4   Section        0  strtol.o(.text)
    .text                                    0x08000824   Section        0  fepilogue.o(.text)
    .text                                    0x08000824   Section        0  iusefp.o(.text)
    .text                                    0x080008a6   Section        0  depilogue.o(.text)
    .text                                    0x08000964   Section       36  init.o(.text)
    .text                                    0x08000988   Section        0  ctype_o.o(.text)
    .text                                    0x08000990   Section        0  _strtoul.o(.text)
    .text                                    0x08000a36   Section        0  _chval.o(.text)
    i.ADC_CH_DMA_Config                      0x08000a54   Section        0  f0_dma_adc.o(i.ADC_CH_DMA_Config)
    i.ADC_ChannelConfig                      0x08000b1c   Section        0  stm32f0xx_adc.o(i.ADC_ChannelConfig)
    i.ADC_Cmd                                0x08000b26   Section        0  stm32f0xx_adc.o(i.ADC_Cmd)
    i.ADC_DMACmd                             0x08000b38   Section        0  stm32f0xx_adc.o(i.ADC_DMACmd)
    i.ADC_DMARequestModeConfig               0x08000b4c   Section        0  stm32f0xx_adc.o(i.ADC_DMARequestModeConfig)
    i.ADC_DeInit                             0x08000b5c   Section        0  stm32f0xx_adc.o(i.ADC_DeInit)
    i.ADC_GetCalibrationFactor               0x08000b7c   Section        0  stm32f0xx_adc.o(i.ADC_GetCalibrationFactor)
    i.ADC_GetFlagStatus                      0x08000baa   Section        0  stm32f0xx_adc.o(i.ADC_GetFlagStatus)
    i.ADC_Init                               0x08000bc8   Section        0  stm32f0xx_adc.o(i.ADC_Init)
    i.ADC_StartOfConversion                  0x08000bf4   Section        0  stm32f0xx_adc.o(i.ADC_StartOfConversion)
    i.ADC_StructInit                         0x08000bfe   Section        0  stm32f0xx_adc.o(i.ADC_StructInit)
    i.ADC_TempSensorCmd                      0x08000c10   Section        0  stm32f0xx_adc.o(i.ADC_TempSensorCmd)
    i.DMA_Cmd                                0x08000c2c   Section        0  stm32f0xx_dma.o(i.DMA_Cmd)
    i.DMA_DeInit                             0x08000c44   Section        0  stm32f0xx_dma.o(i.DMA_DeInit)
    i.DMA_Init                               0x08000cb0   Section        0  stm32f0xx_dma.o(i.DMA_Init)
    i.Encoder_Config                         0x08000cec   Section        0  f0_timer3_encoderinterface.o(i.Encoder_Config)
    i.GPIO_Debug                             0x08000d68   Section        0  main.o(i.GPIO_Debug)
    i.GPIO_Init                              0x08000d92   Section        0  stm32f0xx_gpio.o(i.GPIO_Init)
    i.GPIO_PinAFConfig                       0x08000e02   Section        0  stm32f0xx_gpio.o(i.GPIO_PinAFConfig)
    i.GPIO_ResetBits                         0x08000e22   Section        0  stm32f0xx_gpio.o(i.GPIO_ResetBits)
    i.GPIO_SetBits                           0x08000e26   Section        0  stm32f0xx_gpio.o(i.GPIO_SetBits)
    i.GPIO_config                            0x08000e2a   Section        0  main.o(i.GPIO_config)
    i.Get_Encoder                            0x08000e54   Section        0  f0_timer3_encoderinterface.o(i.Get_Encoder)
    i.HardFault_Handler                      0x08000e60   Section        0  stm32f0xx_it.o(i.HardFault_Handler)
    i.NMI_Handler                            0x08000e62   Section        0  stm32f0xx_it.o(i.NMI_Handler)
    i.NVIC_Init                              0x08000e64   Section        0  stm32f0xx_misc.o(i.NVIC_Init)
    i.PID_                                   0x08000eb4   Section        0  pid.o(i.PID_)
    i.PID_Init                               0x08000ec8   Section        0  pid.o(i.PID_Init)
    i.PID_Profile                            0x08000f2c   Section        0  pid.o(i.PID_Profile)
    i.PID_ViTri                              0x08000fec   Section        0  pid.o(i.PID_ViTri)
    i.PendSV_Handler                         0x080010f8   Section        0  stm32f0xx_it.o(i.PendSV_Handler)
    i.RCC_AHBPeriphClockCmd                  0x080010fc   Section        0  stm32f0xx_rcc.o(i.RCC_AHBPeriphClockCmd)
    i.RCC_APB1PeriphClockCmd                 0x08001114   Section        0  stm32f0xx_rcc.o(i.RCC_APB1PeriphClockCmd)
    i.RCC_APB2PeriphClockCmd                 0x0800112c   Section        0  stm32f0xx_rcc.o(i.RCC_APB2PeriphClockCmd)
    i.RCC_APB2PeriphResetCmd                 0x08001144   Section        0  stm32f0xx_rcc.o(i.RCC_APB2PeriphResetCmd)
    i.RCC_GetClocksFreq                      0x0800115c   Section        0  stm32f0xx_rcc.o(i.RCC_GetClocksFreq)
    i.Reset_Encoder                          0x08001244   Section        0  f0_timer3_encoderinterface.o(i.Reset_Encoder)
    i.SVC_Handler                            0x08001250   Section        0  stm32f0xx_it.o(i.SVC_Handler)
    i.SetSysClock                            0x08001254   Section        0  system_stm32f0xx.o(i.SetSysClock)
    SetSysClock                              0x08001255   Thumb Code   142  system_stm32f0xx.o(i.SetSysClock)
    i.SysTick_Handler                        0x080012ec   Section        0  stm32f0xx_it.o(i.SysTick_Handler)
    i.SystemInit                             0x080012f4   Section        0  system_stm32f0xx.o(i.SystemInit)
    i.SystemTick                             0x08001354   Section        0  main.o(i.SystemTick)
    i.TIM16_Config                           0x08001380   Section        0  f0_timer14.o(i.TIM16_Config)
    i.TIM16_IRQHandler                       0x080013d4   Section        0  stm32f0xx_it.o(i.TIM16_IRQHandler)
    i.TIM_ClearITPendingBit                  0x08001544   Section        0  stm32f0xx_tim.o(i.TIM_ClearITPendingBit)
    i.TIM_Cmd                                0x0800154a   Section        0  stm32f0xx_tim.o(i.TIM_Cmd)
    i.TIM_CtrlPWMOutputs                     0x0800155e   Section        0  stm32f0xx_tim.o(i.TIM_CtrlPWMOutputs)
    i.TIM_EncoderInterfaceConfig             0x08001578   Section        0  stm32f0xx_tim.o(i.TIM_EncoderInterfaceConfig)
    i.TIM_GetITStatus                        0x080015a8   Section        0  stm32f0xx_tim.o(i.TIM_GetITStatus)
    i.TIM_ITConfig                           0x080015c0   Section        0  stm32f0xx_tim.o(i.TIM_ITConfig)
    i.TIM_OC1Init                            0x080015d0   Section        0  stm32f0xx_tim.o(i.TIM_OC1Init)
    i.TIM_OC3Init                            0x0800164c   Section        0  stm32f0xx_tim.o(i.TIM_OC3Init)
    i.TIM_PWM_Config                         0x080016d4   Section        0  f0_timer1_pwm.o(i.TIM_PWM_Config)
    i.TIM_SetCompare3                        0x0800177c   Section        0  stm32f0xx_tim.o(i.TIM_SetCompare3)
    i.TIM_TimeBaseInit                       0x08001780   Section        0  stm32f0xx_tim.o(i.TIM_TimeBaseInit)
    i.TimingDelay_Decrement                  0x080017f4   Section        0  main.o(i.TimingDelay_Decrement)
    i.USART1_IRQHandler                      0x08001808   Section        0  stm32f0xx_it.o(i.USART1_IRQHandler)
    i.USART_ClearFlag                        0x0800186c   Section        0  stm32f0xx_usart.o(i.USART_ClearFlag)
    i.USART_Cmd                              0x08001870   Section        0  stm32f0xx_usart.o(i.USART_Cmd)
    i.USART_Config                           0x08001884   Section        0  f0_usart.o(i.USART_Config)
    i.USART_GetFlagStatus                    0x08001918   Section        0  stm32f0xx_usart.o(i.USART_GetFlagStatus)
    i.USART_GetITStatus                      0x08001926   Section        0  stm32f0xx_usart.o(i.USART_GetITStatus)
    i.USART_ITConfig                         0x0800195e   Section        0  stm32f0xx_usart.o(i.USART_ITConfig)
    i.USART_Init                             0x08001988   Section        0  stm32f0xx_usart.o(i.USART_Init)
    i.USART_ReceiveData                      0x08001a14   Section        0  stm32f0xx_usart.o(i.USART_ReceiveData)
    i.USART_SendData                         0x08001a1c   Section        0  stm32f0xx_usart.o(i.USART_SendData)
    i.__0printf$1                            0x08001a24   Section        0  printf1.o(i.__0printf$1)
    i.__ARM_clz                              0x08001a44   Section        0  depilogue.o(i.__ARM_clz)
    i.__aeabi_errno_addr                     0x08001a74   Section        0  errno.o(i.__aeabi_errno_addr)
    i.__scatterload_copy                     0x08001a7c   Section       14  handlers.o(i.__scatterload_copy)
    i.__scatterload_null                     0x08001a8a   Section        2  handlers.o(i.__scatterload_null)
    i.__scatterload_zeroinit                 0x08001a8c   Section       14  handlers.o(i.__scatterload_zeroinit)
    i._printf_core                           0x08001a9c   Section        0  printf1.o(i._printf_core)
    _printf_core                             0x08001a9d   Thumb Code   332  printf1.o(i._printf_core)
    i.fputc                                  0x08001bec   Section        0  f0_usart.o(i.fputc)
    i.main                                   0x08001c3c   Section        0  main.o(i.main)
    .constdata                               0x08001c94   Section      129  ctype_o.o(.constdata)
    .constdata                               0x08001d18   Section        4  ctype_o.o(.constdata)
    table                                    0x08001d18   Data           4  ctype_o.o(.constdata)
    .data                                    0x20000000   Section       16  stm32f0xx_rcc.o(.data)
    APBAHBPrescTable                         0x20000000   Data          16  stm32f0xx_rcc.o(.data)
    .data                                    0x20000010   Section        4  main.o(.data)
    .data                                    0x20000014   Section        4  main.o(.data)
    TimingDelay                              0x20000014   Data           4  main.o(.data)
    .data                                    0x20000018   Section       24  stm32f0xx_it.o(.data)
    .data                                    0x20000030   Section        1  stm32f0xx_it.o(.data)
    .data                                    0x20000034   Section        8  f0_usart.o(.data)
    last                                     0x20000034   Data           4  f0_usart.o(.data)
    last                                     0x20000038   Data           4  f0_usart.o(.data)
    .data                                    0x2000003c   Section        4  f0_usart.o(.data)
    .data                                    0x20000040   Section        2  f0_dma_adc.o(.data)
    .data                                    0x20000044   Section       60  pid.o(.data)
    .data                                    0x20000080   Section        4  pid.o(.data)
    .data                                    0x20000084   Section        4  errno.o(.data)
    _errno                                   0x20000084   Data           4  errno.o(.data)
    .bss                                     0x20000088   Section      136  pid.o(.bss)
    STACK                                    0x20000110   Section     1024  startup_stm32f030x8.o(STACK)

    Global Symbols

    Symbol Name                              Value     Ov Type        Size  Object(Section)

    BuildAttributes$$THM_ISAv3M$S$PE$A:L22$X:L11$S22$IEEE1$IW$USESV6$~STKCKD$USESV7$~SHL$OTIME$ROPI$EBA8$MICROLIB$REQ8$PRES8$EABIv2 0x00000000   Number         0  anon$$obj.o ABSOLUTE
    __ARM_use_no_argv                        0x00000000   Number         0  main.o ABSOLUTE
    __use_no_errno                           0x00000000   Number         0  useno.o ABSOLUTE
    __use_no_exception_handling              0x00000000   Number         0  useno.o ABSOLUTE
    __use_no_fp                              0x00000000   Number         0  useno.o ABSOLUTE
    __use_no_heap                            0x00000000   Number         0  useno.o ABSOLUTE
    __use_no_heap_region                     0x00000000   Number         0  useno.o ABSOLUTE
    __use_no_semihosting                     0x00000000   Number         0  useno.o ABSOLUTE
    __use_no_semihosting_swi                 0x00000000   Number         0  useno.o ABSOLUTE
    __use_no_signal_handling                 0x00000000   Number         0  useno.o ABSOLUTE
    _printf_a                                0x00000000   Number         0  stubs.o ABSOLUTE
    _printf_c                                0x00000000   Number         0  stubs.o ABSOLUTE
    _printf_charcount                        0x00000000   Number         0  stubs.o ABSOLUTE
    _printf_d                                0x00000000   Number         0  stubs.o ABSOLUTE
    _printf_e                                0x00000000   Number         0  stubs.o ABSOLUTE
    _printf_f                                0x00000000   Number         0  stubs.o ABSOLUTE
    _printf_flags                            0x00000000   Number         0  stubs.o ABSOLUTE
    _printf_fp_dec                           0x00000000   Number         0  stubs.o ABSOLUTE
    _printf_fp_hex                           0x00000000   Number         0  stubs.o ABSOLUTE
    _printf_g                                0x00000000   Number         0  stubs.o ABSOLUTE
    _printf_i                                0x00000000   Number         0  stubs.o ABSOLUTE
    _printf_int_dec                          0x00000000   Number         0  stubs.o ABSOLUTE
    _printf_l                                0x00000000   Number         0  stubs.o ABSOLUTE
    _printf_lc                               0x00000000   Number         0  stubs.o ABSOLUTE
    _printf_ll                               0x00000000   Number         0  stubs.o ABSOLUTE
    _printf_lld                              0x00000000   Number         0  stubs.o ABSOLUTE
    _printf_lli                              0x00000000   Number         0  stubs.o ABSOLUTE
    _printf_llo                              0x00000000   Number         0  stubs.o ABSOLUTE
    _printf_llu                              0x00000000   Number         0  stubs.o ABSOLUTE
    _printf_llx                              0x00000000   Number         0  stubs.o ABSOLUTE
    _printf_longlong_dec                     0x00000000   Number         0  stubs.o ABSOLUTE
    _printf_longlong_hex                     0x00000000   Number         0  stubs.o ABSOLUTE
    _printf_longlong_oct                     0x00000000   Number         0  stubs.o ABSOLUTE
    _printf_ls                               0x00000000   Number         0  stubs.o ABSOLUTE
    _printf_mbtowc                           0x00000000   Number         0  stubs.o ABSOLUTE
    _printf_n                                0x00000000   Number         0  stubs.o ABSOLUTE
    _printf_o                                0x00000000   Number         0  stubs.o ABSOLUTE
    _printf_p                                0x00000000   Number         0  stubs.o ABSOLUTE
    _printf_percent                          0x00000000   Number         0  stubs.o ABSOLUTE
    _printf_pre_padding                      0x00000000   Number         0  stubs.o ABSOLUTE
    _printf_return_value                     0x00000000   Number         0  stubs.o ABSOLUTE
    _printf_s                                0x00000000   Number         0  stubs.o ABSOLUTE
    _printf_sizespec                         0x00000000   Number         0  stubs.o ABSOLUTE
    _printf_str                              0x00000000   Number         0  stubs.o ABSOLUTE
    _printf_truncate_signed                  0x00000000   Number         0  stubs.o ABSOLUTE
    _printf_truncate_unsigned                0x00000000   Number         0  stubs.o ABSOLUTE
    _printf_u                                0x00000000   Number         0  stubs.o ABSOLUTE
    _printf_wc                               0x00000000   Number         0  stubs.o ABSOLUTE
    _printf_wctomb                           0x00000000   Number         0  stubs.o ABSOLUTE
    _printf_widthprec                        0x00000000   Number         0  stubs.o ABSOLUTE
    _printf_x                                0x00000000   Number         0  stubs.o ABSOLUTE
    __cpp_initialize__aeabi_                  - Undefined Weak Reference
    __cxa_finalize                            - Undefined Weak Reference
    __decompress                              - Undefined Weak Reference
    _clock_init                               - Undefined Weak Reference
    _microlib_exit                            - Undefined Weak Reference
    __Vectors_Size                           0x000000c0   Number         0  startup_stm32f030x8.o ABSOLUTE
    __Vectors                                0x08000000   Data           4  startup_stm32f030x8.o(RESET)
    __Vectors_End                            0x080000c0   Data           0  startup_stm32f030x8.o(RESET)
    __main                                   0x080000c1   Thumb Code     0  entry.o(.ARM.Collect$$$$00000000)
    _main_stk                                0x080000c1   Thumb Code     0  entry2.o(.ARM.Collect$$$$00000001)
    _main_scatterload                        0x080000c5   Thumb Code     0  entry5.o(.ARM.Collect$$$$00000004)
    __main_after_scatterload                 0x080000c9   Thumb Code     0  entry5.o(.ARM.Collect$$$$00000004)
    _main_clock                              0x080000c9   Thumb Code     0  entry7b.o(.ARM.Collect$$$$00000008)
    _main_cpp_init                           0x080000c9   Thumb Code     0  entry8b.o(.ARM.Collect$$$$0000000A)
    _main_init                               0x080000c9   Thumb Code     0  entry9a.o(.ARM.Collect$$$$0000000B)
    __rt_final_cpp                           0x080000d1   Thumb Code     0  entry10a.o(.ARM.Collect$$$$0000000D)
    __rt_final_exit                          0x080000d1   Thumb Code     0  entry11a.o(.ARM.Collect$$$$0000000F)
    Reset_Handler                            0x080000d5   Thumb Code     8  startup_stm32f030x8.o(.text)
    ADC1_COMP_IRQHandler                     0x080000e7   Thumb Code     0  startup_stm32f030x8.o(.text)
    CEC_IRQHandler                           0x080000e7   Thumb Code     0  startup_stm32f030x8.o(.text)
    DMA1_Channel1_IRQHandler                 0x080000e7   Thumb Code     0  startup_stm32f030x8.o(.text)
    DMA1_Channel2_3_IRQHandler               0x080000e7   Thumb Code     0  startup_stm32f030x8.o(.text)
    DMA1_Channel4_5_IRQHandler               0x080000e7   Thumb Code     0  startup_stm32f030x8.o(.text)
    EXTI0_1_IRQHandler                       0x080000e7   Thumb Code     0  startup_stm32f030x8.o(.text)
    EXTI2_3_IRQHandler                       0x080000e7   Thumb Code     0  startup_stm32f030x8.o(.text)
    EXTI4_15_IRQHandler                      0x080000e7   Thumb Code     0  startup_stm32f030x8.o(.text)
    FLASH_IRQHandler                         0x080000e7   Thumb Code     0  startup_stm32f030x8.o(.text)
    I2C1_IRQHandler                          0x080000e7   Thumb Code     0  startup_stm32f030x8.o(.text)
    I2C2_IRQHandler                          0x080000e7   Thumb Code     0  startup_stm32f030x8.o(.text)
    PVD_IRQHandler                           0x080000e7   Thumb Code     0  startup_stm32f030x8.o(.text)
    RCC_IRQHandler                           0x080000e7   Thumb Code     0  startup_stm32f030x8.o(.text)
    RTC_IRQHandler                           0x080000e7   Thumb Code     0  startup_stm32f030x8.o(.text)
    SPI1_IRQHandler                          0x080000e7   Thumb Code     0  startup_stm32f030x8.o(.text)
    SPI2_IRQHandler                          0x080000e7   Thumb Code     0  startup_stm32f030x8.o(.text)
    TIM14_IRQHandler                         0x080000e7   Thumb Code     0  startup_stm32f030x8.o(.text)
    TIM15_IRQHandler                         0x080000e7   Thumb Code     0  startup_stm32f030x8.o(.text)
    TIM17_IRQHandler                         0x080000e7   Thumb Code     0  startup_stm32f030x8.o(.text)
    TIM1_BRK_UP_TRG_COM_IRQHandler           0x080000e7   Thumb Code     0  startup_stm32f030x8.o(.text)
    TIM1_CC_IRQHandler                       0x080000e7   Thumb Code     0  startup_stm32f030x8.o(.text)
    TIM2_IRQHandler                          0x080000e7   Thumb Code     0  startup_stm32f030x8.o(.text)
    TIM3_IRQHandler                          0x080000e7   Thumb Code     0  startup_stm32f030x8.o(.text)
    TIM6_DAC_IRQHandler                      0x080000e7   Thumb Code     0  startup_stm32f030x8.o(.text)
    TS_IRQHandler                            0x080000e7   Thumb Code     0  startup_stm32f030x8.o(.text)
    USART2_IRQHandler                        0x080000e7   Thumb Code     0  startup_stm32f030x8.o(.text)
    WWDG_IRQHandler                          0x080000e7   Thumb Code     0  startup_stm32f030x8.o(.text)
    __aeabi_uidiv                            0x080000f1   Thumb Code     0  uidiv.o(.text)
    __aeabi_uidivmod                         0x080000f1   Thumb Code    44  uidiv.o(.text)
    __aeabi_idiv                             0x0800011d   Thumb Code     0  idiv.o(.text)
    __aeabi_idivmod                          0x0800011d   Thumb Code    40  idiv.o(.text)
    atoi                                     0x08000145   Thumb Code    26  atoi.o(.text)
    __aeabi_fadd                             0x0800015f   Thumb Code   162  fadd.o(.text)
    __aeabi_fsub                             0x08000201   Thumb Code     8  fadd.o(.text)
    __aeabi_frsub                            0x08000209   Thumb Code     8  fadd.o(.text)
    __aeabi_fmul                             0x08000211   Thumb Code   122  fmul.o(.text)
    __aeabi_dadd                             0x0800028d   Thumb Code   328  dadd.o(.text)
    __aeabi_dsub                             0x080003d5   Thumb Code    12  dadd.o(.text)
    __aeabi_drsub                            0x080003e1   Thumb Code    12  dadd.o(.text)
    __aeabi_dmul                             0x080003f1   Thumb Code   202  dmul.o(.text)
    __aeabi_ddiv                             0x080004c1   Thumb Code   234  ddiv.o(.text)
    __aeabi_i2f                              0x080005b1   Thumb Code    22  fflti.o(.text)
    __aeabi_i2d                              0x080005c9   Thumb Code    34  dflti.o(.text)
    __aeabi_ui2d                             0x080005f1   Thumb Code    24  dfltui.o(.text)
    __aeabi_f2iz                             0x0800060d   Thumb Code    50  ffixi.o(.text)
    __aeabi_d2iz                             0x08000641   Thumb Code    62  dfixi.o(.text)
    __aeabi_d2uiz                            0x08000689   Thumb Code    50  dfixui.o(.text)
    __aeabi_f2d                              0x080006c5   Thumb Code    40  f2d.o(.text)
    __aeabi_d2f                              0x080006ed   Thumb Code    56  d2f.o(.text)
    __aeabi_cfcmpeq                          0x08000725   Thumb Code     0  cfcmple.o(.text)
    __aeabi_cfcmple                          0x08000725   Thumb Code    20  cfcmple.o(.text)
    __aeabi_cfrcmple                         0x08000739   Thumb Code    20  cfrcmple.o(.text)
    __aeabi_llsl                             0x0800074d   Thumb Code    32  llshl.o(.text)
    _ll_shift_l                              0x0800074d   Thumb Code     0  llshl.o(.text)
    __aeabi_llsr                             0x0800076d   Thumb Code    34  llushr.o(.text)
    _ll_ushift_r                             0x0800076d   Thumb Code     0  llushr.o(.text)
    __aeabi_lasr                             0x0800078f   Thumb Code    38  llsshr.o(.text)
    _ll_sshift_r                             0x0800078f   Thumb Code     0  llsshr.o(.text)
    strtol                                   0x080007b5   Thumb Code   108  strtol.o(.text)
    __I$use$fp                               0x08000825   Thumb Code     0  iusefp.o(.text)
    _float_round                             0x08000825   Thumb Code    16  fepilogue.o(.text)
    _float_epilogue                          0x08000835   Thumb Code   114  fepilogue.o(.text)
    _double_round                            0x080008a7   Thumb Code    26  depilogue.o(.text)
    _double_epilogue                         0x080008c1   Thumb Code   164  depilogue.o(.text)
    __scatterload                            0x08000965   Thumb Code    28  init.o(.text)
    __scatterload_rt2                        0x08000965   Thumb Code     0  init.o(.text)
    __rt_ctype_table                         0x08000989   Thumb Code     4  ctype_o.o(.text)
    _strtoul                                 0x08000991   Thumb Code   166  _strtoul.o(.text)
    _chval                                   0x08000a37   Thumb Code    30  _chval.o(.text)
    ADC_CH_DMA_Config                        0x08000a55   Thumb Code   188  f0_dma_adc.o(i.ADC_CH_DMA_Config)
    ADC_ChannelConfig                        0x08000b1d   Thumb Code    10  stm32f0xx_adc.o(i.ADC_ChannelConfig)
    ADC_Cmd                                  0x08000b27   Thumb Code    18  stm32f0xx_adc.o(i.ADC_Cmd)
    ADC_DMACmd                               0x08000b39   Thumb Code    20  stm32f0xx_adc.o(i.ADC_DMACmd)
    ADC_DMARequestModeConfig                 0x08000b4d   Thumb Code    16  stm32f0xx_adc.o(i.ADC_DMARequestModeConfig)
    ADC_DeInit                               0x08000b5d   Thumb Code    28  stm32f0xx_adc.o(i.ADC_DeInit)
    ADC_GetCalibrationFactor                 0x08000b7d   Thumb Code    46  stm32f0xx_adc.o(i.ADC_GetCalibrationFactor)
    ADC_GetFlagStatus                        0x08000bab   Thumb Code    28  stm32f0xx_adc.o(i.ADC_GetFlagStatus)
    ADC_Init                                 0x08000bc9   Thumb Code    38  stm32f0xx_adc.o(i.ADC_Init)
    ADC_StartOfConversion                    0x08000bf5   Thumb Code    10  stm32f0xx_adc.o(i.ADC_StartOfConversion)
    ADC_StructInit                           0x08000bff   Thumb Code    16  stm32f0xx_adc.o(i.ADC_StructInit)
    ADC_TempSensorCmd                        0x08000c11   Thumb Code    22  stm32f0xx_adc.o(i.ADC_TempSensorCmd)
    DMA_Cmd                                  0x08000c2d   Thumb Code    20  stm32f0xx_dma.o(i.DMA_Cmd)
    DMA_DeInit                               0x08000c45   Thumb Code   100  stm32f0xx_dma.o(i.DMA_DeInit)
    DMA_Init                                 0x08000cb1   Thumb Code    56  stm32f0xx_dma.o(i.DMA_Init)
    Encoder_Config                           0x08000ced   Thumb Code   120  f0_timer3_encoderinterface.o(i.Encoder_Config)
    GPIO_Debug                               0x08000d69   Thumb Code    42  main.o(i.GPIO_Debug)
    GPIO_Init                                0x08000d93   Thumb Code   112  stm32f0xx_gpio.o(i.GPIO_Init)
    GPIO_PinAFConfig                         0x08000e03   Thumb Code    32  stm32f0xx_gpio.o(i.GPIO_PinAFConfig)
    GPIO_ResetBits                           0x08000e23   Thumb Code     4  stm32f0xx_gpio.o(i.GPIO_ResetBits)
    GPIO_SetBits                             0x08000e27   Thumb Code     4  stm32f0xx_gpio.o(i.GPIO_SetBits)
    GPIO_config                              0x08000e2b   Thumb Code    40  main.o(i.GPIO_config)
    Get_Encoder                              0x08000e55   Thumb Code     8  f0_timer3_encoderinterface.o(i.Get_Encoder)
    HardFault_Handler                        0x08000e61   Thumb Code     2  stm32f0xx_it.o(i.HardFault_Handler)
    NMI_Handler                              0x08000e63   Thumb Code     2  stm32f0xx_it.o(i.NMI_Handler)
    NVIC_Init                                0x08000e65   Thumb Code    70  stm32f0xx_misc.o(i.NVIC_Init)
    PID_                                     0x08000eb5   Thumb Code    20  pid.o(i.PID_)
    PID_Init                                 0x08000ec9   Thumb Code    74  pid.o(i.PID_Init)
    PID_Profile                              0x08000f2d   Thumb Code   174  pid.o(i.PID_Profile)
    PID_ViTri                                0x08000fed   Thumb Code   238  pid.o(i.PID_ViTri)
    PendSV_Handler                           0x080010f9   Thumb Code     2  stm32f0xx_it.o(i.PendSV_Handler)
    RCC_AHBPeriphClockCmd                    0x080010fd   Thumb Code    18  stm32f0xx_rcc.o(i.RCC_AHBPeriphClockCmd)
    RCC_APB1PeriphClockCmd                   0x08001115   Thumb Code    18  stm32f0xx_rcc.o(i.RCC_APB1PeriphClockCmd)
    RCC_APB2PeriphClockCmd                   0x0800112d   Thumb Code    18  stm32f0xx_rcc.o(i.RCC_APB2PeriphClockCmd)
    RCC_APB2PeriphResetCmd                   0x08001145   Thumb Code    18  stm32f0xx_rcc.o(i.RCC_APB2PeriphResetCmd)
    RCC_GetClocksFreq                        0x0800115d   Thumb Code   208  stm32f0xx_rcc.o(i.RCC_GetClocksFreq)
    Reset_Encoder                            0x08001245   Thumb Code     8  f0_timer3_encoderinterface.o(i.Reset_Encoder)
    SVC_Handler                              0x08001251   Thumb Code     2  stm32f0xx_it.o(i.SVC_Handler)
    SysTick_Handler                          0x080012ed   Thumb Code     8  stm32f0xx_it.o(i.SysTick_Handler)
    SystemInit                               0x080012f5   Thumb Code    84  system_stm32f0xx.o(i.SystemInit)
    SystemTick                               0x08001355   Thumb Code    32  main.o(i.SystemTick)
    TIM16_Config                             0x08001381   Thumb Code    76  f0_timer14.o(i.TIM16_Config)
    TIM16_IRQHandler                         0x080013d5   Thumb Code   302  stm32f0xx_it.o(i.TIM16_IRQHandler)
    TIM_ClearITPendingBit                    0x08001545   Thumb Code     6  stm32f0xx_tim.o(i.TIM_ClearITPendingBit)
    TIM_Cmd                                  0x0800154b   Thumb Code    20  stm32f0xx_tim.o(i.TIM_Cmd)
    TIM_CtrlPWMOutputs                       0x0800155f   Thumb Code    24  stm32f0xx_tim.o(i.TIM_CtrlPWMOutputs)
    TIM_EncoderInterfaceConfig               0x08001579   Thumb Code    42  stm32f0xx_tim.o(i.TIM_EncoderInterfaceConfig)
    TIM_GetITStatus                          0x080015a9   Thumb Code    24  stm32f0xx_tim.o(i.TIM_GetITStatus)
    TIM_ITConfig                             0x080015c1   Thumb Code    16  stm32f0xx_tim.o(i.TIM_ITConfig)
    TIM_OC1Init                              0x080015d1   Thumb Code   104  stm32f0xx_tim.o(i.TIM_OC1Init)
    TIM_OC3Init                              0x0800164d   Thumb Code   110  stm32f0xx_tim.o(i.TIM_OC3Init)
    TIM_PWM_Config                           0x080016d5   Thumb Code   156  f0_timer1_pwm.o(i.TIM_PWM_Config)
    TIM_SetCompare3                          0x0800177d   Thumb Code     4  stm32f0xx_tim.o(i.TIM_SetCompare3)
    TIM_TimeBaseInit                         0x08001781   Thumb Code    88  stm32f0xx_tim.o(i.TIM_TimeBaseInit)
    TimingDelay_Decrement                    0x080017f5   Thumb Code    16  main.o(i.TimingDelay_Decrement)
    USART1_IRQHandler                        0x08001809   Thumb Code    84  stm32f0xx_it.o(i.USART1_IRQHandler)
    USART_ClearFlag                          0x0800186d   Thumb Code     4  stm32f0xx_usart.o(i.USART_ClearFlag)
    USART_Cmd                                0x08001871   Thumb Code    20  stm32f0xx_usart.o(i.USART_Cmd)
    USART_Config                             0x08001885   Thumb Code   138  f0_usart.o(i.USART_Config)
    USART_GetFlagStatus                      0x08001919   Thumb Code    14  stm32f0xx_usart.o(i.USART_GetFlagStatus)
    USART_GetITStatus                        0x08001927   Thumb Code    56  stm32f0xx_usart.o(i.USART_GetITStatus)
    USART_ITConfig                           0x0800195f   Thumb Code    42  stm32f0xx_usart.o(i.USART_ITConfig)
    USART_Init                               0x08001989   Thumb Code   128  stm32f0xx_usart.o(i.USART_Init)
    USART_ReceiveData                        0x08001a15   Thumb Code     8  stm32f0xx_usart.o(i.USART_ReceiveData)
    USART_SendData                           0x08001a1d   Thumb Code     8  stm32f0xx_usart.o(i.USART_SendData)
    __0printf$1                              0x08001a25   Thumb Code    24  printf1.o(i.__0printf$1)
    __1printf$1                              0x08001a25   Thumb Code     0  printf1.o(i.__0printf$1)
    __2printf                                0x08001a25   Thumb Code     0  printf1.o(i.__0printf$1)
    __ARM_clz                                0x08001a45   Thumb Code    46  depilogue.o(i.__ARM_clz)
    __aeabi_errno_addr                       0x08001a75   Thumb Code     4  errno.o(i.__aeabi_errno_addr)
    __rt_errno_addr                          0x08001a75   Thumb Code     0  errno.o(i.__aeabi_errno_addr)
    __scatterload_copy                       0x08001a7d   Thumb Code    14  handlers.o(i.__scatterload_copy)
    __scatterload_null                       0x08001a8b   Thumb Code     2  handlers.o(i.__scatterload_null)
    __scatterload_zeroinit                   0x08001a8d   Thumb Code    14  handlers.o(i.__scatterload_zeroinit)
    fputc                                    0x08001bed   Thumb Code    72  f0_usart.o(i.fputc)
    main                                     0x08001c3d   Thumb Code    68  main.o(i.main)
    __ctype_table                            0x08001c94   Data         129  ctype_o.o(.constdata)
    Region$$Table$$Base                      0x08001d1c   Number         0  anon$$obj.o(Region$$Table)
    Region$$Table$$Limit                     0x08001d3c   Number         0  anon$$obj.o(Region$$Table)
    mode                                     0x20000010   Data           4  main.o(.data)
    dem                                      0x20000018   Data           2  stm32f0xx_it.o(.data)
    dem1                                     0x2000001a   Data           2  stm32f0xx_it.o(.data)
    dem2                                     0x2000001c   Data           2  stm32f0xx_it.o(.data)
    UART_count                               0x20000020   Data           4  stm32f0xx_it.o(.data)
    dem3                                     0x20000024   Data           4  stm32f0xx_it.o(.data)
    UART_chuoi                               0x20000028   Data           8  stm32f0xx_it.o(.data)
    speed                                    0x20000030   Data           1  stm32f0xx_it.o(.data)
    __stdout                                 0x2000003c   Data           4  f0_usart.o(.data)
    ADCConvertedValues                       0x20000040   Data           2  f0_dma_adc.o(.data)
    P_part                                   0x20000044   Data           4  pid.o(.data)
    I_part                                   0x20000048   Data           4  pid.o(.data)
    D_part                                   0x2000004c   Data           4  pid.o(.data)
    PposX_part                               0x20000050   Data           4  pid.o(.data)
    IposX_part                               0x20000054   Data           4  pid.o(.data)
    DposX_part                               0x20000058   Data           4  pid.o(.data)
    distance                                 0x2000005c   Data           4  pid.o(.data)
    response_stepx                           0x20000060   Data           4  pid.o(.data)
    max_resX                                 0x20000064   Data           4  pid.o(.data)
    a1                                       0x20000068   Data           4  pid.o(.data)
    a2                                       0x2000006c   Data           4  pid.o(.data)
    Timer_Rise                               0x20000070   Data           4  pid.o(.data)
    Timer_Fall                               0x20000074   Data           4  pid.o(.data)
    Timer_V                                  0x20000078   Data           4  pid.o(.data)
    Vmax                                     0x2000007c   Data           4  pid.o(.data)
    s0                                       0x20000080   Data           4  pid.o(.data)
    PIDVel_X                                 0x20000088   Data          68  pid.o(.bss)
    PIDPos_X                                 0x200000cc   Data          68  pid.o(.bss)
    __initial_sp                             0x20000510   Data           0  startup_stm32f030x8.o(STACK)



==============================================================================

Memory Map of the image

  Image Entry point : 0x080000c1

  Load Region LR_IROM1 (Base: 0x08000000, Size: 0x00001dc4, Max: 0x00004000, ABSOLUTE)

    Execution Region ER_IROM1 (Base: 0x08000000, Size: 0x00001d3c, Max: 0x00004000, ABSOLUTE)

    Base Addr    Size         Type   Attr      Idx    E Section Name        Object

    0x08000000   0x000000c0   Data   RO            3    RESET               startup_stm32f030x8.o
    0x080000c0   0x00000000   Code   RO         2412  * .ARM.Collect$$$$00000000  mc_p.l(entry.o)
    0x080000c0   0x00000004   Code   RO         2714    .ARM.Collect$$$$00000001  mc_p.l(entry2.o)
    0x080000c4   0x00000004   Code   RO         2717    .ARM.Collect$$$$00000004  mc_p.l(entry5.o)
    0x080000c8   0x00000000   Code   RO         2719    .ARM.Collect$$$$00000008  mc_p.l(entry7b.o)
    0x080000c8   0x00000000   Code   RO         2721    .ARM.Collect$$$$0000000A  mc_p.l(entry8b.o)
    0x080000c8   0x00000008   Code   RO         2722    .ARM.Collect$$$$0000000B  mc_p.l(entry9a.o)
    0x080000d0   0x00000000   Code   RO         2724    .ARM.Collect$$$$0000000D  mc_p.l(entry10a.o)
    0x080000d0   0x00000000   Code   RO         2726    .ARM.Collect$$$$0000000F  mc_p.l(entry11a.o)
    0x080000d0   0x00000004   Code   RO         2715    .ARM.Collect$$$$00002712  mc_p.l(entry2.o)
    0x080000d4   0x0000001c   Code   RO            4    .text               startup_stm32f030x8.o
    0x080000f0   0x0000002c   Code   RO         2415    .text               mc_p.l(uidiv.o)
    0x0800011c   0x00000028   Code   RO         2417    .text               mc_p.l(idiv.o)
    0x08000144   0x0000001a   Code   RO         2680    .text               mc_p.l(atoi.o)
    0x0800015e   0x000000b2   Code   RO         2682    .text               mf_p.l(fadd.o)
    0x08000210   0x0000007a   Code   RO         2684    .text               mf_p.l(fmul.o)
    0x0800028a   0x00000002   PAD
    0x0800028c   0x00000164   Code   RO         2688    .text               mf_p.l(dadd.o)
    0x080003f0   0x000000d0   Code   RO         2690    .text               mf_p.l(dmul.o)
    0x080004c0   0x000000f0   Code   RO         2692    .text               mf_p.l(ddiv.o)
    0x080005b0   0x00000016   Code   RO         2694    .text               mf_p.l(fflti.o)
    0x080005c6   0x00000002   PAD
    0x080005c8   0x00000028   Code   RO         2696    .text               mf_p.l(dflti.o)
    0x080005f0   0x0000001c   Code   RO         2698    .text               mf_p.l(dfltui.o)
    0x0800060c   0x00000032   Code   RO         2700    .text               mf_p.l(ffixi.o)
    0x0800063e   0x00000002   PAD
    0x08000640   0x00000048   Code   RO         2702    .text               mf_p.l(dfixi.o)
    0x08000688   0x0000003c   Code   RO         2704    .text               mf_p.l(dfixui.o)
    0x080006c4   0x00000028   Code   RO         2706    .text               mf_p.l(f2d.o)
    0x080006ec   0x00000038   Code   RO         2708    .text               mf_p.l(d2f.o)
    0x08000724   0x00000014   Code   RO         2710    .text               mf_p.l(cfcmple.o)
    0x08000738   0x00000014   Code   RO         2712    .text               mf_p.l(cfrcmple.o)
    0x0800074c   0x00000020   Code   RO         2730    .text               mc_p.l(llshl.o)
    0x0800076c   0x00000022   Code   RO         2732    .text               mc_p.l(llushr.o)
    0x0800078e   0x00000026   Code   RO         2734    .text               mc_p.l(llsshr.o)
    0x080007b4   0x00000070   Code   RO         2743    .text               mc_p.l(strtol.o)
    0x08000824   0x00000000   Code   RO         2745    .text               mc_p.l(iusefp.o)
    0x08000824   0x00000082   Code   RO         2746    .text               mf_p.l(fepilogue.o)
    0x080008a6   0x000000be   Code   RO         2748    .text               mf_p.l(depilogue.o)
    0x08000964   0x00000024   Code   RO         2756    .text               mc_p.l(init.o)
    0x08000988   0x00000008   Code   RO         2758    .text               mc_p.l(ctype_o.o)
    0x08000990   0x000000a6   Code   RO         2786    .text               mc_p.l(_strtoul.o)
    0x08000a36   0x0000001e   Code   RO         2788    .text               mc_p.l(_chval.o)
    0x08000a54   0x000000c8   Code   RO         2321    i.ADC_CH_DMA_Config  f0_dma_adc.o
    0x08000b1c   0x0000000a   Code   RO          733    i.ADC_ChannelConfig  stm32f0xx_adc.o
    0x08000b26   0x00000012   Code   RO          736    i.ADC_Cmd           stm32f0xx_adc.o
    0x08000b38   0x00000014   Code   RO          738    i.ADC_DMACmd        stm32f0xx_adc.o
    0x08000b4c   0x00000010   Code   RO          739    i.ADC_DMARequestModeConfig  stm32f0xx_adc.o
    0x08000b5c   0x00000020   Code   RO          740    i.ADC_DeInit        stm32f0xx_adc.o
    0x08000b7c   0x0000002e   Code   RO          742    i.ADC_GetCalibrationFactor  stm32f0xx_adc.o
    0x08000baa   0x0000001c   Code   RO          744    i.ADC_GetFlagStatus  stm32f0xx_adc.o
    0x08000bc6   0x00000002   PAD
    0x08000bc8   0x0000002c   Code   RO          747    i.ADC_Init          stm32f0xx_adc.o
    0x08000bf4   0x0000000a   Code   RO          750    i.ADC_StartOfConversion  stm32f0xx_adc.o
    0x08000bfe   0x00000010   Code   RO          752    i.ADC_StructInit    stm32f0xx_adc.o
    0x08000c0e   0x00000002   PAD
    0x08000c10   0x0000001c   Code   RO          753    i.ADC_TempSensorCmd  stm32f0xx_adc.o
    0x08000c2c   0x00000018   Code   RO          921    i.DMA_Cmd           stm32f0xx_dma.o
    0x08000c44   0x0000006c   Code   RO          922    i.DMA_DeInit        stm32f0xx_dma.o
    0x08000cb0   0x0000003c   Code   RO          927    i.DMA_Init          stm32f0xx_dma.o
    0x08000cec   0x0000007c   Code   RO         2252    i.Encoder_Config    f0_timer3_encoderinterface.o
    0x08000d68   0x0000002a   Code   RO         1870    i.GPIO_Debug        main.o
    0x08000d92   0x00000070   Code   RO          156    i.GPIO_Init         stm32f0xx_gpio.o
    0x08000e02   0x00000020   Code   RO          157    i.GPIO_PinAFConfig  stm32f0xx_gpio.o
    0x08000e22   0x00000004   Code   RO          163    i.GPIO_ResetBits    stm32f0xx_gpio.o
    0x08000e26   0x00000004   Code   RO          164    i.GPIO_SetBits      stm32f0xx_gpio.o
    0x08000e2a   0x00000028   Code   RO         1871    i.GPIO_config       main.o
    0x08000e52   0x00000002   PAD
    0x08000e54   0x0000000c   Code   RO         2253    i.Get_Encoder       f0_timer3_encoderinterface.o
    0x08000e60   0x00000002   Code   RO         2036    i.HardFault_Handler  stm32f0xx_it.o
    0x08000e62   0x00000002   Code   RO         2037    i.NMI_Handler       stm32f0xx_it.o
    0x08000e64   0x00000050   Code   RO          310    i.NVIC_Init         stm32f0xx_misc.o
    0x08000eb4   0x00000014   Code   RO         2354    i.PID_              pid.o
    0x08000ec8   0x00000064   Code   RO         2355    i.PID_Init          pid.o
    0x08000f2c   0x000000c0   Code   RO         2356    i.PID_Profile       pid.o
    0x08000fec   0x0000010c   Code   RO         2357    i.PID_ViTri         pid.o
    0x080010f8   0x00000002   Code   RO         2038    i.PendSV_Handler    stm32f0xx_it.o
    0x080010fa   0x00000002   PAD
    0x080010fc   0x00000018   Code   RO          349    i.RCC_AHBPeriphClockCmd  stm32f0xx_rcc.o
    0x08001114   0x00000018   Code   RO          351    i.RCC_APB1PeriphClockCmd  stm32f0xx_rcc.o
    0x0800112c   0x00000018   Code   RO          353    i.RCC_APB2PeriphClockCmd  stm32f0xx_rcc.o
    0x08001144   0x00000018   Code   RO          354    i.RCC_APB2PeriphResetCmd  stm32f0xx_rcc.o
    0x0800115c   0x000000e8   Code   RO          363    i.RCC_GetClocksFreq  stm32f0xx_rcc.o
    0x08001244   0x0000000c   Code   RO         2254    i.Reset_Encoder     f0_timer3_encoderinterface.o
    0x08001250   0x00000002   Code   RO         2039    i.SVC_Handler       stm32f0xx_it.o
    0x08001252   0x00000002   PAD
    0x08001254   0x00000098   Code   RO         2115    i.SetSysClock       system_stm32f0xx.o
    0x080012ec   0x00000008   Code   RO         2040    i.SysTick_Handler   stm32f0xx_it.o
    0x080012f4   0x00000060   Code   RO         2117    i.SystemInit        system_stm32f0xx.o
    0x08001354   0x0000002c   Code   RO         1872    i.SystemTick        main.o
    0x08001380   0x00000054   Code   RO         2288    i.TIM16_Config      f0_timer14.o
    0x080013d4   0x00000170   Code   RO         2041    i.TIM16_IRQHandler  stm32f0xx_it.o
    0x08001544   0x00000006   Code   RO         1011    i.TIM_ClearITPendingBit  stm32f0xx_tim.o
    0x0800154a   0x00000014   Code   RO         1016    i.TIM_Cmd           stm32f0xx_tim.o
    0x0800155e   0x00000018   Code   RO         1018    i.TIM_CtrlPWMOutputs  stm32f0xx_tim.o
    0x08001576   0x00000002   PAD
    0x08001578   0x00000030   Code   RO         1025    i.TIM_EncoderInterfaceConfig  stm32f0xx_tim.o
    0x080015a8   0x00000018   Code   RO         1037    i.TIM_GetITStatus   stm32f0xx_tim.o
    0x080015c0   0x00000010   Code   RO         1041    i.TIM_ITConfig      stm32f0xx_tim.o
    0x080015d0   0x0000007c   Code   RO         1045    i.TIM_OC1Init       stm32f0xx_tim.o
    0x0800164c   0x00000088   Code   RO         1055    i.TIM_OC3Init       stm32f0xx_tim.o
    0x080016d4   0x000000a8   Code   RO         2224    i.TIM_PWM_Config    f0_timer1_pwm.o
    0x0800177c   0x00000004   Code   RO         1081    i.TIM_SetCompare3   stm32f0xx_tim.o
    0x08001780   0x00000074   Code   RO         1089    i.TIM_TimeBaseInit  stm32f0xx_tim.o
    0x080017f4   0x00000014   Code   RO         1873    i.TimingDelay_Decrement  main.o
    0x08001808   0x00000064   Code   RO         2042    i.USART1_IRQHandler  stm32f0xx_it.o
    0x0800186c   0x00000004   Code   RO         1561    i.USART_ClearFlag   stm32f0xx_usart.o
    0x08001870   0x00000014   Code   RO         1565    i.USART_Cmd         stm32f0xx_usart.o
    0x08001884   0x00000094   Code   RO         2152    i.USART_Config      f0_usart.o
    0x08001918   0x0000000e   Code   RO         1573    i.USART_GetFlagStatus  stm32f0xx_usart.o
    0x08001926   0x00000038   Code   RO         1574    i.USART_GetITStatus  stm32f0xx_usart.o
    0x0800195e   0x0000002a   Code   RO         1576    i.USART_ITConfig    stm32f0xx_usart.o
    0x08001988   0x0000008c   Code   RO         1577    i.USART_Init        stm32f0xx_usart.o
    0x08001a14   0x00000008   Code   RO         1589    i.USART_ReceiveData  stm32f0xx_usart.o
    0x08001a1c   0x00000008   Code   RO         1594    i.USART_SendData    stm32f0xx_usart.o
    0x08001a24   0x00000020   Code   RO         2464    i.__0printf$1       mc_p.l(printf1.o)
    0x08001a44   0x0000002e   Code   RO         2750    i.__ARM_clz         mf_p.l(depilogue.o)
    0x08001a72   0x00000002   PAD
    0x08001a74   0x00000008   Code   RO         2736    i.__aeabi_errno_addr  mc_p.l(errno.o)
    0x08001a7c   0x0000000e   Code   RO         2792    i.__scatterload_copy  mc_p.l(handlers.o)
    0x08001a8a   0x00000002   Code   RO         2793    i.__scatterload_null  mc_p.l(handlers.o)
    0x08001a8c   0x0000000e   Code   RO         2794    i.__scatterload_zeroinit  mc_p.l(handlers.o)
    0x08001a9a   0x00000002   PAD
    0x08001a9c   0x00000150   Code   RO         2471    i._printf_core      mc_p.l(printf1.o)
    0x08001bec   0x00000050   Code   RO         2158    i.fputc             f0_usart.o
    0x08001c3c   0x00000058   Code   RO         1874    i.main              main.o
    0x08001c94   0x00000081   Data   RO         2759    .constdata          mc_p.l(ctype_o.o)
    0x08001d15   0x00000003   PAD
    0x08001d18   0x00000004   Data   RO         2760    .constdata          mc_p.l(ctype_o.o)
    0x08001d1c   0x00000020   Data   RO         2790    Region$$Table       anon$$obj.o


    Execution Region RW_IRAM1 (Base: 0x20000000, Size: 0x00000510, Max: 0x00001000, ABSOLUTE)

    Base Addr    Size         Type   Attr      Idx    E Section Name        Object

    0x20000000   0x00000010   Data   RW          387    .data               stm32f0xx_rcc.o
    0x20000010   0x00000004   Data   RW         1875    .data               main.o
    0x20000014   0x00000004   Data   RW         1876    .data               main.o
    0x20000018   0x00000018   Data   RW         2043    .data               stm32f0xx_it.o
    0x20000030   0x00000001   Data   RW         2044    .data               stm32f0xx_it.o
    0x20000031   0x00000003   PAD
    0x20000034   0x00000008   Data   RW         2159    .data               f0_usart.o
    0x2000003c   0x00000004   Data   RW         2160    .data               f0_usart.o
    0x20000040   0x00000002   Data   RW         2323    .data               f0_dma_adc.o
    0x20000042   0x00000002   PAD
    0x20000044   0x0000003c   Data   RW         2359    .data               pid.o
    0x20000080   0x00000004   Data   RW         2368    .data               pid.o
    0x20000084   0x00000004   Data   RW         2739    .data               mc_p.l(errno.o)
    0x20000088   0x00000088   Zero   RW         2358    .bss                pid.o
    0x20000110   0x00000400   Zero   RW            1    STACK               startup_stm32f030x8.o


==============================================================================

Image component sizes


      Code (inc. data)   RO Data    RW Data    ZI Data      Debug   Object Name

       200         12          0          2          0       1373   f0_dma_adc.o
        84          8          0          0          0        595   f0_timer14.o
       168         12          0          0          0        805   f0_timer1_pwm.o
       148         12          0          0          0       2167   f0_timer3_encoderinterface.o
       228         18          0         12          0       3688   f0_usart.o
       234         36          0          8          0      98283   main.o
       580         74          0         64        136       4736   pid.o
        28          8        192          0       1024        840   startup_stm32f030x8.o
         0          0          0          0          0     137164   stm32f0308_discovery.o
       268         16          0          0          0      15846   stm32f0xx_adc.o
       192         16          0          0          0       8618   stm32f0xx_dma.o
       152          0          0          0          0      18259   stm32f0xx_gpio.o
       484         82          0         25          0       5119   stm32f0xx_it.o
        80         10          0          0          0       2384   stm32f0xx_misc.o
       328         48          0         16          0      15155   stm32f0xx_rcc.o
       518         80          0          0          0      28621   stm32f0xx_tim.o
       292         12          0          0          0      16051   stm32f0xx_usart.o
       248         22          0          0          0       1625   system_stm32f0xx.o

    ----------------------------------------------------------------------
      4244        466        224        132       1160     361329   Object Totals
         0          0         32          0          0          0   (incl. Generated)
        12          0          0          5          0          0   (incl. Padding)

    ----------------------------------------------------------------------

      Code (inc. data)   RO Data    RW Data    ZI Data      Debug   Library Member Name

        30          0          0          0          0         60   _chval.o
       166          0          0          0          0         84   _strtoul.o
        26          0          0          0          0         72   atoi.o
         8          4        133          0          0         60   ctype_o.o
         0          0          0          0          0          0   entry.o
         0          0          0          0          0          0   entry10a.o
         0          0          0          0          0          0   entry11a.o
         8          4          0          0          0          0   entry2.o
         4          0          0          0          0          0   entry5.o
         0          0          0          0          0          0   entry7b.o
         0          0          0          0          0          0   entry8b.o
         8          4          0          0          0          0   entry9a.o
         8          4          0          4          0         60   errno.o
        30          0          0          0          0          0   handlers.o
        40          0          0          0          0         72   idiv.o
        36          8          0          0          0         68   init.o
         0          0          0          0          0          0   iusefp.o
        32          0          0          0          0         68   llshl.o
        38          0          0          0          0         68   llsshr.o
        34          0          0          0          0         68   llushr.o
       368         12          0          0          0        168   printf1.o
       112          4          0          0          0         76   strtol.o
        44          0          0          0          0         72   uidiv.o
        20          0          0          0          0         68   cfcmple.o
        20          0          0          0          0         68   cfrcmple.o
        56          0          0          0          0         68   d2f.o
       356          4          0          0          0        140   dadd.o
       240          6          0          0          0         84   ddiv.o
       236          0          0          0          0        216   depilogue.o
        72         10          0          0          0         72   dfixi.o
        60         10          0          0          0         68   dfixui.o
        40          6          0          0          0         68   dflti.o
        28          4          0          0          0         68   dfltui.o
       208          6          0          0          0         88   dmul.o
        40          0          0          0          0         60   f2d.o
       178          0          0          0          0        108   fadd.o
       130          0          0          0          0        144   fepilogue.o
        50          0          0          0          0         60   ffixi.o
        22          0          0          0          0         68   fflti.o
       122          0          0          0          0         72   fmul.o

    ----------------------------------------------------------------------
      2880         86        136          4          0       2516   Library Totals
        10          0          3          0          0          0   (incl. Padding)

    ----------------------------------------------------------------------

      Code (inc. data)   RO Data    RW Data    ZI Data      Debug   Library Name

       992         40        133          4          0        996   mc_p.l
      1878         46          0          0          0       1520   mf_p.l

    ----------------------------------------------------------------------
      2880         86        136          4          0       2516   Library Totals

    ----------------------------------------------------------------------

==============================================================================


      Code (inc. data)   RO Data    RW Data    ZI Data      Debug   

      7124        552        360        136       1160     359801   Grand Totals
      7124        552        360        136       1160     359801   ELF Image Totals
      7124        552        360        136          0          0   ROM Totals

==============================================================================

    Total RO  Size (Code + RO Data)                 7484 (   7.31kB)
    Total RW  Size (RW Data + ZI Data)              1296 (   1.27kB)
    Total ROM Size (Code + RO Data + RW Data)       7620 (   7.44kB)

==============================================================================

