Product: MDK-ARM Professional 5.10
Component: ARM Compiler 5.04 update 1 (build 49)
Tool: armlink [5040049]

==============================================================================

Section Cross References

    startup_stm32f030x8.o(RESET) refers to startup_stm32f030x8.o(STACK) for __initial_sp
    startup_stm32f030x8.o(RESET) refers to startup_stm32f030x8.o(.text) for Reset_Handler
    startup_stm32f030x8.o(RESET) refers to stm32f0xx_it.o(i.NMI_Handler) for NMI_Handler
    startup_stm32f030x8.o(RESET) refers to stm32f0xx_it.o(i.HardFault_Handler) for HardFault_Handler
    startup_stm32f030x8.o(RESET) refers to stm32f0xx_it.o(i.SVC_Handler) for SVC_Handler
    startup_stm32f030x8.o(RESET) refers to stm32f0xx_it.o(i.PendSV_Handler) for PendSV_Handler
    startup_stm32f030x8.o(RESET) refers to stm32f0xx_it.o(i.SysTick_Handler) for SysTick_Handler
    startup_stm32f030x8.o(RESET) refers to stm32f0xx_it.o(i.TIM16_IRQHandler) for TIM16_IRQHandler
    startup_stm32f030x8.o(RESET) refers to stm32f0xx_it.o(i.USART1_IRQHandler) for USART1_IRQHandler
    startup_stm32f030x8.o(.text) refers to system_stm32f0xx.o(i.SystemInit) for SystemInit
    startup_stm32f030x8.o(.text) refers to entry.o(.ARM.Collect$$$$00000000) for __main
    stm32f0308_discovery.o(i.STM_EVAL_LEDInit) refers to stm32f0xx_rcc.o(i.RCC_AHBPeriphClockCmd) for RCC_AHBPeriphClockCmd
    stm32f0308_discovery.o(i.STM_EVAL_LEDInit) refers to stm32f0xx_gpio.o(i.GPIO_Init) for GPIO_Init
    stm32f0308_discovery.o(i.STM_EVAL_LEDInit) refers to stm32f0308_discovery.o(.constdata) for .constdata
    stm32f0308_discovery.o(i.STM_EVAL_LEDInit) refers to stm32f0308_discovery.o(.data) for .data
    stm32f0308_discovery.o(i.STM_EVAL_LEDOff) refers to stm32f0308_discovery.o(.constdata) for .constdata
    stm32f0308_discovery.o(i.STM_EVAL_LEDOff) refers to stm32f0308_discovery.o(.data) for .data
    stm32f0308_discovery.o(i.STM_EVAL_LEDOn) refers to stm32f0308_discovery.o(.constdata) for .constdata
    stm32f0308_discovery.o(i.STM_EVAL_LEDOn) refers to stm32f0308_discovery.o(.data) for .data
    stm32f0308_discovery.o(i.STM_EVAL_LEDToggle) refers to stm32f0308_discovery.o(.data) for .data
    stm32f0308_discovery.o(i.STM_EVAL_LEDToggle) refers to stm32f0308_discovery.o(.constdata) for .constdata
    stm32f0308_discovery.o(i.STM_EVAL_PBGetState) refers to stm32f0xx_gpio.o(i.GPIO_ReadInputDataBit) for GPIO_ReadInputDataBit
    stm32f0308_discovery.o(i.STM_EVAL_PBGetState) refers to stm32f0308_discovery.o(.constdata) for .constdata
    stm32f0308_discovery.o(i.STM_EVAL_PBGetState) refers to stm32f0308_discovery.o(.data) for .data
    stm32f0308_discovery.o(i.STM_EVAL_PBInit) refers to stm32f0xx_rcc.o(i.RCC_AHBPeriphClockCmd) for RCC_AHBPeriphClockCmd
    stm32f0308_discovery.o(i.STM_EVAL_PBInit) refers to stm32f0xx_rcc.o(i.RCC_APB2PeriphClockCmd) for RCC_APB2PeriphClockCmd
    stm32f0308_discovery.o(i.STM_EVAL_PBInit) refers to stm32f0xx_gpio.o(i.GPIO_Init) for GPIO_Init
    stm32f0308_discovery.o(i.STM_EVAL_PBInit) refers to stm32f0xx_syscfg.o(i.SYSCFG_EXTILineConfig) for SYSCFG_EXTILineConfig
    stm32f0308_discovery.o(i.STM_EVAL_PBInit) refers to stm32f0xx_exti.o(i.EXTI_Init) for EXTI_Init
    stm32f0308_discovery.o(i.STM_EVAL_PBInit) refers to stm32f0xx_misc.o(i.NVIC_Init) for NVIC_Init
    stm32f0308_discovery.o(i.STM_EVAL_PBInit) refers to stm32f0308_discovery.o(.constdata) for .constdata
    stm32f0308_discovery.o(i.STM_EVAL_PBInit) refers to stm32f0308_discovery.o(.data) for .data
    stm32f0xx_gpio.o(i.GPIO_DeInit) refers to stm32f0xx_rcc.o(i.RCC_AHBPeriphResetCmd) for RCC_AHBPeriphResetCmd
    stm32f0xx_rcc.o(i.RCC_GetClocksFreq) refers to uidiv.o(.text) for __aeabi_uidivmod
    stm32f0xx_rcc.o(i.RCC_GetClocksFreq) refers to stm32f0xx_rcc.o(.data) for .data
    stm32f0xx_rcc.o(i.RCC_WaitForHSEStartUp) refers to stm32f0xx_rcc.o(i.RCC_GetFlagStatus) for RCC_GetFlagStatus
    stm32f0xx_adc.o(i.ADC_DeInit) refers to stm32f0xx_rcc.o(i.RCC_APB2PeriphResetCmd) for RCC_APB2PeriphResetCmd
    stm32f0xx_tim.o(i.TIM_DeInit) refers to stm32f0xx_rcc.o(i.RCC_APB1PeriphResetCmd) for RCC_APB1PeriphResetCmd
    stm32f0xx_tim.o(i.TIM_DeInit) refers to stm32f0xx_rcc.o(i.RCC_APB2PeriphResetCmd) for RCC_APB2PeriphResetCmd
    stm32f0xx_tim.o(i.TIM_ETRClockMode1Config) refers to stm32f0xx_tim.o(i.TIM_ETRConfig) for TIM_ETRConfig
    stm32f0xx_tim.o(i.TIM_ETRClockMode2Config) refers to stm32f0xx_tim.o(i.TIM_ETRConfig) for TIM_ETRConfig
    stm32f0xx_tim.o(i.TIM_ICInit) refers to stm32f0xx_tim.o(i.TIM_SetIC4Prescaler) for TIM_SetIC4Prescaler
    stm32f0xx_tim.o(i.TIM_ICInit) refers to stm32f0xx_tim.o(i.TI1_Config) for TI1_Config
    stm32f0xx_tim.o(i.TIM_ICInit) refers to stm32f0xx_tim.o(i.TIM_SetIC1Prescaler) for TIM_SetIC1Prescaler
    stm32f0xx_tim.o(i.TIM_ICInit) refers to stm32f0xx_tim.o(i.TI2_Config) for TI2_Config
[...]
    printf5.o(i.__0snprintf$5) refers to printf5.o(i._printf_core) for _printf_core
    printf5.o(i.__0snprintf$5) refers to printf5.o(i._snputc) for _snputc
    printf5.o(i.__0sprintf$5) refers to printf5.o(i._printf_core) for _printf_core
    printf5.o(i.__0sprintf$5) refers to printf5.o(i._sputc) for _sputc
    printf5.o(i.__0vfprintf$5) refers to printf5.o(i._printf_core) for _printf_core
    printf5.o(i.__0vfprintf$5) refers to f0_usart.o(i.fputc) for fputc
    printf5.o(i.__0vprintf$5) refers to printf5.o(i._printf_core) for _printf_core
    printf5.o(i.__0vprintf$5) refers to f0_usart.o(i.fputc) for fputc
    printf5.o(i.__0vprintf$5) refers to f0_usart.o(.data) for __stdout
    printf5.o(i.__0vsnprintf$5) refers to printf5.o(i._printf_core) for _printf_core
    printf5.o(i.__0vsnprintf$5) refers to printf5.o(i._snputc) for _snputc
    printf5.o(i.__0vsprintf$5) refers to printf5.o(i._printf_core) for _printf_core
    printf5.o(i.__0vsprintf$5) refers to printf5.o(i._sputc) for _sputc
    printf5.o(i._printf_core) refers to uldiv.o(.text) for __aeabi_uldivmod
    printf6.o(i.__0fprintf$6) refers to printf6.o(i._printf_core) for _printf_core
    printf6.o(i.__0fprintf$6) refers to f0_usart.o(i.fputc) for fputc
    printf6.o(i.__0printf$6) refers to printf6.o(i._printf_core) for _printf_core
    printf6.o(i.__0printf$6) refers to f0_usart.o(i.fputc) for fputc
    printf6.o(i.__0printf$6) refers to f0_usart.o(.data) for __stdout
    printf6.o(i.__0snprintf$6) refers to printf6.o(i._printf_core) for _printf_core
    printf6.o(i.__0snprintf$6) refers to printf6.o(i._snputc) for _snputc
    printf6.o(i.__0sprintf$6) refers to printf6.o(i._printf_core) for _printf_core
    printf6.o(i.__0sprintf$6) refers to printf6.o(i._sputc) for _sputc
    printf6.o(i.__0vfprintf$6) refers to printf6.o(i._printf_core) for _printf_core
    printf6.o(i.__0vfprintf$6) refers to f0_usart.o(i.fputc) for fputc
    printf6.o(i.__0vprintf$6) refers to printf6.o(i._printf_core) for _printf_core
    printf6.o(i.__0vprintf$6) refers to f0_usart.o(i.fputc) for fputc
    printf6.o(i.__0vprintf$6) refers to f0_usart.o(.data) for __stdout
    printf6.o(i.__0vsnprintf$6) refers to printf6.o(i._printf_core) for _printf_core
    printf6.o(i.__0vsnprintf$6) refers to printf6.o(i._snputc) for _snputc
    printf6.o(i.__0vsprintf$6) refers to printf6.o(i._printf_core) for _printf_core
    printf6.o(i.__0vsprintf$6) refers to printf6.o(i._sputc) for _sputc
    printf6.o(i._printf_core) refers to printf6.o(i._printf_pre_padding) for _printf_pre_padding
    printf6.o(i._printf_core) refers to printf6.o(i._printf_post_padding) for _printf_post_padding
    printf6.o(i._printf_core) refers to uidiv.o(.text) for __aeabi_uidivmod
    printf7.o(i.__0fprintf$7) refers to printf7.o(i._printf_core) for _printf_core
    printf7.o(i.__0fprintf$7) refers to f0_usart.o(i.fputc) for fputc
    printf7.o(i.__0printf$7) refers to printf7.o(i._printf_core) for _printf_core
    printf7.o(i.__0printf$7) refers to f0_usart.o(i.fputc) for fputc
    printf7.o(i.__0printf$7) refers to f0_usart.o(.data) for __stdout
    printf7.o(i.__0snprintf$7) refers to printf7.o(i._printf_core) for _printf_core
    printf7.o(i.__0snprintf$7) refers to printf7.o(i._snputc) for _snputc
    printf7.o(i.__0sprintf$7) refers to printf7.o(i._printf_core) for _printf_core
    printf7.o(i.__0sprintf$7) refers to printf7.o(i._sputc) for _sputc
    printf7.o(i.__0vfprintf$7) refers to printf7.o(i._printf_core) for _printf_core
    printf7.o(i.__0vfprintf$7) refers to f0_usart.o(i.fputc) for fputc
    printf7.o(i.__0vprintf$7) refers to printf7.o(i._printf_core) for _printf_core
    printf7.o(i.__0vprintf$7) refers to f0_usart.o(i.fputc) for fputc
    printf7.o(i.__0vprintf$7) refers to f0_usart.o(.data) for __stdout
    printf7.o(i.__0vsnprintf$7) refers to printf7.o(i._printf_core) for _printf_core
    printf7.o(i.__0vsnprintf$7) refers to printf7.o(i._snputc) for _snputc
    printf7.o(i.__0vsprintf$7) refers to printf7.o(i._printf_core) for _printf_core
    printf7.o(i.__0vsprintf$7) refers to printf7.o(i._sputc) for _sputc
    printf7.o(i._printf_core) refers to printf7.o(i._printf_pre_padding) for _printf_pre_padding
    printf7.o(i._printf_core) refers to printf7.o(i._printf_post_padding) for _printf_post_padding
    printf7.o(i._printf_core) refers to uldiv.o(.text) for __aeabi_uldivmod
    printf8.o(i.__0fprintf$8) refers to printf8.o(i._printf_core) for _printf_core
    printf8.o(i.__0fprintf$8) refers to f0_usart.o(i.fputc) for fputc
    printf8.o(i.__0printf$8) refers to printf8.o(i._printf_core) for _printf_core
    printf8.o(i.__0printf$8) refers to f0_usart.o(i.fputc) for fputc
    printf8.o(i.__0printf$8) refers to f0_usart.o(.data) for __stdout
    printf8.o(i.__0snprintf$8) refers to printf8.o(i._printf_core) for _printf_core
    printf8.o(i.__0snprintf$8) refers to printf8.o(i._snputc) for _snputc
    printf8.o(i.__0sprintf$8) refers to printf8.o(i._printf_core) for _printf_core
    printf8.o(i.__0sprintf$8) refers to printf8.o(i._sputc) for _sputc
    printf8.o(i.__0vfprintf$8) refers to printf8.o(i._printf_core) for _printf_core
    printf8.o(i.__0vfprintf$8) refers to f0_usart.o(i.fputc) for fputc
    printf8.o(i.__0vprintf$8) refers to printf8.o(i._printf_core) for _printf_core
    printf8.o(i.__0vprintf$8) refers to f0_usart.o(i.fputc) for fputc
    printf8.o(i.__0vprintf$8) refers to f0_usart.o(.data) for __stdout
    printf8.o(i.__0vsnprintf$8) refers to printf8.o(i._printf_core) for _printf_core
    printf8.o(i.__0vsnprintf$8) refers to printf8.o(i._snputc) for _snputc
    printf8.o(i.__0vsprintf$8) refers to printf8.o(i._printf_core) for _printf_core
    printf8.o(i.__0vsprintf$8) refers to printf8.o(i._sputc) for _sputc
    printf8.o(i._printf_core) refers to printf8.o(i._printf_pre_padding) for _printf_pre_padding
    printf8.o(i._printf_core) refers to printf8.o(i._printf_post_padding) for _printf_post_padding
    printf8.o(i._printf_core) refers to uldiv.o(.text) for __aeabi_uldivmod
    printfa.o(i.__0fprintf) refers (Special) to iusefp.o(.text) for __I$use$fp
    printfa.o(i.__0fprintf) refers to printfa.o(i._printf_core) for _printf_core
    printfa.o(i.__0fprintf) refers to f0_usart.o(i.fputc) for fputc
    printfa.o(i.__0printf) refers (Special) to iusefp.o(.text) for __I$use$fp
    printfa.o(i.__0printf) refers to printfa.o(i._printf_core) for _printf_core
    printfa.o(i.__0printf) refers to f0_usart.o(i.fputc) for fputc
    printfa.o(i.__0printf) refers to f0_usart.o(.data) for __stdout
    printfa.o(i.__0snprintf) refers (Special) to iusefp.o(.text) for __I$use$fp
    printfa.o(i.__0snprintf) refers to printfa.o(i._printf_core) for _printf_core
    printfa.o(i.__0snprintf) refers to printfa.o(i._snputc) for _snputc
    printfa.o(i.__0sprintf) refers (Special) to iusefp.o(.text) for __I$use$fp
    printfa.o(i.__0sprintf) refers to printfa.o(i._printf_core) for _printf_core
    printfa.o(i.__0sprintf) refers to printfa.o(i._sputc) for _sputc
    printfa.o(i.__0vfprintf) refers (Special) to iusefp.o(.text) for __I$use$fp
    printfa.o(i.__0vfprintf) refers to printfa.o(i._printf_core) for _printf_core
    printfa.o(i.__0vfprintf) refers to f0_usart.o(i.fputc) for fputc
    printfa.o(i.__0vprintf) refers (Special) to iusefp.o(.text) for __I$use$fp
    printfa.o(i.__0vprintf) refers to printfa.o(i._printf_core) for _printf_core
    printfa.o(i.__0vprintf) refers to f0_usart.o(i.fputc) for fputc
    printfa.o(i.__0vprintf) refers to f0_usart.o(.data) for __stdout
    printfa.o(i.__0vsnprintf) refers (Special) to iusefp.o(.text) for __I$use$fp
    printfa.o(i.__0vsnprintf) refers to printfa.o(i._printf_core) for _printf_core
    printfa.o(i.__0vsnprintf) refers to printfa.o(i._snputc) for _snputc
    printfa.o(i.__0vsprintf) refers (Special) to iusefp.o(.text) for __I$use$fp
    printfa.o(i.__0vsprintf) refers to printfa.o(i._printf_core) for _printf_core
    printfa.o(i.__0vsprintf) refers to printfa.o(i._sputc) for _sputc
    printfa.o(i._fp_digits) refers (Special) to iusefp.o(.text) for __I$use$fp
    printfa.o(i._fp_digits) refers to dmul.o(.text) for __aeabi_dmul
    printfa.o(i._fp_digits) refers to ddiv.o(.text) for __aeabi_ddiv
    printfa.o(i._fp_digits) refers to cdrcmple.o(.text) for __aeabi_cdrcmple
    printfa.o(i._fp_digits) refers to dadd.o(.text) for __aeabi_dadd
    printfa.o(i._fp_digits) refers to dfixul.o(.text) for __aeabi_d2ulz
    printfa.o(i._fp_digits) refers to uldiv.o(.text) for __aeabi_uldivmod
    printfa.o(i._printf_core) refers (Special) to iusefp.o(.text) for __I$use$fp
    printfa.o(i._printf_core) refers to printfa.o(i._printf_pre_padding) for _printf_pre_padding
    printfa.o(i._printf_core) refers to uldiv.o(.text) for __aeabi_uldivmod
    printfa.o(i._printf_core) refers to printfa.o(i._printf_post_padding) for _printf_post_padding
    printfa.o(i._printf_core) refers to printfa.o(i._fp_digits) for _fp_digits
    printfa.o(i._printf_core) refers to uidiv.o(.text) for __aeabi_uidivmod
    printfa.o(i._printf_post_padding) refers (Special) to iusefp.o(.text) for __I$use$fp
    printfa.o(i._printf_pre_padding) refers (Special) to iusefp.o(.text) for __I$use$fp
    printfa.o(i._snputc) refers (Special) to iusefp.o(.text) for __I$use$fp
    printfa.o(i._sputc) refers (Special) to iusefp.o(.text) for __I$use$fp
    atoi.o(.text) refers to errno.o(i.__aeabi_errno_addr) for __aeabi_errno_addr
    atoi.o(.text) refers to strtol.o(.text) for strtol
    fadd.o(.text) refers (Special) to iusefp.o(.text) for __I$use$fp
    fadd.o(.text) refers to fepilogue.o(.text) for _float_epilogue
    fmul.o(.text) refers (Special) to iusefp.o(.text) for __I$use$fp
    fflti.o(.text) refers (Special) to iusefp.o(.text) for __I$use$fp
    fflti.o(.text) refers to fepilogue.o(.text) for _float_epilogue
    ffixi.o(.text) refers (Special) to iusefp.o(.text) for __I$use$fp
    cfcmple.o(.text) refers (Special) to iusefp.o(.text) for __I$use$fp
    cfrcmple.o(.text) refers (Special) to iusefp.o(.text) for __I$use$fp
    entry2.o(.ARM.Collect$$$$00000001) refers to entry2.o(.ARM.Collect$$$$00002712) for __lit__00000000
    entry2.o(.ARM.Collect$$$$00002712) refers to startup_stm32f030x8.o(STACK) for __initial_sp
    entry2.o(__vectab_stack_and_reset_area) refers to startup_stm32f030x8.o(STACK) for __initial_sp
    entry2.o(__vectab_stack_and_reset_area) refers to entry.o(.ARM.Collect$$$$00000000) for __main
    entry5.o(.ARM.Collect$$$$00000004) refers to init.o(.text) for __scatterload
    entry9a.o(.ARM.Collect$$$$0000000B) refers to main.o(i.main) for main
    entry9b.o(.ARM.Collect$$$$0000000C) refers to main.o(i.main) for main
    uldiv.o(.text) refers to llushr.o(.text) for __aeabi_llsr
    uldiv.o(.text) refers to llshl.o(.text) for __aeabi_llsl
    errno.o(i.__aeabi_errno_addr) refers to errno.o(.data) for .data
    errno.o(i.__read_errno) refers to errno.o(.data) for .data
    errno.o(i.__set_errno) refers to errno.o(.data) for .data
    strtol.o(.text) refers to ctype_o.o(.text) for __rt_ctype_table
    strtol.o(.text) refers to _strtoul.o(.text) for _strtoul
    strtol.o(.text) refers to errno.o(i.__aeabi_errno_addr) for __aeabi_errno_addr
    dadd.o(.text) refers to llshl.o(.text) for __aeabi_llsl
    dadd.o(.text) refers to llsshr.o(.text) for __aeabi_lasr
    dadd.o(.text) refers to depilogue.o(.text) for _double_epilogue
    dmul.o(.text) refers to depilogue.o(.text) for _double_epilogue
    ddiv.o(.text) refers to depilogue.o(.text) for _double_round
    dfixul.o(.text) refers to llushr.o(.text) for __aeabi_llsr
    dfixul.o(.text) refers to llshl.o(.text) for __aeabi_llsl
    init.o(.text) refers to entry5.o(.ARM.Collect$$$$00000004) for __main_after_scatterload
    ctype_o.o(.text) refers to ctype_o.o(.constdata) for .constdata
    ctype_o.o(.constdata) refers to ctype_o.o(.constdata) for __ctype_table
    isalnum_o.o(.text) refers to ctype_o.o(.text) for __rt_ctype_table
    isalpha_o.o(.text) refers to ctype_o.o(.text) for __rt_ctype_table
    isblank_o.o(.text) refers to ctype_o.o(.constdata) for __ctype_table
    iscntrl_o.o(.text) refers to ctype_o.o(.text) for __rt_ctype_table
    isdigit_o.o(.text) refers to ctype_o.o(.text) for __rt_ctype_table
    isgraph_o.o(.text) refers to ctype_o.o(.text) for __rt_ctype_table
    islower_o.o(.text) refers to ctype_o.o(.text) for __rt_ctype_table
    isprint_o.o(.text) refers to ctype_o.o(.text) for __rt_ctype_table
    ispunct_o.o(.text) refers to ctype_o.o(.text) for __rt_ctype_table
    isspace_o.o(.text) refers to ctype_o.o(.text) for __rt_ctype_table
    isupper_o.o(.text) refers to ctype_o.o(.text) for __rt_ctype_table
    isxdigit_o.o(.text) refers to ctype_o.o(.text) for __rt_ctype_table
    _strtoul.o(.text) refers to _chval.o(.text) for _chval
    _strtoul.o(.text) refers to errno.o(i.__aeabi_errno_addr) for __aeabi_errno_addr
    depilogue.o(.text) refers to depilogue.o(i.__ARM_clz) for __ARM_clz
    depilogue.o(.text) refers to llshl.o(.text) for __aeabi_llsl
    depilogue.o(.text) refers to llushr.o(.text) for __aeabi_llsr


==============================================================================

Removing Unused input sections from the image.

    Removing startup_stm32f030x8.o(HEAP), (512 bytes).
    Removing stm32f0308_discovery.o(.rev16_text), (4 bytes).
    Removing stm32f0308_discovery.o(.revsh_text), (4 bytes).
    Removing stm32f0308_discovery.o(i.STM_EVAL_LEDInit), (60 bytes).
    Removing stm32f0308_discovery.o(i.STM_EVAL_LEDOff), (24 bytes).
    Removing stm32f0308_discovery.o(i.STM_EVAL_LEDOn), (24 bytes).
    Removing stm32f0308_discovery.o(i.STM_EVAL_LEDToggle), (28 bytes).
    Removing stm32f0308_discovery.o(i.STM_EVAL_PBGetState), (28 bytes).
    Removing stm32f0308_discovery.o(i.STM_EVAL_PBInit), (144 bytes).
    Removing stm32f0308_discovery.o(.constdata), (28 bytes).
    Removing stm32f0308_discovery.o(.data), (12 bytes).
    Removing stm32f0xx_gpio.o(.rev16_text), (4 bytes).
    Removing stm32f0xx_gpio.o(.revsh_text), (4 bytes).
    Removing stm32f0xx_gpio.o(i.GPIO_DeInit), (96 bytes).
    Removing stm32f0xx_gpio.o(i.GPIO_PinLockConfig), (26 bytes).
    Removing stm32f0xx_gpio.o(i.GPIO_ReadInputData), (4 bytes).
    Removing stm32f0xx_gpio.o(i.GPIO_ReadInputDataBit), (14 bytes).
    Removing stm32f0xx_gpio.o(i.GPIO_ReadOutputData), (4 bytes).
    Removing stm32f0xx_gpio.o(i.GPIO_ReadOutputDataBit), (14 bytes).
    Removing stm32f0xx_gpio.o(i.GPIO_StructInit), (24 bytes).
    Removing stm32f0xx_gpio.o(i.GPIO_Write), (4 bytes).
    Removing stm32f0xx_gpio.o(i.GPIO_WriteBit), (12 bytes).
    Removing stm32f0xx_misc.o(.rev16_text), (4 bytes).
    Removing stm32f0xx_misc.o(.revsh_text), (4 bytes).
    Removing stm32f0xx_misc.o(i.NVIC_SystemLPConfig), (24 bytes).
    Removing stm32f0xx_misc.o(i.SysTick_CLKSourceConfig), (24 bytes).
    Removing stm32f0xx_rcc.o(.rev16_text), (4 bytes).
    Removing stm32f0xx_rcc.o(.revsh_text), (4 bytes).
    Removing stm32f0xx_rcc.o(i.RCC_ADCCLKConfig), (44 bytes).
    Removing stm32f0xx_rcc.o(i.RCC_AHBPeriphResetCmd), (24 bytes).
    Removing stm32f0xx_rcc.o(i.RCC_APB1PeriphResetCmd), (24 bytes).
    Removing stm32f0xx_rcc.o(i.RCC_AdjustHSI14CalibrationValue), (20 bytes).
    Removing stm32f0xx_rcc.o(i.RCC_AdjustHSICalibrationValue), (20 bytes).
    Removing stm32f0xx_rcc.o(i.RCC_BackupResetCmd), (28 bytes).
    Removing stm32f0xx_rcc.o(i.RCC_CECCLKConfig), (24 bytes).
    Removing stm32f0xx_rcc.o(i.RCC_ClearFlag), (20 bytes).
    Removing stm32f0xx_rcc.o(i.RCC_ClearITPendingBit), (12 bytes).
    Removing stm32f0xx_rcc.o(i.RCC_ClockSecuritySystemCmd), (28 bytes).
    Removing stm32f0xx_rcc.o(i.RCC_DeInit), (92 bytes).
    Removing stm32f0xx_rcc.o(i.RCC_GetFlagStatus), (52 bytes).
    Removing stm32f0xx_rcc.o(i.RCC_GetITStatus), (20 bytes).
    Removing stm32f0xx_rcc.o(i.RCC_GetSYSCLKSource), (16 bytes).
    Removing stm32f0xx_rcc.o(i.RCC_HCLKConfig), (20 bytes).
    Removing stm32f0xx_rcc.o(i.RCC_HSEConfig), (16 bytes).
    Removing stm32f0xx_rcc.o(i.RCC_HSI14ADCRequestCmd), (24 bytes).
    Removing stm32f0xx_rcc.o(i.RCC_HSI14Cmd), (28 bytes).
    Removing stm32f0xx_rcc.o(i.RCC_HSICmd), (28 bytes).
    Removing stm32f0xx_rcc.o(i.RCC_I2CCLKConfig), (24 bytes).
    Removing stm32f0xx_rcc.o(i.RCC_ITConfig), (24 bytes).
    Removing stm32f0xx_rcc.o(i.RCC_LSEConfig), (32 bytes).
    Removing stm32f0xx_rcc.o(i.RCC_LSEDriveConfig), (24 bytes).
    Removing stm32f0xx_rcc.o(i.RCC_LSICmd), (28 bytes).
    Removing stm32f0xx_rcc.o(i.RCC_MCOConfig), (12 bytes).
    Removing stm32f0xx_rcc.o(i.RCC_PCLKConfig), (20 bytes).
    Removing stm32f0xx_rcc.o(i.RCC_PLLCmd), (28 bytes).
    Removing stm32f0xx_rcc.o(i.RCC_PLLConfig), (28 bytes).
    Removing stm32f0xx_rcc.o(i.RCC_PREDIV1Config), (20 bytes).
    Removing stm32f0xx_rcc.o(i.RCC_RTCCLKCmd), (28 bytes).
    Removing stm32f0xx_rcc.o(i.RCC_RTCCLKConfig), (16 bytes).
    Removing stm32f0xx_rcc.o(i.RCC_SYSCLKConfig), (20 bytes).
    Removing stm32f0xx_rcc.o(i.RCC_USARTCLKConfig), (24 bytes).
    Removing stm32f0xx_rcc.o(i.RCC_WaitForHSEStartUp), (44 bytes).
    Removing stm32f0xx_exti.o(.rev16_text), (4 bytes).
    Removing stm32f0xx_exti.o(.revsh_text), (4 bytes).
    Removing stm32f0xx_exti.o(i.EXTI_ClearFlag), (12 bytes).
    Removing stm32f0xx_exti.o(i.EXTI_ClearITPendingBit), (12 bytes).
    Removing stm32f0xx_exti.o(i.EXTI_DeInit), (32 bytes).
    Removing stm32f0xx_exti.o(i.EXTI_GenerateSWInterrupt), (16 bytes).
    Removing stm32f0xx_exti.o(i.EXTI_GetFlagStatus), (20 bytes).
    Removing stm32f0xx_exti.o(i.EXTI_GetITStatus), (20 bytes).
    Removing stm32f0xx_exti.o(i.EXTI_Init), (108 bytes).
    Removing stm32f0xx_exti.o(i.EXTI_StructInit), (14 bytes).
    Removing stm32f0xx_syscfg.o(.rev16_text), (4 bytes).
    Removing stm32f0xx_syscfg.o(.revsh_text), (4 bytes).
    Removing stm32f0xx_syscfg.o(i.SYSCFG_BreakConfig), (16 bytes).
    Removing stm32f0xx_syscfg.o(i.SYSCFG_ClearFlag), (16 bytes).
    Removing stm32f0xx_syscfg.o(i.SYSCFG_DMAChannelRemapConfig), (24 bytes).
    Removing stm32f0xx_syscfg.o(i.SYSCFG_DeInit), (36 bytes).
    Removing stm32f0xx_syscfg.o(i.SYSCFG_EXTILineConfig), (40 bytes).
    Removing stm32f0xx_syscfg.o(i.SYSCFG_GetFlagStatus), (20 bytes).
    Removing stm32f0xx_syscfg.o(i.SYSCFG_I2CFastModePlusConfig), (24 bytes).
    Removing stm32f0xx_syscfg.o(i.SYSCFG_MemoryRemapConfig), (20 bytes).
    Removing stm32f0xx_adc.o(.rev16_text), (4 bytes).
    Removing stm32f0xx_adc.o(.revsh_text), (4 bytes).
    Removing stm32f0xx_adc.o(i.ADC_AnalogWatchdogCmd), (20 bytes).
    Removing stm32f0xx_adc.o(i.ADC_AnalogWatchdogSingleChannelCmd), (20 bytes).
    Removing stm32f0xx_adc.o(i.ADC_AnalogWatchdogSingleChannelConfig), (14 bytes).
    Removing stm32f0xx_adc.o(i.ADC_AnalogWatchdogThresholdsConfig), (8 bytes).
    Removing stm32f0xx_adc.o(i.ADC_AutoPowerOffCmd), (20 bytes).
    Removing stm32f0xx_adc.o(i.ADC_ClearFlag), (4 bytes).
    Removing stm32f0xx_adc.o(i.ADC_ClearITPendingBit), (4 bytes).
    Removing stm32f0xx_adc.o(i.ADC_ContinuousModeCmd), (20 bytes).
    Removing stm32f0xx_adc.o(i.ADC_DiscModeCmd), (20 bytes).
    Removing stm32f0xx_adc.o(i.ADC_GetConversionValue), (6 bytes).
    Removing stm32f0xx_adc.o(i.ADC_GetITStatus), (22 bytes).
    Removing stm32f0xx_adc.o(i.ADC_ITConfig), (16 bytes).
    Removing stm32f0xx_adc.o(i.ADC_JitterCmd), (16 bytes).
    Removing stm32f0xx_adc.o(i.ADC_OverrunModeCmd), (20 bytes).
    Removing stm32f0xx_adc.o(i.ADC_StopOfConversion), (10 bytes).
    Removing stm32f0xx_adc.o(i.ADC_VbatCmd), (28 bytes).
    Removing stm32f0xx_adc.o(i.ADC_VrefintCmd), (28 bytes).
    Removing stm32f0xx_adc.o(i.ADC_WaitModeCmd), (20 bytes).
    Removing stm32f0xx_dma.o(.rev16_text), (4 bytes).
    Removing stm32f0xx_dma.o(.revsh_text), (4 bytes).
    Removing stm32f0xx_dma.o(i.DMA_ClearFlag), (12 bytes).
    Removing stm32f0xx_dma.o(i.DMA_ClearITPendingBit), (12 bytes).
    Removing stm32f0xx_dma.o(i.DMA_GetCurrDataCounter), (6 bytes).
    Removing stm32f0xx_dma.o(i.DMA_GetFlagStatus), (20 bytes).
    Removing stm32f0xx_dma.o(i.DMA_GetITStatus), (20 bytes).
    Removing stm32f0xx_dma.o(i.DMA_ITConfig), (16 bytes).
    Removing stm32f0xx_dma.o(i.DMA_SetCurrDataCounter), (4 bytes).
    Removing stm32f0xx_dma.o(i.DMA_StructInit), (26 bytes).
    Removing stm32f0xx_tim.o(.rev16_text), (4 bytes).
    Removing stm32f0xx_tim.o(.revsh_text), (4 bytes).
    Removing stm32f0xx_tim.o(i.TI1_Config), (40 bytes).
    Removing stm32f0xx_tim.o(i.TI2_Config), (48 bytes).
    Removing stm32f0xx_tim.o(i.TIM_ARRPreloadConfig), (18 bytes).
    Removing stm32f0xx_tim.o(i.TIM_BDTRConfig), (34 bytes).
    Removing stm32f0xx_tim.o(i.TIM_BDTRStructInit), (18 bytes).
    Removing stm32f0xx_tim.o(i.TIM_CCPreloadControl), (20 bytes).
    Removing stm32f0xx_tim.o(i.TIM_CCxCmd), (22 bytes).
    Removing stm32f0xx_tim.o(i.TIM_CCxNCmd), (22 bytes).
    Removing stm32f0xx_tim.o(i.TIM_ClearFlag), (6 bytes).
    Removing stm32f0xx_tim.o(i.TIM_ClearOC1Ref), (12 bytes).
    Removing stm32f0xx_tim.o(i.TIM_ClearOC2Ref), (14 bytes).
    Removing stm32f0xx_tim.o(i.TIM_ClearOC3Ref), (12 bytes).
    Removing stm32f0xx_tim.o(i.TIM_ClearOC4Ref), (14 bytes).
    Removing stm32f0xx_tim.o(i.TIM_CounterModeConfig), (12 bytes).
    Removing stm32f0xx_tim.o(i.TIM_DMACmd), (16 bytes).
    Removing stm32f0xx_tim.o(i.TIM_DMAConfig), (8 bytes).
    Removing stm32f0xx_tim.o(i.TIM_DeInit), (180 bytes).
    Removing stm32f0xx_tim.o(i.TIM_ETRClockMode1Config), (28 bytes).
    Removing stm32f0xx_tim.o(i.TIM_ETRClockMode2Config), (20 bytes).
    Removing stm32f0xx_tim.o(i.TIM_ETRConfig), (18 bytes).
    Removing stm32f0xx_tim.o(i.TIM_ForcedOC1Config), (12 bytes).
    Removing stm32f0xx_tim.o(i.TIM_ForcedOC2Config), (20 bytes).
    Removing stm32f0xx_tim.o(i.TIM_ForcedOC3Config), (12 bytes).
    Removing stm32f0xx_tim.o(i.TIM_ForcedOC4Config), (20 bytes).
    Removing stm32f0xx_tim.o(i.TIM_GenerateEvent), (4 bytes).
    Removing stm32f0xx_tim.o(i.TIM_GetCapture1), (4 bytes).
    Removing stm32f0xx_tim.o(i.TIM_GetCapture2), (4 bytes).
    Removing stm32f0xx_tim.o(i.TIM_GetCapture3), (4 bytes).
    Removing stm32f0xx_tim.o(i.TIM_GetCapture4), (4 bytes).
    Removing stm32f0xx_tim.o(i.TIM_GetCounter), (4 bytes).
    Removing stm32f0xx_tim.o(i.TIM_GetFlagStatus), (14 bytes).
    Removing stm32f0xx_tim.o(i.TIM_GetPrescaler), (4 bytes).
    Removing stm32f0xx_tim.o(i.TIM_ICInit), (184 bytes).
    Removing stm32f0xx_tim.o(i.TIM_ICStructInit), (16 bytes).
    Removing stm32f0xx_tim.o(i.TIM_ITRxExternalClockConfig), (18 bytes).
    Removing stm32f0xx_tim.o(i.TIM_InternalClockConfig), (10 bytes).
    Removing stm32f0xx_tim.o(i.TIM_OC1FastConfig), (12 bytes).
    Removing stm32f0xx_tim.o(i.TIM_OC1NPolarityConfig), (12 bytes).
    Removing stm32f0xx_tim.o(i.TIM_OC1PolarityConfig), (12 bytes).
    Removing stm32f0xx_tim.o(i.TIM_OC1PreloadConfig), (12 bytes).
    Removing stm32f0xx_tim.o(i.TIM_OC2FastConfig), (20 bytes).
    Removing stm32f0xx_tim.o(i.TIM_OC2Init), (144 bytes).
    Removing stm32f0xx_tim.o(i.TIM_OC2NPolarityConfig), (14 bytes).
    Removing stm32f0xx_tim.o(i.TIM_OC2PolarityConfig), (14 bytes).
    Removing stm32f0xx_tim.o(i.TIM_OC2PreloadConfig), (20 bytes).
    Removing stm32f0xx_tim.o(i.TIM_OC3FastConfig), (12 bytes).
    Removing stm32f0xx_tim.o(i.TIM_OC3NPolarityConfig), (20 bytes).
    Removing stm32f0xx_tim.o(i.TIM_OC3PolarityConfig), (20 bytes).
    Removing stm32f0xx_tim.o(i.TIM_OC3PreloadConfig), (12 bytes).
    Removing stm32f0xx_tim.o(i.TIM_OC4FastConfig), (20 bytes).
    Removing stm32f0xx_tim.o(i.TIM_OC4Init), (100 bytes).
    Removing stm32f0xx_tim.o(i.TIM_OC4PolarityConfig), (20 bytes).
    Removing stm32f0xx_tim.o(i.TIM_OC4PreloadConfig), (20 bytes).
    Removing stm32f0xx_tim.o(i.TIM_OCStructInit), (20 bytes).
    Removing stm32f0xx_tim.o(i.TIM_PWMIConfig), (104 bytes).
    Removing stm32f0xx_tim.o(i.TIM_PrescalerConfig), (6 bytes).
    Removing stm32f0xx_tim.o(i.TIM_RemapConfig), (6 bytes).
    Removing stm32f0xx_tim.o(i.TIM_SelectCCDMA), (18 bytes).
    Removing stm32f0xx_tim.o(i.TIM_SelectCOM), (18 bytes).
    Removing stm32f0xx_tim.o(i.TIM_SelectHallSensor), (18 bytes).
    Removing stm32f0xx_tim.o(i.TIM_SelectInputTrigger), (12 bytes).
    Removing stm32f0xx_tim.o(i.TIM_SelectMasterSlaveMode), (16 bytes).
    Removing stm32f0xx_tim.o(i.TIM_SelectOCREFClear), (16 bytes).
    Removing stm32f0xx_tim.o(i.TIM_SelectOCxM), (70 bytes).
    Removing stm32f0xx_tim.o(i.TIM_SelectOnePulseMode), (16 bytes).
    Removing stm32f0xx_tim.o(i.TIM_SelectOutputTrigger), (16 bytes).
    Removing stm32f0xx_tim.o(i.TIM_SelectSlaveMode), (16 bytes).
    Removing stm32f0xx_tim.o(i.TIM_SetAutoreload), (4 bytes).
    Removing stm32f0xx_tim.o(i.TIM_SetClockDivision), (20 bytes).
    Removing stm32f0xx_tim.o(i.TIM_SetCompare1), (4 bytes).
    Removing stm32f0xx_tim.o(i.TIM_SetCompare2), (4 bytes).
    Removing stm32f0xx_tim.o(i.TIM_SetCompare4), (4 bytes).
    Removing stm32f0xx_tim.o(i.TIM_SetCounter), (4 bytes).
    Removing stm32f0xx_tim.o(i.TIM_SetIC1Prescaler), (16 bytes).
    Removing stm32f0xx_tim.o(i.TIM_SetIC2Prescaler), (24 bytes).
    Removing stm32f0xx_tim.o(i.TIM_SetIC3Prescaler), (16 bytes).
    Removing stm32f0xx_tim.o(i.TIM_SetIC4Prescaler), (24 bytes).
    Removing stm32f0xx_tim.o(i.TIM_TIxExternalClockConfig), (48 bytes).
    Removing stm32f0xx_tim.o(i.TIM_TimeBaseStructInit), (18 bytes).
    Removing stm32f0xx_tim.o(i.TIM_UpdateDisableConfig), (18 bytes).
    Removing stm32f0xx_tim.o(i.TIM_UpdateRequestConfig), (18 bytes).
    Removing stm32f0xx_usart.o(.rev16_text), (4 bytes).
    Removing stm32f0xx_usart.o(.revsh_text), (4 bytes).
    Removing stm32f0xx_usart.o(i.USART_AddressDetectionConfig), (16 bytes).
    Removing stm32f0xx_usart.o(i.USART_AutoBaudRateCmd), (20 bytes).
    Removing stm32f0xx_usart.o(i.USART_AutoBaudRateConfig), (18 bytes).
    Removing stm32f0xx_usart.o(i.USART_ClearITPendingBit), (10 bytes).
    Removing stm32f0xx_usart.o(i.USART_ClockInit), (28 bytes).
    Removing stm32f0xx_usart.o(i.USART_ClockStructInit), (12 bytes).
    Removing stm32f0xx_usart.o(i.USART_DECmd), (20 bytes).
    Removing stm32f0xx_usart.o(i.USART_DEPolarityConfig), (18 bytes).
    Removing stm32f0xx_usart.o(i.USART_DMACmd), (16 bytes).
    Removing stm32f0xx_usart.o(i.USART_DMAReceptionErrorConfig), (18 bytes).
    Removing stm32f0xx_usart.o(i.USART_DataInvCmd), (20 bytes).
    Removing stm32f0xx_usart.o(i.USART_DeInit), (64 bytes).
    Removing stm32f0xx_usart.o(i.USART_DirectionModeCmd), (16 bytes).
    Removing stm32f0xx_usart.o(i.USART_HalfDuplexCmd), (18 bytes).
    Removing stm32f0xx_usart.o(i.USART_InvPinCmd), (16 bytes).
    Removing stm32f0xx_usart.o(i.USART_IrDACmd), (18 bytes).
    Removing stm32f0xx_usart.o(i.USART_IrDAConfig), (16 bytes).
    Removing stm32f0xx_usart.o(i.USART_LINBreakDetectLengthConfig), (16 bytes).
    Removing stm32f0xx_usart.o(i.USART_LINCmd), (20 bytes).
    Removing stm32f0xx_usart.o(i.USART_MSBFirstCmd), (20 bytes).
    Removing stm32f0xx_usart.o(i.USART_MuteModeCmd), (20 bytes).
    Removing stm32f0xx_usart.o(i.USART_MuteModeWakeUpConfig), (18 bytes).
    Removing stm32f0xx_usart.o(i.USART_OneBitMethodCmd), (20 bytes).
    Removing stm32f0xx_usart.o(i.USART_OverSampling8Cmd), (20 bytes).
    Removing stm32f0xx_usart.o(i.USART_OverrunDetectionConfig), (18 bytes).
    Removing stm32f0xx_usart.o(i.USART_ReceiverTimeOutCmd), (20 bytes).
    Removing stm32f0xx_usart.o(i.USART_RequestCmd), (16 bytes).
    Removing stm32f0xx_usart.o(i.USART_STOPModeCmd), (18 bytes).
    Removing stm32f0xx_usart.o(i.USART_SWAPPinCmd), (20 bytes).
    Removing stm32f0xx_usart.o(i.USART_SetAddress), (18 bytes).
    Removing stm32f0xx_usart.o(i.USART_SetAutoRetryCount), (20 bytes).
    Removing stm32f0xx_usart.o(i.USART_SetBlockLength), (18 bytes).
    Removing stm32f0xx_usart.o(i.USART_SetDEAssertionTime), (20 bytes).
    Removing stm32f0xx_usart.o(i.USART_SetDEDeassertionTime), (20 bytes).
    Removing stm32f0xx_usart.o(i.USART_SetGuardTime), (16 bytes).
    Removing stm32f0xx_usart.o(i.USART_SetPrescaler), (16 bytes).
    Removing stm32f0xx_usart.o(i.USART_SetReceiverTimeOut), (16 bytes).
    Removing stm32f0xx_usart.o(i.USART_SmartCardCmd), (18 bytes).
    Removing stm32f0xx_usart.o(i.USART_SmartCardNACKCmd), (18 bytes).
    Removing stm32f0xx_usart.o(i.USART_StopModeWakeUpSourceConfig), (18 bytes).
    Removing stm32f0xx_usart.o(i.USART_StructInit), (22 bytes).
    Removing main.o(.rev16_text), (4 bytes).
    Removing main.o(.revsh_text), (4 bytes).
    Removing main.o(i.Delay_10us), (20 bytes).
    Removing stm32f0xx_it.o(.rev16_text), (4 bytes).
    Removing stm32f0xx_it.o(.revsh_text), (4 bytes).
    Removing stm32f0xx_it.o(.data), (2 bytes).
    Removing stm32f0xx_it.o(.data), (2 bytes).
    Removing system_stm32f0xx.o(.rev16_text), (4 bytes).
    Removing system_stm32f0xx.o(.revsh_text), (4 bytes).
    Removing system_stm32f0xx.o(i.SystemCoreClockUpdate), (108 bytes).
    Removing system_stm32f0xx.o(.data), (20 bytes).
    Removing f0_usart.o(.rev16_text), (4 bytes).
    Removing f0_usart.o(.revsh_text), (4 bytes).
    Removing f0_usart.o(i.USART_Configuration), (128 bytes).
    Removing f0_usart.o(i._sys_exit), (2 bytes).
    Removing f0_usart.o(i._ttywrch), (80 bytes).
    Removing f0_usart.o(i.ferror), (6 bytes).
    Removing f0_usart.o(i.fgetc), (32 bytes).
    Removing f0_usart.o(.data), (4 bytes).
    Removing f0_timer1_pwm.o(.rev16_text), (4 bytes).
    Removing f0_timer1_pwm.o(.revsh_text), (4 bytes).
    Removing f0_timer1_pwm.o(i.Set_Duty), (20 bytes).
    Removing f0_timer3_encoderinterface.o(.rev16_text), (4 bytes).
    Removing f0_timer3_encoderinterface.o(.revsh_text), (4 bytes).
    Removing f0_timer14.o(.rev16_text), (4 bytes).
    Removing f0_timer14.o(.revsh_text), (4 bytes).
    Removing f0_timer14.o(i.TIM14_Config), (64 bytes).
    Removing f0_timer14.o(.bss), (12 bytes).
    Removing f0_timer14.o(.bss), (20 bytes).
    Removing f0_timer14.o(.data), (2 bytes).
    Removing f0_dma_adc.o(.rev16_text), (4 bytes).
    Removing f0_dma_adc.o(.revsh_text), (4 bytes).
    Removing f0_dma_adc.o(i.ADCgo), (220 bytes).
    Removing pid.o(.rev16_text), (4 bytes).
    Removing pid.o(.revsh_text), (4 bytes).
    Removing pid.o(i.PID_KetHop), (208 bytes).
    Removing pid.o(i.PID_ViTri), (292 bytes).
    Removing pid.o(.data), (4 bytes).
    Removing pid.o(.data), (4 bytes).
    Removing pid.o(.data), (4 bytes).
    Removing pid.o(.data), (4 bytes).
    Removing pid.o(.data), (4 bytes).
    Removing pid.o(.data), (4 bytes).
    Removing pid.o(.data), (4 bytes).
    Removing pid.o(.data), (4 bytes).
    Removing pid.o(.data), (4 bytes).
    Removing pid.o(.data), (4 bytes).
    Removing pid.o(.data), (4 bytes).
    Removing pid.o(.data), (4 bytes).
    Removing pid.o(.data), (4 bytes).
    Removing pid.o(.data), (4 bytes).
    Removing dadd.o(.text), (356 bytes).
    Removing dmul.o(.text), (208 bytes).
    Removing ddiv.o(.text), (240 bytes).
    Removing dfixul.o(.text), (64 bytes).
    Removing cdrcmple.o(.text), (40 bytes).
    Removing depilogue.o(.text), (190 bytes).
    Removing depilogue.o(i.__ARM_clz), (46 bytes).

296 unused section(s) (total 8198 bytes) removed from the image.

==============================================================================

Image Symbol Table

    Local Symbols

    Symbol Name                              Value     Ov Type        Size  Object(Section)

    ../clib/microlib/ctype/ctype.c           0x00000000   Number         0  isxdigit_o.o ABSOLUTE
    ../clib/microlib/ctype/ctype.c           0x00000000   Number         0  iscntrl_o.o ABSOLUTE
    ../clib/microlib/ctype/ctype.c           0x00000000   Number         0  isblank_o.o ABSOLUTE
    ../clib/microlib/ctype/ctype.c           0x00000000   Number         0  ctype_o.o ABSOLUTE
    ../clib/microlib/ctype/ctype.c           0x00000000   Number         0  isalnum_o.o ABSOLUTE
    ../clib/microlib/ctype/ctype.c           0x00000000   Number         0  isalpha_o.o ABSOLUTE
    ../clib/microlib/ctype/ctype.c           0x00000000   Number         0  isupper_o.o ABSOLUTE
    ../clib/microlib/ctype/ctype.c           0x00000000   Number         0  isspace_o.o ABSOLUTE
    ../clib/microlib/ctype/ctype.c           0x00000000   Number         0  ispunct_o.o ABSOLUTE
    ../clib/microlib/ctype/ctype.c           0x00000000   Number         0  isprint_o.o ABSOLUTE
    ../clib/microlib/ctype/ctype.c           0x00000000   Number         0  islower_o.o ABSOLUTE
    ../clib/microlib/ctype/ctype.c           0x00000000   Number         0  isgraph_o.o ABSOLUTE
    ../clib/microlib/ctype/ctype.c           0x00000000   Number         0  isdigit_o.o ABSOLUTE
    ../clib/microlib/division.c              0x00000000   Number         0  uldiv.o ABSOLUTE
    ../clib/microlib/division.c              0x00000000   Number         0  idiv.o ABSOLUTE
    ../clib/microlib/division.c              0x00000000   Number         0  uidiv.o ABSOLUTE
    ../clib/microlib/errno.c                 0x00000000   Number         0  errno.o ABSOLUTE
    ../clib/microlib/init/entry.s            0x00000000   Number         0  entry2.o ABSOLUTE
    ../clib/microlib/init/entry.s            0x00000000   Number         0  entry5.o ABSOLUTE
    ../clib/microlib/init/entry.s            0x00000000   Number         0  entry7a.o ABSOLUTE
    ../clib/microlib/init/entry.s            0x00000000   Number         0  entry7b.o ABSOLUTE
    ../clib/microlib/init/entry.s            0x00000000   Number         0  entry9b.o ABSOLUTE
    ../clib/microlib/init/entry.s            0x00000000   Number         0  entry8b.o ABSOLUTE
    ../clib/microlib/init/entry.s            0x00000000   Number         0  entry9a.o ABSOLUTE
    ../clib/microlib/init/entry.s            0x00000000   Number         0  entry10a.o ABSOLUTE
    ../clib/microlib/init/entry.s            0x00000000   Number         0  entry8a.o ABSOLUTE
    ../clib/microlib/init/entry.s            0x00000000   Number         0  entry.o ABSOLUTE
    ../clib/microlib/init/entry.s            0x00000000   Number         0  entry11b.o ABSOLUTE
    ../clib/microlib/init/entry.s            0x00000000   Number         0  entry11a.o ABSOLUTE
    ../clib/microlib/init/entry.s            0x00000000   Number         0  entry10b.o ABSOLUTE
    ../clib/microlib/longlong.c              0x00000000   Number         0  llshl.o ABSOLUTE
    ../clib/microlib/longlong.c              0x00000000   Number         0  llushr.o ABSOLUTE
    ../clib/microlib/longlong.c              0x00000000   Number         0  llsshr.o ABSOLUTE
    ../clib/microlib/printf/printf.c         0x00000000   Number         0  printf6.o ABSOLUTE
    ../clib/microlib/printf/printf.c         0x00000000   Number         0  printf8.o ABSOLUTE
    ../clib/microlib/printf/printf.c         0x00000000   Number         0  printf7.o ABSOLUTE
    ../clib/microlib/printf/printf.c         0x00000000   Number         0  printfa.o ABSOLUTE
    ../clib/microlib/printf/printf.c         0x00000000   Number         0  printfb.o ABSOLUTE
    ../clib/microlib/printf/printf.c         0x00000000   Number         0  printf3.o ABSOLUTE
    ../clib/microlib/printf/printf.c         0x00000000   Number         0  printf2.o ABSOLUTE
    ../clib/microlib/printf/printf.c         0x00000000   Number         0  printf1.o ABSOLUTE
    ../clib/microlib/printf/printf.c         0x00000000   Number         0  printf0.o ABSOLUTE
    ../clib/microlib/printf/printf.c         0x00000000   Number         0  printf4.o ABSOLUTE
    ../clib/microlib/printf/printf.c         0x00000000   Number         0  printf5.o ABSOLUTE
    ../clib/microlib/printf/stubs.s          0x00000000   Number         0  stubs.o ABSOLUTE
    ../clib/microlib/stubs.s                 0x00000000   Number         0  useno.o ABSOLUTE
    ../clib/microlib/stubs.s                 0x00000000   Number         0  iusefp.o ABSOLUTE
    ../clib/scanf.c                          0x00000000   Number         0  strtol.o ABSOLUTE
    ../clib/scanf.c                          0x00000000   Number         0  _strtoul.o ABSOLUTE
    ../clib/scanf.c                          0x00000000   Number         0  atoi.o ABSOLUTE
    ../clib/scanf.c                          0x00000000   Number         0  _chval.o ABSOLUTE
    ../fplib/microlib/fpadd.c                0x00000000   Number         0  dadd.o ABSOLUTE
    ../fplib/microlib/fpadd.c                0x00000000   Number         0  fadd.o ABSOLUTE
    ../fplib/microlib/fpdiv.c                0x00000000   Number         0  ddiv.o ABSOLUTE
    ../fplib/microlib/fpepilogue.c           0x00000000   Number         0  fepilogue.o ABSOLUTE
    ../fplib/microlib/fpepilogue.c           0x00000000   Number         0  depilogue.o ABSOLUTE
    ../fplib/microlib/fpfix.c                0x00000000   Number         0  ffixi.o ABSOLUTE
    ../fplib/microlib/fpfix.c                0x00000000   Number         0  dfixul.o ABSOLUTE
    ../fplib/microlib/fpflt.c                0x00000000   Number         0  fflti.o ABSOLUTE
    ../fplib/microlib/fpmul.c                0x00000000   Number         0  fmul.o ABSOLUTE
    ../fplib/microlib/fpmul.c                0x00000000   Number         0  dmul.o ABSOLUTE
    ..\..\..\..\Libraries\CMSIS\Device\ST\STM32F0xx\Source\Templates\arm\startup_stm32f030x8.s 0x00000000   Number         0  startup_stm32f030x8.o ABSOLUTE
    ..\..\..\..\Libraries\STM32F0xx_StdPeriph_Driver\src\stm32f0xx_adc.c 0x00000000   Number         0  stm32f0xx_adc.o ABSOLUTE
    ..\..\..\..\Libraries\STM32F0xx_StdPeriph_Driver\src\stm32f0xx_dma.c 0x00000000   Number         0  stm32f0xx_dma.o ABSOLUTE
    ..\..\..\..\Libraries\STM32F0xx_StdPeriph_Driver\src\stm32f0xx_exti.c 0x00000000   Number         0  stm32f0xx_exti.o ABSOLUTE
    ..\..\..\..\Libraries\STM32F0xx_StdPeriph_Driver\src\stm32f0xx_gpio.c 0x00000000   Number         0  stm32f0xx_gpio.o ABSOLUTE
    ..\..\..\..\Libraries\STM32F0xx_StdPeriph_Driver\src\stm32f0xx_misc.c 0x00000000   Number         0  stm32f0xx_misc.o ABSOLUTE
    ..\..\..\..\Libraries\STM32F0xx_StdPeriph_Driver\src\stm32f0xx_rcc.c 0x00000000   Number         0  stm32f0xx_rcc.o ABSOLUTE
    ..\..\..\..\Libraries\STM32F0xx_StdPeriph_Driver\src\stm32f0xx_syscfg.c 0x00000000   Number         0  stm32f0xx_syscfg.o ABSOLUTE
    ..\..\..\..\Libraries\STM32F0xx_StdPeriph_Driver\src\stm32f0xx_tim.c 0x00000000   Number         0  stm32f0xx_tim.o ABSOLUTE
    ..\..\..\..\Libraries\STM32F0xx_StdPeriph_Driver\src\stm32f0xx_usart.c 0x00000000   Number         0  stm32f0xx_usart.o ABSOLUTE
    ..\..\..\..\Utilities\STM32F0308-Discovery\stm32f0308_discovery.c 0x00000000   Number         0  stm32f0308_discovery.o ABSOLUTE
    ..\F0_DMA_ADC.c                          0x00000000   Number         0  f0_dma_adc.o ABSOLUTE
    ..\F0_Timer14.c                          0x00000000   Number         0  f0_timer14.o ABSOLUTE
    ..\F0_Timer1_PWM.c                       0x00000000   Number         0  f0_timer1_pwm.o ABSOLUTE
    ..\F0_Timer3_EncoderInterface.c          0x00000000   Number         0  f0_timer3_encoderinterface.o ABSOLUTE
    ..\F0_USART.c                            0x00000000   Number         0  f0_usart.o ABSOLUTE
    ..\\..\\..\\..\\Libraries\\STM32F0xx_StdPeriph_Driver\\src\\stm32f0xx_adc.c 0x00000000   Number         0  stm32f0xx_adc.o ABSOLUTE
    ..\\..\\..\\..\\Libraries\\STM32F0xx_StdPeriph_Driver\\src\\stm32f0xx_dma.c 0x00000000   Number         0  stm32f0xx_dma.o ABSOLUTE
    ..\\..\\..\\..\\Libraries\\STM32F0xx_StdPeriph_Driver\\src\\stm32f0xx_exti.c 0x00000000   Number         0  stm32f0xx_exti.o ABSOLUTE
    ..\\..\\..\\..\\Libraries\\STM32F0xx_StdPeriph_Driver\\src\\stm32f0xx_gpio.c 0x00000000   Number         0  stm32f0xx_gpio.o ABSOLUTE
    ..\\..\\..\\..\\Libraries\\STM32F0xx_StdPeriph_Driver\\src\\stm32f0xx_misc.c 0x00000000   Number         0  stm32f0xx_misc.o ABSOLUTE
    ..\\..\\..\\..\\Libraries\\STM32F0xx_StdPeriph_Driver\\src\\stm32f0xx_rcc.c 0x00000000   Number         0  stm32f0xx_rcc.o ABSOLUTE
    ..\\..\\..\\..\\Libraries\\STM32F0xx_StdPeriph_Driver\\src\\stm32f0xx_syscfg.c 0x00000000   Number         0  stm32f0xx_syscfg.o ABSOLUTE
    ..\\..\\..\\..\\Libraries\\STM32F0xx_StdPeriph_Driver\\src\\stm32f0xx_tim.c 0x00000000   Number         0  stm32f0xx_tim.o ABSOLUTE
    ..\\..\\..\\..\\Libraries\\STM32F0xx_StdPeriph_Driver\\src\\stm32f0xx_usart.c 0x00000000   Number         0  stm32f0xx_usart.o ABSOLUTE
    ..\\..\\..\\..\\Utilities\\STM32F0308-Discovery\\stm32f0308_discovery.c 0x00000000   Number         0  stm32f0308_discovery.o ABSOLUTE
    ..\\F0_DMA_ADC.c                         0x00000000   Number         0  f0_dma_adc.o ABSOLUTE
    ..\\F0_Timer14.c                         0x00000000   Number         0  f0_timer14.o ABSOLUTE
    ..\\F0_Timer1_PWM.c                      0x00000000   Number         0  f0_timer1_pwm.o ABSOLUTE
    ..\\F0_Timer3_EncoderInterface.c         0x00000000   Number         0  f0_timer3_encoderinterface.o ABSOLUTE
    ..\\F0_USART.c                           0x00000000   Number         0  f0_usart.o ABSOLUTE
    ..\\main.c                               0x00000000   Number         0  main.o ABSOLUTE
    ..\\pid.c                                0x00000000   Number         0  pid.o ABSOLUTE
    ..\\stm32f0xx_it.c                       0x00000000   Number         0  stm32f0xx_it.o ABSOLUTE
    ..\\system_stm32f0xx.c                   0x00000000   Number         0  system_stm32f0xx.o ABSOLUTE
    ..\main.c                                0x00000000   Number         0  main.o ABSOLUTE
    ..\pid.c                                 0x00000000   Number         0  pid.o ABSOLUTE
    ..\stm32f0xx_it.c                        0x00000000   Number         0  stm32f0xx_it.o ABSOLUTE
    ..\system_stm32f0xx.c                    0x00000000   Number         0  system_stm32f0xx.o ABSOLUTE
    cdrcmple.s                               0x00000000   Number         0  cdrcmple.o ABSOLUTE
    cfcmple.s                                0x00000000   Number         0  cfcmple.o ABSOLUTE
    cfrcmple.s                               0x00000000   Number         0  cfrcmple.o ABSOLUTE
    dc.s                                     0x00000000   Number         0  dc.o ABSOLUTE
    handlers.s                               0x00000000   Number         0  handlers.o ABSOLUTE
    init.s                                   0x00000000   Number         0  init.o ABSOLUTE
    RESET                                    0x08000000   Section      192  startup_stm32f030x8.o(RESET)
    .ARM.Collect$$$$00000000                 0x080000c0   Section        0  entry.o(.ARM.Collect$$$$00000000)
    .ARM.Collect$$$$00000001                 0x080000c0   Section        4  entry2.o(.ARM.Collect$$$$00000001)
    .ARM.Collect$$$$00000004                 0x080000c4   Section        4  entry5.o(.ARM.Collect$$$$00000004)
    .ARM.Collect$$$$00000008                 0x080000c8   Section        0  entry7b.o(.ARM.Collect$$$$00000008)
    .ARM.Collect$$$$0000000A                 0x080000c8   Section        0  entry8b.o(.ARM.Collect$$$$0000000A)
    .ARM.Collect$$$$0000000B                 0x080000c8   Section        8  entry9a.o(.ARM.Collect$$$$0000000B)
    .ARM.Collect$$$$0000000D                 0x080000d0   Section        0  entry10a.o(.ARM.Collect$$$$0000000D)
    .ARM.Collect$$$$0000000F                 0x080000d0   Section        0  entry11a.o(.ARM.Collect$$$$0000000F)
    .ARM.Collect$$$$00002712                 0x080000d0   Section        4  entry2.o(.ARM.Collect$$$$00002712)
    __lit__00000000                          0x080000d0   Data           4  entry2.o(.ARM.Collect$$$$00002712)
    .text                                    0x080000d4   Section       28  startup_stm32f030x8.o(.text)
    .text                                    0x080000f0   Section        0  uidiv.o(.text)
    .text                                    0x0800011c   Section        0  idiv.o(.text)
    .text                                    0x08000144   Section        0  atoi.o(.text)
    .text                                    0x0800015e   Section        0  fadd.o(.text)
    .text                                    0x08000210   Section        0  fmul.o(.text)
    .text                                    0x0800028a   Section        0  fflti.o(.text)
    .text                                    0x080002a0   Section        0  ffixi.o(.text)
    .text                                    0x080002d4   Section       20  cfcmple.o(.text)
    .text                                    0x080002e8   Section       20  cfrcmple.o(.text)
    .text                                    0x080002fc   Section        0  strtol.o(.text)
    .text                                    0x0800036c   Section        0  fepilogue.o(.text)
    .text                                    0x0800036c   Section        0  iusefp.o(.text)
    .text                                    0x080003f0   Section       36  init.o(.text)
    .text                                    0x08000414   Section        0  ctype_o.o(.text)
    .text                                    0x0800041c   Section        0  _strtoul.o(.text)
    .text                                    0x080004c2   Section        0  _chval.o(.text)
    i.ADC_CH_DMA_Config                      0x080004e0   Section        0  f0_dma_adc.o(i.ADC_CH_DMA_Config)
    i.ADC_ChannelConfig                      0x080005a8   Section        0  stm32f0xx_adc.o(i.ADC_ChannelConfig)
    i.ADC_Cmd                                0x080005b2   Section        0  stm32f0xx_adc.o(i.ADC_Cmd)
    i.ADC_DMACmd                             0x080005c4   Section        0  stm32f0xx_adc.o(i.ADC_DMACmd)
    i.ADC_DMARequestModeConfig               0x080005d8   Section        0  stm32f0xx_adc.o(i.ADC_DMARequestModeConfig)
    i.ADC_DeInit                             0x080005e8   Section        0  stm32f0xx_adc.o(i.ADC_DeInit)
    i.ADC_GetCalibrationFactor               0x08000608   Section        0  stm32f0xx_adc.o(i.ADC_GetCalibrationFactor)
    i.ADC_GetFlagStatus                      0x08000636   Section        0  stm32f0xx_adc.o(i.ADC_GetFlagStatus)
    i.ADC_Init                               0x08000654   Section        0  stm32f0xx_adc.o(i.ADC_Init)
    i.ADC_StartOfConversion                  0x08000680   Section        0  stm32f0xx_adc.o(i.ADC_StartOfConversion)
    i.ADC_StructInit                         0x0800068a   Section        0  stm32f0xx_adc.o(i.ADC_StructInit)
    i.ADC_TempSensorCmd                      0x0800069c   Section        0  stm32f0xx_adc.o(i.ADC_TempSensorCmd)
    i.DMA_Cmd                                0x080006b8   Section        0  stm32f0xx_dma.o(i.DMA_Cmd)
    i.DMA_DeInit                             0x080006d0   Section        0  stm32f0xx_dma.o(i.DMA_DeInit)
    i.DMA_Init                               0x0800073c   Section        0  stm32f0xx_dma.o(i.DMA_Init)
    i.Encoder_Config                         0x08000778   Section        0  f0_timer3_encoderinterface.o(i.Encoder_Config)
    i.GPIO_Debug                             0x080007f4   Section        0  main.o(i.GPIO_Debug)
    i.GPIO_Init                              0x0800081e   Section        0  stm32f0xx_gpio.o(i.GPIO_Init)
    i.GPIO_PinAFConfig                       0x0800088e   Section        0  stm32f0xx_gpio.o(i.GPIO_PinAFConfig)
    i.GPIO_ResetBits                         0x080008ae   Section        0  stm32f0xx_gpio.o(i.GPIO_ResetBits)
    i.GPIO_SetBits                           0x080008b2   Section        0  stm32f0xx_gpio.o(i.GPIO_SetBits)
    i.GPIO_config                            0x080008b6   Section        0  main.o(i.GPIO_config)
    i.Get_Encoder                            0x080008e0   Section        0  f0_timer3_encoderinterface.o(i.Get_Encoder)
    i.HardFault_Handler                      0x080008ec   Section        0  stm32f0xx_it.o(i.HardFault_Handler)
    i.NMI_Handler                            0x080008ee   Section        0  stm32f0xx_it.o(i.NMI_Handler)
    i.NVIC_Init                              0x080008f0   Section        0  stm32f0xx_misc.o(i.NVIC_Init)
    i.PID_                                   0x08000940   Section        0  pid.o(i.PID_)
    i.PID_Init                               0x08000948   Section        0  pid.o(i.PID_Init)
    i.PID_VanToc                             0x080009ac   Section        0  pid.o(i.PID_VanToc)
    i.PendSV_Handler                         0x08000b10   Section        0  stm32f0xx_it.o(i.PendSV_Handler)
    i.RCC_AHBPeriphClockCmd                  0x08000b14   Section        0  stm32f0xx_rcc.o(i.RCC_AHBPeriphClockCmd)
    i.RCC_APB1PeriphClockCmd                 0x08000b2c   Section        0  stm32f0xx_rcc.o(i.RCC_APB1PeriphClockCmd)
    i.RCC_APB2PeriphClockCmd                 0x08000b44   Section        0  stm32f0xx_rcc.o(i.RCC_APB2PeriphClockCmd)
    i.RCC_APB2PeriphResetCmd                 0x08000b5c   Section        0  stm32f0xx_rcc.o(i.RCC_APB2PeriphResetCmd)
    i.RCC_GetClocksFreq                      0x08000b74   Section        0  stm32f0xx_rcc.o(i.RCC_GetClocksFreq)
    i.Reset_Encoder                          0x08000c5c   Section        0  f0_timer3_encoderinterface.o(i.Reset_Encoder)
    i.SVC_Handler                            0x08000c68   Section        0  stm32f0xx_it.o(i.SVC_Handler)
    i.SetSysClock                            0x08000c6c   Section        0  system_stm32f0xx.o(i.SetSysClock)
    SetSysClock                              0x08000c6d   Thumb Code   142  system_stm32f0xx.o(i.SetSysClock)
    i.SysTick_Handler                        0x08000d04   Section        0  stm32f0xx_it.o(i.SysTick_Handler)
    i.SystemInit                             0x08000d0c   Section        0  system_stm32f0xx.o(i.SystemInit)
    i.SystemTick                             0x08000d6c   Section        0  main.o(i.SystemTick)
    i.TIM16_Config                           0x08000d98   Section        0  f0_timer14.o(i.TIM16_Config)
    i.TIM16_IRQHandler                       0x08000dec   Section        0  stm32f0xx_it.o(i.TIM16_IRQHandler)
    i.TIM_ClearITPendingBit                  0x08000e98   Section        0  stm32f0xx_tim.o(i.TIM_ClearITPendingBit)
    i.TIM_Cmd                                0x08000e9e   Section        0  stm32f0xx_tim.o(i.TIM_Cmd)
    i.TIM_CtrlPWMOutputs                     0x08000eb2   Section        0  stm32f0xx_tim.o(i.TIM_CtrlPWMOutputs)
    i.TIM_EncoderInterfaceConfig             0x08000ecc   Section        0  stm32f0xx_tim.o(i.TIM_EncoderInterfaceConfig)
    i.TIM_GetITStatus                        0x08000efc   Section        0  stm32f0xx_tim.o(i.TIM_GetITStatus)
    i.TIM_ITConfig                           0x08000f14   Section        0  stm32f0xx_tim.o(i.TIM_ITConfig)
    i.TIM_OC1Init                            0x08000f24   Section        0  stm32f0xx_tim.o(i.TIM_OC1Init)
    i.TIM_OC3Init                            0x08000fa0   Section        0  stm32f0xx_tim.o(i.TIM_OC3Init)
    i.TIM_PWM_Config                         0x08001028   Section        0  f0_timer1_pwm.o(i.TIM_PWM_Config)
    i.TIM_SetCompare3                        0x080010d0   Section        0  stm32f0xx_tim.o(i.TIM_SetCompare3)
    i.TIM_TimeBaseInit                       0x080010d4   Section        0  stm32f0xx_tim.o(i.TIM_TimeBaseInit)
    i.TimingDelay_Decrement                  0x08001148   Section        0  main.o(i.TimingDelay_Decrement)
    i.USART1_IRQHandler                      0x0800115c   Section        0  stm32f0xx_it.o(i.USART1_IRQHandler)
    i.USART_ClearFlag                        0x080011cc   Section        0  stm32f0xx_usart.o(i.USART_ClearFlag)
    i.USART_Cmd                              0x080011d0   Section        0  stm32f0xx_usart.o(i.USART_Cmd)
    i.USART_Config                           0x080011e4   Section        0  f0_usart.o(i.USART_Config)
    i.USART_GetFlagStatus                    0x08001278   Section        0  stm32f0xx_usart.o(i.USART_GetFlagStatus)
    i.USART_GetITStatus                      0x08001286   Section        0  stm32f0xx_usart.o(i.USART_GetITStatus)
    i.USART_ITConfig                         0x080012be   Section        0  stm32f0xx_usart.o(i.USART_ITConfig)
    i.USART_Init                             0x080012e8   Section        0  stm32f0xx_usart.o(i.USART_Init)
    i.USART_ReceiveData                      0x08001374   Section        0  stm32f0xx_usart.o(i.USART_ReceiveData)
    i.USART_SendData                         0x0800137c   Section        0  stm32f0xx_usart.o(i.USART_SendData)
    i.__0printf$1                            0x08001384   Section        0  printf1.o(i.__0printf$1)
    i.__aeabi_errno_addr                     0x080013a4   Section        0  errno.o(i.__aeabi_errno_addr)
    i.__scatterload_copy                     0x080013ac   Section       14  handlers.o(i.__scatterload_copy)
    i.__scatterload_null                     0x080013ba   Section        2  handlers.o(i.__scatterload_null)
    i.__scatterload_zeroinit                 0x080013bc   Section       14  handlers.o(i.__scatterload_zeroinit)
    i._printf_core                           0x080013cc   Section        0  printf1.o(i._printf_core)
    _printf_core                             0x080013cd   Thumb Code   332  printf1.o(i._printf_core)
    i.fputc                                  0x0800151c   Section        0  f0_usart.o(i.fputc)
    i.main                                   0x0800156c   Section        0  main.o(i.main)
    .constdata                               0x080015c4   Section      129  ctype_o.o(.constdata)
    .constdata                               0x08001648   Section        4  ctype_o.o(.constdata)
    table                                    0x08001648   Data           4  ctype_o.o(.constdata)
    .data                                    0x20000000   Section       16  stm32f0xx_rcc.o(.data)
    APBAHBPrescTable                         0x20000000   Data          16  stm32f0xx_rcc.o(.data)
    .data                                    0x20000010   Section        4  main.o(.data)
    TimingDelay                              0x20000010   Data           4  main.o(.data)
    .data                                    0x20000014   Section       20  stm32f0xx_it.o(.data)
    .data                                    0x20000028   Section        8  f0_usart.o(.data)
    last                                     0x20000028   Data           4  f0_usart.o(.data)
    last                                     0x2000002c   Data           4  f0_usart.o(.data)
    .data                                    0x20000030   Section        4  f0_usart.o(.data)
    .data                                    0x20000034   Section        2  f0_dma_adc.o(.data)
    .data                                    0x20000038   Section       12  pid.o(.data)
    .data                                    0x20000044   Section        4  errno.o(.data)
    _errno                                   0x20000044   Data           4  errno.o(.data)
    .bss                                     0x20000048   Section      136  pid.o(.bss)
    STACK                                    0x200000d0   Section     1024  startup_stm32f030x8.o(STACK)

    Global Symbols

    Symbol Name                              Value     Ov Type        Size  Object(Section)

    BuildAttributes$$THM_ISAv3M$S$PE$A:L22$X:L11$S22$IEEE1$IW$USESV6$~STKCKD$USESV7$~SHL$OTIME$ROPI$EBA8$MICROLIB$REQ8$PRES8$EABIv2 0x00000000   Number         0  anon$$obj.o ABSOLUTE
    __ARM_use_no_argv                        0x00000000   Number         0  main.o ABSOLUTE
    __use_no_errno                           0x00000000   Number         0  useno.o ABSOLUTE
    __use_no_exception_handling              0x00000000   Number         0  useno.o ABSOLUTE
    __use_no_fp                              0x00000000   Number         0  useno.o ABSOLUTE
    __use_no_heap                            0x00000000   Number         0  useno.o ABSOLUTE
    __use_no_heap_region                     0x00000000   Number         0  useno.o ABSOLUTE
    __use_no_semihosting                     0x00000000   Number         0  useno.o ABSOLUTE
    __use_no_semihosting_swi                 0x00000000   Number         0  useno.o ABSOLUTE
    __use_no_signal_handling                 0x00000000   Number         0  useno.o ABSOLUTE
    _printf_a                                0x00000000   Number         0  stubs.o ABSOLUTE
    _printf_c                                0x00000000   Number         0  stubs.o ABSOLUTE
    _printf_charcount                        0x00000000   Number         0  stubs.o ABSOLUTE
    _printf_d                                0x00000000   Number         0  stubs.o ABSOLUTE
    _printf_e                                0x00000000   Number         0  stubs.o ABSOLUTE
    _printf_f                                0x00000000   Number         0  stubs.o ABSOLUTE
    _printf_flags                            0x00000000   Number         0  stubs.o ABSOLUTE
    _printf_fp_dec                           0x00000000   Number         0  stubs.o ABSOLUTE
    _printf_fp_hex                           0x00000000   Number         0  stubs.o ABSOLUTE
    _printf_g                                0x00000000   Number         0  stubs.o ABSOLUTE
    _printf_i                                0x00000000   Number         0  stubs.o ABSOLUTE
    _printf_int_dec                          0x00000000   Number         0  stubs.o ABSOLUTE
    _printf_l                                0x00000000   Number         0  stubs.o ABSOLUTE
    _printf_lc                               0x00000000   Number         0  stubs.o ABSOLUTE
    _printf_ll                               0x00000000   Number         0  stubs.o ABSOLUTE
    _printf_lld                              0x00000000   Number         0  stubs.o ABSOLUTE
    _printf_lli                              0x00000000   Number         0  stubs.o ABSOLUTE
    _printf_llo                              0x00000000   Number         0  stubs.o ABSOLUTE
    _printf_llu                              0x00000000   Number         0  stubs.o ABSOLUTE
    _printf_llx                              0x00000000   Number         0  stubs.o ABSOLUTE
    _printf_longlong_dec                     0x00000000   Number         0  stubs.o ABSOLUTE
    _printf_longlong_hex                     0x00000000   Number         0  stubs.o ABSOLUTE
    _printf_longlong_oct                     0x00000000   Number         0  stubs.o ABSOLUTE
    _printf_ls                               0x00000000   Number         0  stubs.o ABSOLUTE
    _printf_mbtowc                           0x00000000   Number         0  stubs.o ABSOLUTE
    _printf_n                                0x00000000   Number         0  stubs.o ABSOLUTE
    _printf_o                                0x00000000   Number         0  stubs.o ABSOLUTE
    _printf_p                                0x00000000   Number         0  stubs.o ABSOLUTE
    _printf_percent                          0x00000000   Number         0  stubs.o ABSOLUTE
    _printf_pre_padding                      0x00000000   Number         0  stubs.o ABSOLUTE
    _printf_return_value                     0x00000000   Number         0  stubs.o ABSOLUTE
    _printf_s                                0x00000000   Number         0  stubs.o ABSOLUTE
    _printf_sizespec                         0x00000000   Number         0  stubs.o ABSOLUTE
    _printf_str                              0x00000000   Number         0  stubs.o ABSOLUTE
    _printf_truncate_signed                  0x00000000   Number         0  stubs.o ABSOLUTE
    _printf_truncate_unsigned                0x00000000   Number         0  stubs.o ABSOLUTE
    _printf_u                                0x00000000   Number         0  stubs.o ABSOLUTE
    _printf_wc                               0x00000000   Number         0  stubs.o ABSOLUTE
    _printf_wctomb                           0x00000000   Number         0  stubs.o ABSOLUTE
    _printf_widthprec                        0x00000000   Number         0  stubs.o ABSOLUTE
    _printf_x                                0x00000000   Number         0  stubs.o ABSOLUTE
    __cpp_initialize__aeabi_                  - Undefined Weak Reference
    __cxa_finalize                            - Undefined Weak Reference
    __decompress                              - Undefined Weak Reference
    _clock_init                               - Undefined Weak Reference
    _microlib_exit                            - Undefined Weak Reference
    __Vectors_Size                           0x000000c0   Number         0  startup_stm32f030x8.o ABSOLUTE
    __Vectors                                0x08000000   Data           4  startup_stm32f030x8.o(RESET)
    __Vectors_End                            0x080000c0   Data           0  startup_stm32f030x8.o(RESET)
    __main                                   0x080000c1   Thumb Code     0  entry.o(.ARM.Collect$$$$00000000)
    _main_stk                                0x080000c1   Thumb Code     0  entry2.o(.ARM.Collect$$$$00000001)
    _main_scatterload                        0x080000c5   Thumb Code     0  entry5.o(.ARM.Collect$$$$00000004)
    __main_after_scatterload                 0x080000c9   Thumb Code     0  entry5.o(.ARM.Collect$$$$00000004)
    _main_clock                              0x080000c9   Thumb Code     0  entry7b.o(.ARM.Collect$$$$00000008)
    _main_cpp_init                           0x080000c9   Thumb Code     0  entry8b.o(.ARM.Collect$$$$0000000A)
    _main_init                               0x080000c9   Thumb Code     0  entry9a.o(.ARM.Collect$$$$0000000B)
    __rt_final_cpp                           0x080000d1   Thumb Code     0  entry10a.o(.ARM.Collect$$$$0000000D)
    __rt_final_exit                          0x080000d1   Thumb Code     0  entry11a.o(.ARM.Collect$$$$0000000F)
    Reset_Handler                            0x080000d5   Thumb Code     8  startup_stm32f030x8.o(.text)
    ADC1_COMP_IRQHandler                     0x080000e7   Thumb Code     0  startup_stm32f030x8.o(.text)
    CEC_IRQHandler                           0x080000e7   Thumb Code     0  startup_stm32f030x8.o(.text)
    DMA1_Channel1_IRQHandler                 0x080000e7   Thumb Code     0  startup_stm32f030x8.o(.text)
    DMA1_Channel2_3_IRQHandler               0x080000e7   Thumb Code     0  startup_stm32f030x8.o(.text)
    DMA1_Channel4_5_IRQHandler               0x080000e7   Thumb Code     0  startup_stm32f030x8.o(.text)
    EXTI0_1_IRQHandler                       0x080000e7   Thumb Code     0  startup_stm32f030x8.o(.text)
    EXTI2_3_IRQHandler                       0x080000e7   Thumb Code     0  startup_stm32f030x8.o(.text)
    EXTI4_15_IRQHandler                      0x080000e7   Thumb Code     0  startup_stm32f030x8.o(.text)
    FLASH_IRQHandler                         0x080000e7   Thumb Code     0  startup_stm32f030x8.o(.text)
    I2C1_IRQHandler                          0x080000e7   Thumb Code     0  startup_stm32f030x8.o(.text)
    I2C2_IRQHandler                          0x080000e7   Thumb Code     0  startup_stm32f030x8.o(.text)
    PVD_IRQHandler                           0x080000e7   Thumb Code     0  startup_stm32f030x8.o(.text)
    RCC_IRQHandler                           0x080000e7   Thumb Code     0  startup_stm32f030x8.o(.text)
    RTC_IRQHandler                           0x080000e7   Thumb Code     0  startup_stm32f030x8.o(.text)
    SPI1_IRQHandler                          0x080000e7   Thumb Code     0  startup_stm32f030x8.o(.text)
    SPI2_IRQHandler                          0x080000e7   Thumb Code     0  startup_stm32f030x8.o(.text)
    TIM14_IRQHandler                         0x080000e7   Thumb Code     0  startup_stm32f030x8.o(.text)
    TIM15_IRQHandler                         0x080000e7   Thumb Code     0  startup_stm32f030x8.o(.text)
    TIM17_IRQHandler                         0x080000e7   Thumb Code     0  startup_stm32f030x8.o(.text)
    TIM1_BRK_UP_TRG_COM_IRQHandler           0x080000e7   Thumb Code     0  startup_stm32f030x8.o(.text)
    TIM1_CC_IRQHandler                       0x080000e7   Thumb Code     0  startup_stm32f030x8.o(.text)
    TIM2_IRQHandler                          0x080000e7   Thumb Code     0  startup_stm32f030x8.o(.text)
    TIM3_IRQHandler                          0x080000e7   Thumb Code     0  startup_stm32f030x8.o(.text)
    TIM6_DAC_IRQHandler                      0x080000e7   Thumb Code     0  startup_stm32f030x8.o(.text)
    TS_IRQHandler                            0x080000e7   Thumb Code     0  startup_stm32f030x8.o(.text)
    USART2_IRQHandler                        0x080000e7   Thumb Code     0  startup_stm32f030x8.o(.text)
    WWDG_IRQHandler                          0x080000e7   Thumb Code     0  startup_stm32f030x8.o(.text)
    __aeabi_uidiv                            0x080000f1   Thumb Code     0  uidiv.o(.text)
    __aeabi_uidivmod                         0x080000f1   Thumb Code    44  uidiv.o(.text)
    __aeabi_idiv                             0x0800011d   Thumb Code     0  idiv.o(.text)
    __aeabi_idivmod                          0x0800011d   Thumb Code    40  idiv.o(.text)
    atoi                                     0x08000145   Thumb Code    26  atoi.o(.text)
    __aeabi_fadd                             0x0800015f   Thumb Code   162  fadd.o(.text)
    __aeabi_fsub                             0x08000201   Thumb Code     8  fadd.o(.text)
    __aeabi_frsub                            0x08000209   Thumb Code     8  fadd.o(.text)
    __aeabi_fmul                             0x08000211   Thumb Code   122  fmul.o(.text)
    __aeabi_i2f                              0x0800028b   Thumb Code    22  fflti.o(.text)
    __aeabi_f2iz                             0x080002a1   Thumb Code    50  ffixi.o(.text)
    __aeabi_cfcmpeq                          0x080002d5   Thumb Code     0  cfcmple.o(.text)
    __aeabi_cfcmple                          0x080002d5   Thumb Code    20  cfcmple.o(.text)
    __aeabi_cfrcmple                         0x080002e9   Thumb Code    20  cfrcmple.o(.text)
    strtol                                   0x080002fd   Thumb Code   108  strtol.o(.text)
    __I$use$fp                               0x0800036d   Thumb Code     0  iusefp.o(.text)
    _float_round                             0x0800036d   Thumb Code    16  fepilogue.o(.text)
    _float_epilogue                          0x0800037d   Thumb Code   114  fepilogue.o(.text)
    __scatterload                            0x080003f1   Thumb Code    28  init.o(.text)
    __scatterload_rt2                        0x080003f1   Thumb Code     0  init.o(.text)
    __rt_ctype_table                         0x08000415   Thumb Code     4  ctype_o.o(.text)
    _strtoul                                 0x0800041d   Thumb Code   166  _strtoul.o(.text)
    _chval                                   0x080004c3   Thumb Code    30  _chval.o(.text)
    ADC_CH_DMA_Config                        0x080004e1   Thumb Code   188  f0_dma_adc.o(i.ADC_CH_DMA_Config)
    ADC_ChannelConfig                        0x080005a9   Thumb Code    10  stm32f0xx_adc.o(i.ADC_ChannelConfig)
    ADC_Cmd                                  0x080005b3   Thumb Code    18  stm32f0xx_adc.o(i.ADC_Cmd)
    ADC_DMACmd                               0x080005c5   Thumb Code    20  stm32f0xx_adc.o(i.ADC_DMACmd)
    ADC_DMARequestModeConfig                 0x080005d9   Thumb Code    16  stm32f0xx_adc.o(i.ADC_DMARequestModeConfig)
    ADC_DeInit                               0x080005e9   Thumb Code    28  stm32f0xx_adc.o(i.ADC_DeInit)
    ADC_GetCalibrationFactor                 0x08000609   Thumb Code    46  stm32f0xx_adc.o(i.ADC_GetCalibrationFactor)
    ADC_GetFlagStatus                        0x08000637   Thumb Code    28  stm32f0xx_adc.o(i.ADC_GetFlagStatus)
    ADC_Init                                 0x08000655   Thumb Code    38  stm32f0xx_adc.o(i.ADC_Init)
    ADC_StartOfConversion                    0x08000681   Thumb Code    10  stm32f0xx_adc.o(i.ADC_StartOfConversion)
    ADC_StructInit                           0x0800068b   Thumb Code    16  stm32f0xx_adc.o(i.ADC_StructInit)
    ADC_TempSensorCmd                        0x0800069d   Thumb Code    22  stm32f0xx_adc.o(i.ADC_TempSensorCmd)
    DMA_Cmd                                  0x080006b9   Thumb Code    20  stm32f0xx_dma.o(i.DMA_Cmd)
    DMA_DeInit                               0x080006d1   Thumb Code   100  stm32f0xx_dma.o(i.DMA_DeInit)
    DMA_Init                                 0x0800073d   Thumb Code    56  stm32f0xx_dma.o(i.DMA_Init)
    Encoder_Config                           0x08000779   Thumb Code   120  f0_timer3_encoderinterface.o(i.Encoder_Config)
    GPIO_Debug                               0x080007f5   Thumb Code    42  main.o(i.GPIO_Debug)
    GPIO_Init                                0x0800081f   Thumb Code   112  stm32f0xx_gpio.o(i.GPIO_Init)
    GPIO_PinAFConfig                         0x0800088f   Thumb Code    32  stm32f0xx_gpio.o(i.GPIO_PinAFConfig)
    GPIO_ResetBits                           0x080008af   Thumb Code     4  stm32f0xx_gpio.o(i.GPIO_ResetBits)
    GPIO_SetBits                             0x080008b3   Thumb Code     4  stm32f0xx_gpio.o(i.GPIO_SetBits)
    GPIO_config                              0x080008b7   Thumb Code    40  main.o(i.GPIO_config)
    Get_Encoder                              0x080008e1   Thumb Code     8  f0_timer3_encoderinterface.o(i.Get_Encoder)
    HardFault_Handler                        0x080008ed   Thumb Code     2  stm32f0xx_it.o(i.HardFault_Handler)
    NMI_Handler                              0x080008ef   Thumb Code     2  stm32f0xx_it.o(i.NMI_Handler)
    NVIC_Init                                0x080008f1   Thumb Code    70  stm32f0xx_misc.o(i.NVIC_Init)
    PID_                                     0x08000941   Thumb Code     8  pid.o(i.PID_)
    PID_Init                                 0x08000949   Thumb Code    74  pid.o(i.PID_Init)
    PID_VanToc                               0x080009ad   Thumb Code   324  pid.o(i.PID_VanToc)
    PendSV_Handler                           0x08000b11   Thumb Code     2  stm32f0xx_it.o(i.PendSV_Handler)
    RCC_AHBPeriphClockCmd                    0x08000b15   Thumb Code    18  stm32f0xx_rcc.o(i.RCC_AHBPeriphClockCmd)
    RCC_APB1PeriphClockCmd                   0x08000b2d   Thumb Code    18  stm32f0xx_rcc.o(i.RCC_APB1PeriphClockCmd)
    RCC_APB2PeriphClockCmd                   0x08000b45   Thumb Code    18  stm32f0xx_rcc.o(i.RCC_APB2PeriphClockCmd)
    RCC_APB2PeriphResetCmd                   0x08000b5d   Thumb Code    18  stm32f0xx_rcc.o(i.RCC_APB2PeriphResetCmd)
    RCC_GetClocksFreq                        0x08000b75   Thumb Code   208  stm32f0xx_rcc.o(i.RCC_GetClocksFreq)
    Reset_Encoder                            0x08000c5d   Thumb Code     8  f0_timer3_encoderinterface.o(i.Reset_Encoder)
    SVC_Handler                              0x08000c69   Thumb Code     2  stm32f0xx_it.o(i.SVC_Handler)
    SysTick_Handler                          0x08000d05   Thumb Code     8  stm32f0xx_it.o(i.SysTick_Handler)
    SystemInit                               0x08000d0d   Thumb Code    84  system_stm32f0xx.o(i.SystemInit)
    SystemTick                               0x08000d6d   Thumb Code    32  main.o(i.SystemTick)
    TIM16_Config                             0x08000d99   Thumb Code    76  f0_timer14.o(i.TIM16_Config)
    TIM16_IRQHandler                         0x08000ded   Thumb Code   142  stm32f0xx_it.o(i.TIM16_IRQHandler)
    TIM_ClearITPendingBit                    0x08000e99   Thumb Code     6  stm32f0xx_tim.o(i.TIM_ClearITPendingBit)
    TIM_Cmd                                  0x08000e9f   Thumb Code    20  stm32f0xx_tim.o(i.TIM_Cmd)
    TIM_CtrlPWMOutputs                       0x08000eb3   Thumb Code    24  stm32f0xx_tim.o(i.TIM_CtrlPWMOutputs)
    TIM_EncoderInterfaceConfig               0x08000ecd   Thumb Code    42  stm32f0xx_tim.o(i.TIM_EncoderInterfaceConfig)
    TIM_GetITStatus                          0x08000efd   Thumb Code    24  stm32f0xx_tim.o(i.TIM_GetITStatus)
    TIM_ITConfig                             0x08000f15   Thumb Code    16  stm32f0xx_tim.o(i.TIM_ITConfig)
    TIM_OC1Init                              0x08000f25   Thumb Code   104  stm32f0xx_tim.o(i.TIM_OC1Init)
    TIM_OC3Init                              0x08000fa1   Thumb Code   110  stm32f0xx_tim.o(i.TIM_OC3Init)
    TIM_PWM_Config                           0x08001029   Thumb Code   156  f0_timer1_pwm.o(i.TIM_PWM_Config)
    TIM_SetCompare3                          0x080010d1   Thumb Code     4  stm32f0xx_tim.o(i.TIM_SetCompare3)
    TIM_TimeBaseInit                         0x080010d5   Thumb Code    88  stm32f0xx_tim.o(i.TIM_TimeBaseInit)
    TimingDelay_Decrement                    0x08001149   Thumb Code    16  main.o(i.TimingDelay_Decrement)
    USART1_IRQHandler                        0x0800115d   Thumb Code    96  stm32f0xx_it.o(i.USART1_IRQHandler)
    USART_ClearFlag                          0x080011cd   Thumb Code     4  stm32f0xx_usart.o(i.USART_ClearFlag)
    USART_Cmd                                0x080011d1   Thumb Code    20  stm32f0xx_usart.o(i.USART_Cmd)
    USART_Config                             0x080011e5   Thumb Code   138  f0_usart.o(i.USART_Config)
    USART_GetFlagStatus                      0x08001279   Thumb Code    14  stm32f0xx_usart.o(i.USART_GetFlagStatus)
    USART_GetITStatus                        0x08001287   Thumb Code    56  stm32f0xx_usart.o(i.USART_GetITStatus)
    USART_ITConfig                           0x080012bf   Thumb Code    42  stm32f0xx_usart.o(i.USART_ITConfig)
    USART_Init                               0x080012e9   Thumb Code   128  stm32f0xx_usart.o(i.USART_Init)
    USART_ReceiveData                        0x08001375   Thumb Code     8  stm32f0xx_usart.o(i.USART_ReceiveData)
    USART_SendData                           0x0800137d   Thumb Code     8  stm32f0xx_usart.o(i.USART_SendData)
    __0printf$1                              0x08001385   Thumb Code    24  printf1.o(i.__0printf$1)
    __1printf$1                              0x08001385   Thumb Code     0  printf1.o(i.__0printf$1)
    __2printf                                0x08001385   Thumb Code     0  printf1.o(i.__0printf$1)
    __aeabi_errno_addr                       0x080013a5   Thumb Code     4  errno.o(i.__aeabi_errno_addr)
    __rt_errno_addr                          0x080013a5   Thumb Code     0  errno.o(i.__aeabi_errno_addr)
    __scatterload_copy                       0x080013ad   Thumb Code    14  handlers.o(i.__scatterload_copy)
    __scatterload_null                       0x080013bb   Thumb Code     2  handlers.o(i.__scatterload_null)
    __scatterload_zeroinit                   0x080013bd   Thumb Code    14  handlers.o(i.__scatterload_zeroinit)
    fputc                                    0x0800151d   Thumb Code    72  f0_usart.o(i.fputc)
    main                                     0x0800156d   Thumb Code    66  main.o(i.main)
    __ctype_table                            0x080015c4   Data         129  ctype_o.o(.constdata)
    Region$$Table$$Base                      0x0800164c   Number         0  anon$$obj.o(Region$$Table)
    Region$$Table$$Limit                     0x0800166c   Number         0  anon$$obj.o(Region$$Table)
    RS232_data                               0x20000014   Data           1  stm32f0xx_it.o(.data)
    speed                                    0x20000015   Data           1  stm32f0xx_it.o(.data)
    dem                                      0x20000016   Data           2  stm32f0xx_it.o(.data)
    dem1                                     0x20000018   Data           2  stm32f0xx_it.o(.data)
    UART_count                               0x2000001c   Data           4  stm32f0xx_it.o(.data)
    UART_chuoi                               0x20000020   Data           8  stm32f0xx_it.o(.data)
    __stdout                                 0x20000030   Data           4  f0_usart.o(.data)
    ADCConvertedValues                       0x20000034   Data           2  f0_dma_adc.o(.data)
    P_part                                   0x20000038   Data           4  pid.o(.data)
    I_part                                   0x2000003c   Data           4  pid.o(.data)
    D_part                                   0x20000040   Data           4  pid.o(.data)
    PIDVel_X                                 0x20000048   Data          68  pid.o(.bss)
    PIDPos_X                                 0x2000008c   Data          68  pid.o(.bss)
    __initial_sp                             0x200004d0   Data           0  startup_stm32f030x8.o(STACK)



==============================================================================

Memory Map of the image

  Image Entry point : 0x080000c1

  Load Region LR_IROM1 (Base: 0x08000000, Size: 0x000016b4, Max: 0x00004000, ABSOLUTE)

    Execution Region ER_IROM1 (Base: 0x08000000, Size: 0x0000166c, Max: 0x00004000, ABSOLUTE)

    Base Addr    Size         Type   Attr      Idx    E Section Name        Object

    0x08000000   0x000000c0   Data   RO            3    RESET               startup_stm32f030x8.o
    0x080000c0   0x00000000   Code   RO         2322  * .ARM.Collect$$$$00000000  mc_p.l(entry.o)
    0x080000c0   0x00000004   Code   RO         2604    .ARM.Collect$$$$00000001  mc_p.l(entry2.o)
    0x080000c4   0x00000004   Code   RO         2607    .ARM.Collect$$$$00000004  mc_p.l(entry5.o)
    0x080000c8   0x00000000   Code   RO         2609    .ARM.Collect$$$$00000008  mc_p.l(entry7b.o)
    0x080000c8   0x00000000   Code   RO         2611    .ARM.Collect$$$$0000000A  mc_p.l(entry8b.o)
    0x080000c8   0x00000008   Code   RO         2612    .ARM.Collect$$$$0000000B  mc_p.l(entry9a.o)
    0x080000d0   0x00000000   Code   RO         2614    .ARM.Collect$$$$0000000D  mc_p.l(entry10a.o)
    0x080000d0   0x00000000   Code   RO         2616    .ARM.Collect$$$$0000000F  mc_p.l(entry11a.o)
    0x080000d0   0x00000004   Code   RO         2605    .ARM.Collect$$$$00002712  mc_p.l(entry2.o)
    0x080000d4   0x0000001c   Code   RO            4    .text               startup_stm32f030x8.o
    0x080000f0   0x0000002c   Code   RO         2325    .text               mc_p.l(uidiv.o)
    0x0800011c   0x00000028   Code   RO         2327    .text               mc_p.l(idiv.o)
    0x08000144   0x0000001a   Code   RO         2590    .text               mc_p.l(atoi.o)
    0x0800015e   0x000000b2   Code   RO         2592    .text               mf_p.l(fadd.o)
    0x08000210   0x0000007a   Code   RO         2594    .text               mf_p.l(fmul.o)
    0x0800028a   0x00000016   Code   RO         2596    .text               mf_p.l(fflti.o)
    0x080002a0   0x00000032   Code   RO         2598    .text               mf_p.l(ffixi.o)
    0x080002d2   0x00000002   PAD
    0x080002d4   0x00000014   Code   RO         2600    .text               mf_p.l(cfcmple.o)
    0x080002e8   0x00000014   Code   RO         2602    .text               mf_p.l(cfrcmple.o)
    0x080002fc   0x00000070   Code   RO         2627    .text               mc_p.l(strtol.o)
    0x0800036c   0x00000000   Code   RO         2629    .text               mc_p.l(iusefp.o)
    0x0800036c   0x00000082   Code   RO         2630    .text               mf_p.l(fepilogue.o)
    0x080003ee   0x00000002   PAD
    0x080003f0   0x00000024   Code   RO         2642    .text               mc_p.l(init.o)
    0x08000414   0x00000008   Code   RO         2650    .text               mc_p.l(ctype_o.o)
    0x0800041c   0x000000a6   Code   RO         2678    .text               mc_p.l(_strtoul.o)
    0x080004c2   0x0000001e   Code   RO         2684    .text               mc_p.l(_chval.o)
    0x080004e0   0x000000c8   Code   RO         2224    i.ADC_CH_DMA_Config  f0_dma_adc.o
    0x080005a8   0x0000000a   Code   RO          733    i.ADC_ChannelConfig  stm32f0xx_adc.o
    0x080005b2   0x00000012   Code   RO          736    i.ADC_Cmd           stm32f0xx_adc.o
    0x080005c4   0x00000014   Code   RO          738    i.ADC_DMACmd        stm32f0xx_adc.o
    0x080005d8   0x00000010   Code   RO          739    i.ADC_DMARequestModeConfig  stm32f0xx_adc.o
    0x080005e8   0x00000020   Code   RO          740    i.ADC_DeInit        stm32f0xx_adc.o
    0x08000608   0x0000002e   Code   RO          742    i.ADC_GetCalibrationFactor  stm32f0xx_adc.o
    0x08000636   0x0000001c   Code   RO          744    i.ADC_GetFlagStatus  stm32f0xx_adc.o
    0x08000652   0x00000002   PAD
    0x08000654   0x0000002c   Code   RO          747    i.ADC_Init          stm32f0xx_adc.o
    0x08000680   0x0000000a   Code   RO          750    i.ADC_StartOfConversion  stm32f0xx_adc.o
    0x0800068a   0x00000010   Code   RO          752    i.ADC_StructInit    stm32f0xx_adc.o
    0x0800069a   0x00000002   PAD
    0x0800069c   0x0000001c   Code   RO          753    i.ADC_TempSensorCmd  stm32f0xx_adc.o
    0x080006b8   0x00000018   Code   RO          921    i.DMA_Cmd           stm32f0xx_dma.o
    0x080006d0   0x0000006c   Code   RO          922    i.DMA_DeInit        stm32f0xx_dma.o
    0x0800073c   0x0000003c   Code   RO          927    i.DMA_Init          stm32f0xx_dma.o
    0x08000778   0x0000007c   Code   RO         2161    i.Encoder_Config    f0_timer3_encoderinterface.o
    0x080007f4   0x0000002a   Code   RO         1870    i.GPIO_Debug        main.o
    0x0800081e   0x00000070   Code   RO          156    i.GPIO_Init         stm32f0xx_gpio.o
    0x0800088e   0x00000020   Code   RO          157    i.GPIO_PinAFConfig  stm32f0xx_gpio.o
    0x080008ae   0x00000004   Code   RO          163    i.GPIO_ResetBits    stm32f0xx_gpio.o
    0x080008b2   0x00000004   Code   RO          164    i.GPIO_SetBits      stm32f0xx_gpio.o
    0x080008b6   0x00000028   Code   RO         1871    i.GPIO_config       main.o
    0x080008de   0x00000002   PAD
    0x080008e0   0x0000000c   Code   RO         2162    i.Get_Encoder       f0_timer3_encoderinterface.o
    0x080008ec   0x00000002   Code   RO         1955    i.HardFault_Handler  stm32f0xx_it.o
    0x080008ee   0x00000002   Code   RO         1956    i.NMI_Handler       stm32f0xx_it.o
    0x080008f0   0x00000050   Code   RO          310    i.NVIC_Init         stm32f0xx_misc.o
    0x08000940   0x00000008   Code   RO         2253    i.PID_              pid.o
    0x08000948   0x00000064   Code   RO         2254    i.PID_Init          pid.o
    0x080009ac   0x00000164   Code   RO         2256    i.PID_VanToc        pid.o
    0x08000b10   0x00000002   Code   RO         1957    i.PendSV_Handler    stm32f0xx_it.o
    0x08000b12   0x00000002   PAD
    0x08000b14   0x00000018   Code   RO          349    i.RCC_AHBPeriphClockCmd  stm32f0xx_rcc.o
    0x08000b2c   0x00000018   Code   RO          351    i.RCC_APB1PeriphClockCmd  stm32f0xx_rcc.o
    0x08000b44   0x00000018   Code   RO          353    i.RCC_APB2PeriphClockCmd  stm32f0xx_rcc.o
    0x08000b5c   0x00000018   Code   RO          354    i.RCC_APB2PeriphResetCmd  stm32f0xx_rcc.o
    0x08000b74   0x000000e8   Code   RO          363    i.RCC_GetClocksFreq  stm32f0xx_rcc.o
    0x08000c5c   0x0000000c   Code   RO         2163    i.Reset_Encoder     f0_timer3_encoderinterface.o
    0x08000c68   0x00000002   Code   RO         1958    i.SVC_Handler       stm32f0xx_it.o
    0x08000c6a   0x00000002   PAD
    0x08000c6c   0x00000098   Code   RO         2030    i.SetSysClock       system_stm32f0xx.o
    0x08000d04   0x00000008   Code   RO         1959    i.SysTick_Handler   stm32f0xx_it.o
    0x08000d0c   0x00000060   Code   RO         2032    i.SystemInit        system_stm32f0xx.o
    0x08000d6c   0x0000002c   Code   RO         1872    i.SystemTick        main.o
    0x08000d98   0x00000054   Code   RO         2194    i.TIM16_Config      f0_timer14.o
    0x08000dec   0x000000ac   Code   RO         1960    i.TIM16_IRQHandler  stm32f0xx_it.o
    0x08000e98   0x00000006   Code   RO         1011    i.TIM_ClearITPendingBit  stm32f0xx_tim.o
    0x08000e9e   0x00000014   Code   RO         1016    i.TIM_Cmd           stm32f0xx_tim.o
    0x08000eb2   0x00000018   Code   RO         1018    i.TIM_CtrlPWMOutputs  stm32f0xx_tim.o
    0x08000eca   0x00000002   PAD
    0x08000ecc   0x00000030   Code   RO         1025    i.TIM_EncoderInterfaceConfig  stm32f0xx_tim.o
    0x08000efc   0x00000018   Code   RO         1037    i.TIM_GetITStatus   stm32f0xx_tim.o
    0x08000f14   0x00000010   Code   RO         1041    i.TIM_ITConfig      stm32f0xx_tim.o
    0x08000f24   0x0000007c   Code   RO         1045    i.TIM_OC1Init       stm32f0xx_tim.o
    0x08000fa0   0x00000088   Code   RO         1055    i.TIM_OC3Init       stm32f0xx_tim.o
    0x08001028   0x000000a8   Code   RO         2136    i.TIM_PWM_Config    f0_timer1_pwm.o
    0x080010d0   0x00000004   Code   RO         1081    i.TIM_SetCompare3   stm32f0xx_tim.o
    0x080010d4   0x00000074   Code   RO         1089    i.TIM_TimeBaseInit  stm32f0xx_tim.o
    0x08001148   0x00000014   Code   RO         1873    i.TimingDelay_Decrement  main.o
    0x0800115c   0x00000070   Code   RO         1961    i.USART1_IRQHandler  stm32f0xx_it.o
    0x080011cc   0x00000004   Code   RO         1561    i.USART_ClearFlag   stm32f0xx_usart.o
    0x080011d0   0x00000014   Code   RO         1565    i.USART_Cmd         stm32f0xx_usart.o
    0x080011e4   0x00000094   Code   RO         2067    i.USART_Config      f0_usart.o
    0x08001278   0x0000000e   Code   RO         1573    i.USART_GetFlagStatus  stm32f0xx_usart.o
    0x08001286   0x00000038   Code   RO         1574    i.USART_GetITStatus  stm32f0xx_usart.o
    0x080012be   0x0000002a   Code   RO         1576    i.USART_ITConfig    stm32f0xx_usart.o
    0x080012e8   0x0000008c   Code   RO         1577    i.USART_Init        stm32f0xx_usart.o
    0x08001374   0x00000008   Code   RO         1589    i.USART_ReceiveData  stm32f0xx_usart.o
    0x0800137c   0x00000008   Code   RO         1594    i.USART_SendData    stm32f0xx_usart.o
    0x08001384   0x00000020   Code   RO         2374    i.__0printf$1       mc_p.l(printf1.o)
    0x080013a4   0x00000008   Code   RO         2620    i.__aeabi_errno_addr  mc_p.l(errno.o)
    0x080013ac   0x0000000e   Code   RO         2688    i.__scatterload_copy  mc_p.l(handlers.o)
    0x080013ba   0x00000002   Code   RO         2689    i.__scatterload_null  mc_p.l(handlers.o)
    0x080013bc   0x0000000e   Code   RO         2690    i.__scatterload_zeroinit  mc_p.l(handlers.o)
    0x080013ca   0x00000002   PAD
    0x080013cc   0x00000150   Code   RO         2381    i._printf_core      mc_p.l(printf1.o)
    0x0800151c   0x00000050   Code   RO         2073    i.fputc             f0_usart.o
    0x0800156c   0x00000058   Code   RO         1874    i.main              main.o
    0x080015c4   0x00000081   Data   RO         2651    .constdata          mc_p.l(ctype_o.o)
    0x08001645   0x00000003   PAD
    0x08001648   0x00000004   Data   RO         2652    .constdata          mc_p.l(ctype_o.o)
    0x0800164c   0x00000020   Data   RO         2686    Region$$Table       anon$$obj.o


    Execution Region RW_IRAM1 (Base: 0x20000000, Size: 0x000004d0, Max: 0x00001000, ABSOLUTE)

    Base Addr    Size         Type   Attr      Idx    E Section Name        Object

    0x20000000   0x00000010   Data   RW          387    .data               stm32f0xx_rcc.o
    0x20000010   0x00000004   Data   RW         1875    .data               main.o
    0x20000014   0x00000014   Data   RW         1962    .data               stm32f0xx_it.o
    0x20000028   0x00000008   Data   RW         2074    .data               f0_usart.o
    0x20000030   0x00000004   Data   RW         2075    .data               f0_usart.o
    0x20000034   0x00000002   Data   RW         2226    .data               f0_dma_adc.o
    0x20000036   0x00000002   PAD
    0x20000038   0x0000000c   Data   RW         2259    .data               pid.o
    0x20000044   0x00000004   Data   RW         2623    .data               mc_p.l(errno.o)
    0x20000048   0x00000088   Zero   RW         2258    .bss                pid.o
    0x200000d0   0x00000400   Zero   RW            1    STACK               startup_stm32f030x8.o


==============================================================================

Image component sizes


      Code (inc. data)   RO Data    RW Data    ZI Data      Debug   Object Name

       200         12          0          2          0       1373   f0_dma_adc.o
        84          8          0          0          0        595   f0_timer14.o
       168         12          0          0          0        805   f0_timer1_pwm.o
       148         12          0          0          0       2167   f0_timer3_encoderinterface.o
       228         18          0         12          0       3688   f0_usart.o
       234         38          0          4          0       9412   main.o
       464         58          0         12        136       3760   pid.o
        28          8        192          0       1024        840   startup_stm32f030x8.o
         0          0          0          0          0     137164   stm32f0308_discovery.o
       268         16          0          0          0      15846   stm32f0xx_adc.o
       192         16          0          0          0       8618   stm32f0xx_dma.o
       152          0          0          0          0      18259   stm32f0xx_gpio.o
       300         46          0         20          0       4735   stm32f0xx_it.o
        80         10          0          0          0       2384   stm32f0xx_misc.o
       328         48          0         16          0      15155   stm32f0xx_rcc.o
       518         80          0          0          0      28621   stm32f0xx_tim.o
       292         12          0          0          0      16051   stm32f0xx_usart.o
       248         22          0          0          0       1625   system_stm32f0xx.o

    ----------------------------------------------------------------------
      3944        416        224         68       1160     271098   Object Totals
         0          0         32          0          0          0   (incl. Generated)
        12          0          0          2          0          0   (incl. Padding)

    ----------------------------------------------------------------------

      Code (inc. data)   RO Data    RW Data    ZI Data      Debug   Library Member Name

        30          0          0          0          0         60   _chval.o
       166          0          0          0          0         84   _strtoul.o
        26          0          0          0          0         72   atoi.o
         8          4        133          0          0         60   ctype_o.o
         0          0          0          0          0          0   entry.o
         0          0          0          0          0          0   entry10a.o
         0          0          0          0          0          0   entry11a.o
         8          4          0          0          0          0   entry2.o
         4          0          0          0          0          0   entry5.o
         0          0          0          0          0          0   entry7b.o
         0          0          0          0          0          0   entry8b.o
         8          4          0          0          0          0   entry9a.o
         8          4          0          4          0         60   errno.o
        30          0          0          0          0          0   handlers.o
        40          0          0          0          0         72   idiv.o
        36          8          0          0          0         68   init.o
         0          0          0          0          0          0   iusefp.o
       368         12          0          0          0        168   printf1.o
       112          4          0          0          0         76   strtol.o
        44          0          0          0          0         72   uidiv.o
        20          0          0          0          0         68   cfcmple.o
        20          0          0          0          0         68   cfrcmple.o
       178          0          0          0          0        108   fadd.o
       130          0          0          0          0        144   fepilogue.o
        50          0          0          0          0         60   ffixi.o
        22          0          0          0          0         68   fflti.o
       122          0          0          0          0         72   fmul.o

    ----------------------------------------------------------------------
      1436         40        136          4          0       1380   Library Totals
         6          0          3          0          0          0   (incl. Padding)

    ----------------------------------------------------------------------

      Code (inc. data)   RO Data    RW Data    ZI Data      Debug   Library Name

       888         40        133          4          0        792   mc_p.l
       542          0          0          0          0        588   mf_p.l

    ----------------------------------------------------------------------
      1436         40        136          4          0       1380   Library Totals

    ----------------------------------------------------------------------

==============================================================================


      Code (inc. data)   RO Data    RW Data    ZI Data      Debug   

      5380        456        360         72       1160     269138   Grand Totals
      5380        456        360         72       1160     269138   ELF Image Totals
      5380        456        360         72          0          0   ROM Totals

==============================================================================

    Total RO  Size (Code + RO Data)                 5740 (   5.61kB)
    Total RW  Size (RW Data + ZI Data)              1232 (   1.20kB)
    Total ROM Size (Code + RO Data + RW Data)       5812 (   5.68kB)

==============================================================================

