<html>
<body>
<pre>
<h1>µVision Build Log</h1>
<h2>Project:</h2>
D:\HOC_TAP\File_DacBiet_QuanTrong\arm-cortexm0-stm32f0-nguyenthinh\Projects\Peripheral_Examples\IO_Toggle_PIDVanToc_Perfect\MDK-ARM\IO_Toggle.uvproj
Project File Date:  07/15/2014

<h2>Output:</h2>
Rebuild target 'IO_Toggle'
assembling startup_stm32f030x8.s...
compiling stm32f0308_discovery.c...
compiling stm32f0xx_gpio.c...
compiling stm32f0xx_misc.c...
compiling stm32f0xx_rcc.c...
compiling stm32f0xx_exti.c...
compiling stm32f0xx_syscfg.c...
compiling stm32f0xx_adc.c...
compiling stm32f0xx_dma.c...
compiling stm32f0xx_tim.c...
compiling stm32f0xx_usart.c...
compiling main.c...
compiling stm32f0xx_it.c...
compiling system_stm32f0xx.c...
compiling F0_USART.c...
compiling F0_Timer1_PWM.c...
compiling F0_Timer3_EncoderInterface.c...
compiling F0_Timer14.c...
compiling F0_DMA_ADC.c...
compiling pid.c...
linking...
Program Size: Code=5380 RO-data=360 RW-data=72 ZI-data=1160  
".\IO_Toggle\IO_Toggle.axf" - 0 Error(s), 0 Warning(s).
</pre>
</body>
</html>
